Archive member included to satisfy reference by file (symbol)

c:/program files (x86)/atmel/studio/7.0/toolchain/arm/arm-gnu-toolchain/bin/../lib/gcc/arm-none-eabi/6.3.1/thumb/v7e-m\libgcc.a(_arm_addsubdf3.o)
                              hpl/sercom/hpl_sercom.o (__aeabi_dsub)
c:/program files (x86)/atmel/studio/7.0/toolchain/arm/arm-gnu-toolchain/bin/../lib/gcc/arm-none-eabi/6.3.1/thumb/v7e-m\libgcc.a(_arm_muldivdf3.o)
                              DriveByWireIO.o (__aeabi_dmul)
c:/program files (x86)/atmel/studio/7.0/toolchain/arm/arm-gnu-toolchain/bin/../lib/gcc/arm-none-eabi/6.3.1/thumb/v7e-m\libgcc.a(_arm_fixdfsi.o)
                              main.o (__aeabi_d2iz)
c:/program files (x86)/atmel/studio/7.0/toolchain/arm/arm-gnu-toolchain/bin/../lib/gcc/arm-none-eabi/6.3.1/thumb/v7e-m\libgcc.a(_arm_fixunsdfsi.o)
                              EthernetIO.o (__aeabi_d2uiz)
c:/program files (x86)/atmel/studio/7.0/toolchain/arm/arm-gnu-toolchain/bin/../lib/gcc/arm-none-eabi/6.3.1/thumb/v7e-m\libgcc.a(_arm_truncdfsf2.o)
                              DriveByWireIO.o (__aeabi_d2f)
c:/program files (x86)/atmel/studio/7.0/toolchain/arm/arm-gnu-toolchain/bin/../lib/gcc/arm-none-eabi/6.3.1/thumb/v7e-m\libgcc.a(_aeabi_uldivmod.o)
                              hpl/sercom/hpl_sercom.o (__aeabi_uldivmod)
c:/program files (x86)/atmel/studio/7.0/toolchain/arm/arm-gnu-toolchain/bin/../lib/gcc/arm-none-eabi/6.3.1/thumb/v7e-m\libgcc.a(_udivmoddi4.o)
                              c:/program files (x86)/atmel/studio/7.0/toolchain/arm/arm-gnu-toolchain/bin/../lib/gcc/arm-none-eabi/6.3.1/thumb/v7e-m\libgcc.a(_aeabi_uldivmod.o) (__udivmoddi4)
c:/program files (x86)/atmel/studio/7.0/toolchain/arm/arm-gnu-toolchain/bin/../lib/gcc/arm-none-eabi/6.3.1/thumb/v7e-m\libgcc.a(_dvmd_tls.o)
                              c:/program files (x86)/atmel/studio/7.0/toolchain/arm/arm-gnu-toolchain/bin/../lib/gcc/arm-none-eabi/6.3.1/thumb/v7e-m\libgcc.a(_aeabi_uldivmod.o) (__aeabi_ldiv0)
c:/program files (x86)/atmel/studio/7.0/toolchain/arm/arm-gnu-toolchain/bin/../lib/gcc/arm-none-eabi/6.3.1/../../../../arm-none-eabi/lib/thumb/v7e-m\libc_nano.a(lib_a-exit.o)
                              c:/program files (x86)/atmel/studio/7.0/toolchain/arm/arm-gnu-toolchain/bin/../lib/gcc/arm-none-eabi/6.3.1/../../../../arm-none-eabi/lib/thumb/v7e-m/crt0.o (exit)
c:/program files (x86)/atmel/studio/7.0/toolchain/arm/arm-gnu-toolchain/bin/../lib/gcc/arm-none-eabi/6.3.1/../../../../arm-none-eabi/lib/thumb/v7e-m\libc_nano.a(lib_a-impure.o)
                              c:/program files (x86)/atmel/studio/7.0/toolchain/arm/arm-gnu-toolchain/bin/../lib/gcc/arm-none-eabi/6.3.1/../../../../arm-none-eabi/lib/thumb/v7e-m\libc_nano.a(lib_a-exit.o) (_global_impure_ptr)
c:/program files (x86)/atmel/studio/7.0/toolchain/arm/arm-gnu-toolchain/bin/../lib/gcc/arm-none-eabi/6.3.1/../../../../arm-none-eabi/lib/thumb/v7e-m\libc_nano.a(lib_a-init.o)
                              c:/program files (x86)/atmel/studio/7.0/toolchain/arm/arm-gnu-toolchain/bin/../lib/gcc/arm-none-eabi/6.3.1/../../../../arm-none-eabi/lib/thumb/v7e-m/crt0.o (__libc_init_array)
c:/program files (x86)/atmel/studio/7.0/toolchain/arm/arm-gnu-toolchain/bin/../lib/gcc/arm-none-eabi/6.3.1/../../../../arm-none-eabi/lib/thumb/v7e-m\libc_nano.a(lib_a-malloc.o)
                              PID.o (malloc)
c:/program files (x86)/atmel/studio/7.0/toolchain/arm/arm-gnu-toolchain/bin/../lib/gcc/arm-none-eabi/6.3.1/../../../../arm-none-eabi/lib/thumb/v7e-m\libc_nano.a(lib_a-memcmp.o)
                              lwip/lwip-1.4.0/src/netif/etharp.o (memcmp)
c:/program files (x86)/atmel/studio/7.0/toolchain/arm/arm-gnu-toolchain/bin/../lib/gcc/arm-none-eabi/6.3.1/../../../../arm-none-eabi/lib/thumb/v7e-m\libc_nano.a(lib_a-memcpy-stub.o)
                              EthernetIO.o (memcpy)
c:/program files (x86)/atmel/studio/7.0/toolchain/arm/arm-gnu-toolchain/bin/../lib/gcc/arm-none-eabi/6.3.1/../../../../arm-none-eabi/lib/thumb/v7e-m\libc_nano.a(lib_a-memset.o)
                              c:/program files (x86)/atmel/studio/7.0/toolchain/arm/arm-gnu-toolchain/bin/../lib/gcc/arm-none-eabi/6.3.1/../../../../arm-none-eabi/lib/thumb/v7e-m/crt0.o (memset)
c:/program files (x86)/atmel/studio/7.0/toolchain/arm/arm-gnu-toolchain/bin/../lib/gcc/arm-none-eabi/6.3.1/../../../../arm-none-eabi/lib/thumb/v7e-m\libc_nano.a(lib_a-nano-freer.o)
                              c:/program files (x86)/atmel/studio/7.0/toolchain/arm/arm-gnu-toolchain/bin/../lib/gcc/arm-none-eabi/6.3.1/../../../../arm-none-eabi/lib/thumb/v7e-m\libc_nano.a(lib_a-malloc.o) (_free_r)
c:/program files (x86)/atmel/studio/7.0/toolchain/arm/arm-gnu-toolchain/bin/../lib/gcc/arm-none-eabi/6.3.1/../../../../arm-none-eabi/lib/thumb/v7e-m\libc_nano.a(lib_a-nano-mallocr.o)
[...]
Memory Configuration

Name             Origin             Length             Attributes
rom              0x00000000         0x00100000         xr
ram              0x20000000         0x00040000         xrw
bkupram          0x47000000         0x00002000         xrw
qspi             0x04000000         0x01000000         xrw
*default*        0x00000000         0xffffffff

Linker script and memory map

LOAD c:/program files (x86)/atmel/studio/7.0/toolchain/arm/arm-gnu-toolchain/bin/../lib/gcc/arm-none-eabi/6.3.1/thumb/v7e-m/crti.o
LOAD c:/program files (x86)/atmel/studio/7.0/toolchain/arm/arm-gnu-toolchain/bin/../lib/gcc/arm-none-eabi/6.3.1/thumb/v7e-m/crtbegin.o
LOAD c:/program files (x86)/atmel/studio/7.0/toolchain/arm/arm-gnu-toolchain/bin/../lib/gcc/arm-none-eabi/6.3.1/../../../../arm-none-eabi/lib/thumb/v7e-m/crt0.o
LOAD atmel_start.o
LOAD Device_Startup/startup_same54.o
LOAD Device_Startup/system_same54.o
LOAD DriveByWireIO.o
LOAD driver_init.o
LOAD EthernetIO.o
LOAD ethernet_phy/ethernet_phy.o
LOAD ethernet_phy_main.o
LOAD eth_ipstack_main.o
LOAD examples/driver_examples.o
LOAD hal/src/hal_atomic.o
LOAD hal/src/hal_cache.o
LOAD hal/src/hal_delay.o
LOAD hal/src/hal_ext_irq.o
LOAD hal/src/hal_gpio.o
LOAD hal/src/hal_init.o
LOAD hal/src/hal_io.o
LOAD hal/src/hal_mac_async.o
LOAD hal/src/hal_pwm.o
LOAD hal/src/hal_sleep.o
LOAD hal/src/hal_usart_sync.o
LOAD hal/utils/src/utils_assert.o
LOAD hal/utils/src/utils_event.o
LOAD hal/utils/src/utils_list.o
LOAD hal/utils/src/utils_syscalls.o
LOAD hpl/cmcc/hpl_cmcc.o
LOAD hpl/core/hpl_core_m4.o
LOAD hpl/core/hpl_init.o
LOAD hpl/dmac/hpl_dmac.o
LOAD hpl/eic/hpl_eic.o
LOAD hpl/gclk/hpl_gclk.o
LOAD hpl/gmac/hpl_gmac.o
LOAD hpl/mclk/hpl_mclk.o
LOAD hpl/osc32kctrl/hpl_osc32kctrl.o
LOAD hpl/oscctrl/hpl_oscctrl.o
LOAD hpl/pm/hpl_pm.o
LOAD hpl/ramecc/hpl_ramecc.o
LOAD hpl/sercom/hpl_sercom.o
LOAD hpl/tc/hpl_tc.o
LOAD lwip/lwip-1.4.0/port/ethif_mac.o
LOAD lwip/lwip-1.4.0/port/sys_arch.o
LOAD lwip/lwip-1.4.0/src/api/api_lib.o
LOAD lwip/lwip-1.4.0/src/api/api_msg.o
LOAD lwip/lwip-1.4.0/src/api/err.o
LOAD lwip/lwip-1.4.0/src/api/netbuf.o
LOAD lwip/lwip-1.4.0/src/api/netdb.o
LOAD lwip/lwip-1.4.0/src/api/netifapi.o
LOAD lwip/lwip-1.4.0/src/api/sockets.o
LOAD lwip/lwip-1.4.0/src/api/tcpip.o
LOAD lwip/lwip-1.4.0/src/core/def.o
LOAD lwip/lwip-1.4.0/src/core/dhcp.o
LOAD lwip/lwip-1.4.0/src/core/dns.o
LOAD lwip/lwip-1.4.0/src/core/init.o
LOAD lwip/lwip-1.4.0/src/core/ipv4/autoip.o
LOAD lwip/lwip-1.4.0/src/core/ipv4/icmp.o
LOAD lwip/lwip-1.4.0/src/core/ipv4/igmp.o
LOAD lwip/lwip-1.4.0/src/core/ipv4/inet.o
LOAD lwip/lwip-1.4.0/src/core/ipv4/inet_chksum.o
LOAD lwip/lwip-1.4.0/src/core/ipv4/ip.o
LOAD lwip/lwip-1.4.0/src/core/ipv4/ip_addr.o
LOAD lwip/lwip-1.4.0/src/core/ipv4/ip_frag.o
LOAD lwip/lwip-1.4.0/src/core/mem.o
LOAD lwip/lwip-1.4.0/src/core/memp.o
LOAD lwip/lwip-1.4.0/src/core/netif.o
LOAD lwip/lwip-1.4.0/src/core/pbuf.o
LOAD lwip/lwip-1.4.0/src/core/raw.o
LOAD lwip/lwip-1.4.0/src/core/snmp/asn1_dec.o
LOAD lwip/lwip-1.4.0/src/core/snmp/asn1_enc.o
LOAD lwip/lwip-1.4.0/src/core/snmp/mib2.o
LOAD lwip/lwip-1.4.0/src/core/snmp/mib_structs.o
LOAD lwip/lwip-1.4.0/src/core/snmp/msg_in.o
LOAD lwip/lwip-1.4.0/src/core/snmp/msg_out.o
LOAD lwip/lwip-1.4.0/src/core/stats.o
LOAD lwip/lwip-1.4.0/src/core/sys.o
LOAD lwip/lwip-1.4.0/src/core/tcp.o
LOAD lwip/lwip-1.4.0/src/core/tcp_in.o
LOAD lwip/lwip-1.4.0/src/core/tcp_out.o
LOAD lwip/lwip-1.4.0/src/core/timers.o
LOAD lwip/lwip-1.4.0/src/core/udp.o
LOAD lwip/lwip-1.4.0/src/netif/etharp.o
LOAD lwip/lwip-1.4.0/src/netif/ppp/auth.o
LOAD lwip/lwip-1.4.0/src/netif/ppp/chap.o
LOAD lwip/lwip-1.4.0/src/netif/ppp/chpms.o
LOAD lwip/lwip-1.4.0/src/netif/ppp/fsm.o
LOAD lwip/lwip-1.4.0/src/netif/ppp/ipcp.o
LOAD lwip/lwip-1.4.0/src/netif/ppp/lcp.o
LOAD lwip/lwip-1.4.0/src/netif/ppp/magic.o
LOAD lwip/lwip-1.4.0/src/netif/ppp/md5.o
LOAD lwip/lwip-1.4.0/src/netif/ppp/pap.o
LOAD lwip/lwip-1.4.0/src/netif/ppp/ppp.o
LOAD lwip/lwip-1.4.0/src/netif/ppp/ppp_oe.o
LOAD lwip/lwip-1.4.0/src/netif/ppp/randm.o
LOAD lwip/lwip-1.4.0/src/netif/ppp/vj.o
LOAD lwip/lwip-1.4.0/src/netif/slipif.o
LOAD lwip_socket_api.o
LOAD main.o
LOAD PID.o
LOAD rtos_start.o
LOAD stdio_redirect/gcc/read.o
LOAD stdio_redirect/gcc/write.o
LOAD stdio_redirect/stdio_io.o
LOAD stdio_start.o
LOAD thirdparty/RTOS/freertos/FreeRTOSV8.2.3/rtos_port.o
LOAD thirdparty/RTOS/freertos/FreeRTOSV8.2.3/Source/croutine.o
LOAD thirdparty/RTOS/freertos/FreeRTOSV8.2.3/Source/event_groups.o
LOAD thirdparty/RTOS/freertos/FreeRTOSV8.2.3/Source/list.o
LOAD thirdparty/RTOS/freertos/FreeRTOSV8.2.3/Source/portable/GCC/ARM_CM4F/port.o
LOAD thirdparty/RTOS/freertos/FreeRTOSV8.2.3/Source/portable/MemMang/heap_2.o
LOAD thirdparty/RTOS/freertos/FreeRTOSV8.2.3/Source/queue.o
LOAD thirdparty/RTOS/freertos/FreeRTOSV8.2.3/Source/tasks.o
LOAD thirdparty/RTOS/freertos/FreeRTOSV8.2.3/Source/timers.o
LOAD webserver_tasks.o
START GROUP
LOAD c:/program files (x86)/atmel/studio/7.0/toolchain/arm/arm-gnu-toolchain/bin/../lib/gcc/arm-none-eabi/6.3.1/../../../../arm-none-eabi/lib/thumb/v7e-m\libm.a
END GROUP
START GROUP
LOAD c:/program files (x86)/atmel/studio/7.0/toolchain/arm/arm-gnu-toolchain/bin/../lib/gcc/arm-none-eabi/6.3.1/thumb/v7e-m\libgcc.a
LOAD c:/program files (x86)/atmel/studio/7.0/toolchain/arm/arm-gnu-toolchain/bin/../lib/gcc/arm-none-eabi/6.3.1/../../../../arm-none-eabi/lib/thumb/v7e-m\libc_nano.a
END GROUP
START GROUP
LOAD c:/program files (x86)/atmel/studio/7.0/toolchain/arm/arm-gnu-toolchain/bin/../lib/gcc/arm-none-eabi/6.3.1/thumb/v7e-m\libgcc.a
LOAD c:/program files (x86)/atmel/studio/7.0/toolchain/arm/arm-gnu-toolchain/bin/../lib/gcc/arm-none-eabi/6.3.1/../../../../arm-none-eabi/lib/thumb/v7e-m\libc_nano.a
END GROUP
LOAD c:/program files (x86)/atmel/studio/7.0/toolchain/arm/arm-gnu-toolchain/bin/../lib/gcc/arm-none-eabi/6.3.1/thumb/v7e-m/crtend.o
LOAD c:/program files (x86)/atmel/studio/7.0/toolchain/arm/arm-gnu-toolchain/bin/../lib/gcc/arm-none-eabi/6.3.1/thumb/v7e-m/crtn.o
                0x00010000                STACK_SIZE = DEFINED (STACK_SIZE)?STACK_SIZE:DEFINED (__stack_size__)?__stack_size__:0x10000

.text           0x00000000     0xbcc8
                0x00000000                . = ALIGN (0x4)
                0x00000000                _sfixed = .
 *(.vectors .vectors.*)
 .vectors       0x00000000      0x264 Device_Startup/startup_same54.o
                0x00000000                exception_table
 *(.text .text.* .gnu.linkonce.t.*)
 .text          0x00000264       0x6c c:/program files (x86)/atmel/studio/7.0/toolchain/arm/arm-gnu-toolchain/bin/../lib/gcc/arm-none-eabi/6.3.1/thumb/v7e-m/crtbegin.o
 .text.atmel_start_init
                0x000002d0       0x20 atmel_start.o
                0x000002d0                atmel_start_init
 .text.Dummy_Handler
                0x000002f0        0x2 Device_Startup/startup_same54.o
                0x000002f0                EIC_5_Handler
                0x000002f0                SERCOM0_2_Handler
                0x000002f0                EIC_13_Handler
                0x000002f0                EVSYS_0_Handler
                0x000002f0                TCC1_3_Handler
                0x000002f0                DAC_3_Handler
                0x000002f0                TRNG_Handler
                0x000002f0                HardFault_Handler
                0x000002f0                TC2_Handler
                0x000002f0                PDEC_2_Handler
                0x000002f0                EIC_4_Handler
                0x000002f0                AC_Handler
                0x000002f0                SERCOM3_1_Handler
                0x000002f0                TCC2_3_Handler
                0x000002f0                SERCOM3_2_Handler
                0x000002f0                TC7_Handler
                0x000002f0                ADC1_1_Handler
                0x000002f0                EVSYS_3_Handler
                0x000002f0                PDEC_0_Handler
                0x000002f0                QSPI_Handler
                0x000002f0                NonMaskableInt_Handler
                0x000002f0                TCC0_0_Handler
                0x000002f0                EIC_3_Handler
                0x000002f0                MemManagement_Handler
                0x000002f0                DAC_2_Handler
                0x000002f0                SERCOM0_0_Handler
                0x000002f0                RTC_Handler
                0x000002f0                UsageFault_Handler
                0x000002f0                SERCOM4_0_Handler
                0x000002f0                EIC_10_Handler
                0x000002f0                SERCOM0_3_Handler
                0x000002f0                EIC_11_Handler
                0x000002f0                EIC_9_Handler
                0x000002f0                OSC32KCTRL_Handler
                0x000002f0                TCC2_1_Handler
                0x000002f0                SUPC_1_Handler
                0x000002f0                TCC0_5_Handler
                0x000002f0                TCC0_6_Handler
                0x000002f0                SERCOM6_2_Handler
                0x000002f0                EVSYS_1_Handler
                0x000002f0                TCC1_4_Handler
                0x000002f0                TC6_Handler
                0x000002f0                DMAC_0_Handler
                0x000002f0                WDT_Handler
                0x000002f0                CAN0_Handler
                0x000002f0                EIC_8_Handler
                0x000002f0                EIC_15_Handler
                0x000002f0                SERCOM6_0_Handler
                0x000002f0                SERCOM5_0_Handler
                0x000002f0                TC1_Handler
                0x000002f0                OSCCTRL_4_Handler
                0x000002f0                SERCOM4_3_Handler
                0x000002f0                EIC_12_Handler
                0x000002f0                DMAC_4_Handler
                0x000002f0                TCC4_2_Handler
                0x000002f0                PAC_Handler
                0x000002f0                TCC1_0_Handler
                0x000002f0                USB_0_Handler
                0x000002f0                OSCCTRL_0_Handler
                0x000002f0                OSCCTRL_3_Handler
                0x000002f0                SERCOM4_1_Handler
                0x000002f0                TC3_Handler
                0x000002f0                Dummy_Handler
                0x000002f0                TCC3_0_Handler
                0x000002f0                TCC2_2_Handler
                0x000002f0                SERCOM5_1_Handler
                0x000002f0                TCC1_1_Handler
                0x000002f0                DMAC_2_Handler
                0x000002f0                ADC0_0_Handler
                0x000002f0                SERCOM0_1_Handler
                0x000002f0                OSCCTRL_2_Handler
                0x000002f0                ADC1_0_Handler
                0x000002f0                TCC1_2_Handler
                0x000002f0                SERCOM7_1_Handler
                0x000002f0                USB_1_Handler
                0x000002f0                PM_Handler
                0x000002f0                SERCOM6_3_Handler
                0x000002f0                SERCOM2_3_Handler
                0x000002f0                DAC_4_Handler
                0x000002f0                TCC3_2_Handler
                0x000002f0                SERCOM7_0_Handler
                0x000002f0                TCC0_2_Handler
                0x000002f0                DMAC_1_Handler
                0x000002f0                TCC4_0_Handler
                0x000002f0                SERCOM7_3_Handler
                0x000002f0                SDHC1_Handler
                0x000002f0                USB_3_Handler
                0x000002f0                SERCOM7_2_Handler
                0x000002f0                CAN1_Handler
                0x000002f0                TCC2_0_Handler
                0x000002f0                PDEC_1_Handler
                0x000002f0                TCC4_1_Handler
                0x000002f0                SERCOM5_3_Handler
                0x000002f0                USB_2_Handler
                0x000002f0                SERCOM6_1_Handler
                0x000002f0                SDHC0_Handler
                0x000002f0                SERCOM1_1_Handler
                0x000002f0                I2S_Handler
                0x000002f0                EIC_2_Handler
                0x000002f0                PCC_Handler
                0x000002f0                DAC_0_Handler
                0x000002f0                TCC0_1_Handler
                0x000002f0                SERCOM1_3_Handler
                0x000002f0                EIC_6_Handler
                0x000002f0                OSCCTRL_1_Handler
                0x000002f0                SERCOM1_0_Handler
                0x000002f0                PUKCC_Handler
                0x000002f0                SERCOM2_1_Handler
                0x000002f0                SERCOM1_2_Handler
                0x000002f0                SERCOM3_0_Handler
                0x000002f0                EIC_1_Handler
                0x000002f0                SERCOM4_2_Handler
                0x000002f0                EVSYS_4_Handler
                0x000002f0                NVMCTRL_1_Handler
                0x000002f0                SERCOM5_2_Handler
                0x000002f0                SERCOM3_3_Handler
                0x000002f0                ADC0_1_Handler
                0x000002f0                SERCOM2_2_Handler
                0x000002f0                TCC3_1_Handler
                0x000002f0                EIC_14_Handler
                0x000002f0                DAC_1_Handler
                0x000002f0                NVMCTRL_0_Handler
                0x000002f0                MCLK_Handler
                0x000002f0                EVSYS_2_Handler
                0x000002f0                SUPC_0_Handler
                0x000002f0                BusFault_Handler
                0x000002f0                FREQM_Handler
                0x000002f0                TCC0_3_Handler
                0x000002f0                DMAC_3_Handler
                0x000002f0                DebugMonitor_Handler
                0x000002f0                TCC0_4_Handler
                0x000002f0                SERCOM2_0_Handler
                0x000002f0                AES_Handler
                0x000002f0                ICM_Handler
 *fill*         0x000002f2        0x2 
 .text.Reset_Handler
                0x000002f4       0x78 Device_Startup/startup_same54.o
                0x000002f4                Reset_Handler
 .text.SetSafetyLight1On
                0x0000036c       0x18 DriveByWireIO.o
                0x0000036c                SetSafetyLight1On
 .text.SetSafetyLight2On
                0x00000384       0x18 DriveByWireIO.o
                0x00000384                SetSafetyLight2On
 .text.SetSteerDirection
                0x0000039c       0x14 DriveByWireIO.o
                0x0000039c                SetSteerDirection
 .text.SetReverseDrive
                0x000003b0       0x2c DriveByWireIO.o
                0x000003b0                SetReverseDrive
 *fill*         0x000003dc        0x4 
 .text.SetSteeringTorque
                0x000003e0       0xb4 DriveByWireIO.o
                0x000003e0                SetSteeringTorque
 .text.SetFrontBrake
                0x00000494       0x3c DriveByWireIO.o
                0x00000494                SetFrontBrake
 .text.SetAcceleration
                0x000004d0       0x5c DriveByWireIO.o
                0x000004d0                SetAcceleration
 .text._gpio_set_pin_function
                0x0000052c       0x68 driver_init.o
 .text.SteeringEncoder_IRQ_init
                0x00000594       0x9c driver_init.o
                0x00000594                SteeringEncoder_IRQ_init
 .text.TARGET_IO_PORT_init
                0x00000630       0x24 driver_init.o
                0x00000630                TARGET_IO_PORT_init
 .text.TARGET_IO_CLOCK_init
                0x00000654       0x24 driver_init.o
                0x00000654                TARGET_IO_CLOCK_init
 .text.TARGET_IO_init
                0x00000678       0x2c driver_init.o
                0x00000678                TARGET_IO_init
 .text.ACCELERATION_PORT_init
                0x000006a4       0x10 driver_init.o
                0x000006a4                ACCELERATION_PORT_init
 .text.ACCELERATION_CLOCK_init
                0x000006b4       0x1c driver_init.o
                0x000006b4                ACCELERATION_CLOCK_init
 .text.ACCELERATION_init
                0x000006d0       0x34 driver_init.o
                0x000006d0                ACCELERATION_init
 .text.STEERINGPOWER_PORT_init
                0x00000704       0x10 driver_init.o
                0x00000704                STEERINGPOWER_PORT_init
 .text.STEERINGPOWER_CLOCK_init
                0x00000714       0x1c driver_init.o
                0x00000714                STEERINGPOWER_CLOCK_init
 .text.STEERINGPOWER_init
                0x00000730       0x34 driver_init.o
                0x00000730                STEERINGPOWER_init
 .text.BRAKE_PORT_init
                0x00000764       0x10 driver_init.o
                0x00000764                BRAKE_PORT_init
 .text.BRAKE_CLOCK_init
                0x00000774       0x1c driver_init.o
                0x00000774                BRAKE_CLOCK_init
 .text.BRAKE_init
                0x00000790       0x34 driver_init.o
                0x00000790                BRAKE_init
 .text.COMMUNICATION_IO_PORT_init
                0x000007c4       0x74 driver_init.o
                0x000007c4                COMMUNICATION_IO_PORT_init
 .text.COMMUNICATION_IO_CLOCK_init
                0x00000838       0x18 driver_init.o
                0x00000838                COMMUNICATION_IO_CLOCK_init
 .text.COMMUNICATION_IO_init
                0x00000850       0x2c driver_init.o
                0x00000850                COMMUNICATION_IO_init
 .text.system_init
                0x0000087c      0x164 driver_init.o
                0x0000087c                system_init
 .text.InitializeLWIP
                0x000009e0       0x50 EthernetIO.o
                0x000009e0                InitializeLWIP
 .text.decode_ethernet_inputs
                0x00000a30      0x134 EthernetIO.o
                0x00000a30                decode_ethernet_inputs
 .text.encode_ethernet_outputs
                0x00000b64       0x74 EthernetIO.o
                0x00000b64                encode_ethernet_outputs
 .text.ethernet_thread
                0x00000bd8      0x160 EthernetIO.o
                0x00000bd8                ethernet_thread
 .text.ethernet_phy_init
                0x00000d38        0x8 ethernet_phy/ethernet_phy.o
                0x00000d38                ethernet_phy_init
 .text.ethernet_phy_get_link_status
                0x00000d40       0x28 ethernet_phy/ethernet_phy.o
                0x00000d40                ethernet_phy_get_link_status
 .text.ETHERNET_PHY_0_init
                0x00000d68       0x28 ethernet_phy_main.o
                0x00000d68                ETHERNET_PHY_0_init
 .text.ethernet_phys_init
                0x00000d90        0x8 ethernet_phy_main.o
                0x00000d90                ethernet_phys_init
 .text.TCPIP_STACK_INTERFACE_0_stack_init
                0x00000d98       0x50 eth_ipstack_main.o
                0x00000d98                TCPIP_STACK_INTERFACE_0_stack_init
 .text.TCPIP_STACK_INTERFACE_0_init
                0x00000de8       0x68 eth_ipstack_main.o
                0x00000de8                TCPIP_STACK_INTERFACE_0_init
 .text.atomic_enter_critical
                0x00000e50        0xe hal/src/hal_atomic.o
                0x00000e50                atomic_enter_critical
 .text.atomic_leave_critical
                0x00000e5e        0xc hal/src/hal_atomic.o
                0x00000e5e                atomic_leave_critical
 *fill*         0x00000e6a        0x2 
 .text.process_ext_irq
                0x00000e6c       0x40 hal/src/hal_ext_irq.o
 .text.ext_irq_init
                0x00000eac       0x24 hal/src/hal_ext_irq.o
                0x00000eac                ext_irq_init
 .text.ext_irq_register
                0x00000ed0       0xa0 hal/src/hal_ext_irq.o
                0x00000ed0                ext_irq_register
 .text.ext_irq_enable
                0x00000f70        0xc hal/src/hal_ext_irq.o
                0x00000f70                ext_irq_enable
 .text.ext_irq_disable
                0x00000f7c        0xc hal/src/hal_ext_irq.o
                0x00000f7c                ext_irq_disable
 .text.io_write
                0x00000f88        0x4 hal/src/hal_io.o
                0x00000f88                io_write
 .text.io_read  0x00000f8c        0x4 hal/src/hal_io.o
                0x00000f8c                io_read
 .text.mac_read_cb
                0x00000f90        0x8 hal/src/hal_mac_async.o
 .text.mac_write_cb
                0x00000f98        0x8 hal/src/hal_mac_async.o
 .text.mac_async_init
                0x00000fa0        0x8 hal/src/hal_mac_async.o
                0x00000fa0                mac_async_init
 .text.mac_async_enable
                0x00000fa8        0x8 hal/src/hal_mac_async.o
                0x00000fa8                mac_async_enable
 .text.mac_async_write
                0x00000fb0        0x8 hal/src/hal_mac_async.o
                0x00000fb0                mac_async_write
 .text.mac_async_read
                0x00000fb8        0x8 hal/src/hal_mac_async.o
                0x00000fb8                mac_async_read
 .text.mac_async_read_len
                0x00000fc0        0x8 hal/src/hal_mac_async.o
                0x00000fc0                mac_async_read_len
 .text.mac_async_register_callback
                0x00000fc8       0x38 hal/src/hal_mac_async.o
                0x00000fc8                mac_async_register_callback
 .text.mac_async_set_filter
                0x00001000        0x8 hal/src/hal_mac_async.o
                0x00001000                mac_async_set_filter
 .text.mac_async_read_phy_reg
                0x00001008       0x10 hal/src/hal_mac_async.o
                0x00001008                mac_async_read_phy_reg
 .text.pwm_period_expired
                0x00001018        0x8 hal/src/hal_pwm.o
 .text.pwm_detect_fault
                0x00001020        0x8 hal/src/hal_pwm.o
 .text.pwm_init
                0x00001028       0x20 hal/src/hal_pwm.o
                0x00001028                pwm_init
 .text.pwm_enable
                0x00001048       0x24 hal/src/hal_pwm.o
                0x00001048                pwm_enable
 .text.pwm_set_parameters
                0x0000106c       0x10 hal/src/hal_pwm.o
                0x0000106c                pwm_set_parameters
 .text.usart_sync_write
                0x0000107c       0x50 hal/src/hal_usart_sync.o
 .text.usart_sync_read
                0x000010cc       0x38 hal/src/hal_usart_sync.o
 .text.usart_sync_init
                0x00001104       0x24 hal/src/hal_usart_sync.o
                0x00001104                usart_sync_init
 .text.usart_sync_enable
                0x00001128       0x10 hal/src/hal_usart_sync.o
                0x00001128                usart_sync_enable
 .text._sbrk    0x00001138       0x1c hal/utils/src/utils_syscalls.o
                0x00001138                _sbrk
 .text._close   0x00001154        0x6 hal/utils/src/utils_syscalls.o
                0x00001154                _close
 .text._fstat   0x0000115a        0xa hal/utils/src/utils_syscalls.o
                0x0000115a                _fstat
 .text._isatty  0x00001164        0x4 hal/utils/src/utils_syscalls.o
                0x00001164                _isatty
 .text._lseek   0x00001168        0x4 hal/utils/src/utils_syscalls.o
                0x00001168                _lseek
 .text._init_chip
                0x0000116c       0x40 hpl/core/hpl_init.o
                0x0000116c                _init_chip
 .text._ext_irq_handler
                0x000011ac       0x8c hpl/eic/hpl_eic.o
 .text.hri_eic_wait_for_sync.constprop.6
                0x00001238       0x10 hpl/eic/hpl_eic.o
 .text._ext_irq_init
                0x00001248       0xb0 hpl/eic/hpl_eic.o
                0x00001248                _ext_irq_init
 .text._ext_irq_enable
                0x000012f8       0x3c hpl/eic/hpl_eic.o
                0x000012f8                _ext_irq_enable
 .text.EIC_0_Handler
                0x00001334        0x8 hpl/eic/hpl_eic.o
                0x00001334                EIC_0_Handler
 .text.EIC_7_Handler
                0x0000133c        0x8 hpl/eic/hpl_eic.o
                0x0000133c                EIC_7_Handler
 .text._gclk_init_generators_by_fref
                0x00001344       0x20 hpl/gclk/hpl_gclk.o
                0x00001344                _gclk_init_generators_by_fref
 .text.GMAC_Handler
                0x00001364       0x4c hpl/gmac/hpl_gmac.o
                0x00001364                GMAC_Handler
 .text._mac_async_init
                0x000013b0       0xa8 hpl/gmac/hpl_gmac.o
                0x000013b0                _mac_async_init
 .text._mac_async_enable
                0x00001458        0xe hpl/gmac/hpl_gmac.o
                0x00001458                _mac_async_enable
 *fill*         0x00001466        0x2 
 .text._mac_async_write
                0x00001468      0x100 hpl/gmac/hpl_gmac.o
                0x00001468                _mac_async_write
 .text._mac_async_read
                0x00001568       0xf4 hpl/gmac/hpl_gmac.o
                0x00001568                _mac_async_read
 .text._mac_async_read_len
                0x0000165c       0x5c hpl/gmac/hpl_gmac.o
                0x0000165c                _mac_async_read_len
 .text._mac_async_register_callback
                0x000016b8       0x28 hpl/gmac/hpl_gmac.o
                0x000016b8                _mac_async_register_callback
 .text._mac_async_set_filter
                0x000016e0       0x20 hpl/gmac/hpl_gmac.o
                0x000016e0                _mac_async_set_filter
 .text._mac_async_read_phy_reg
                0x00001700       0x3a hpl/gmac/hpl_gmac.o
                0x00001700                _mac_async_read_phy_reg
 *fill*         0x0000173a        0x2 
 .text._mclk_init
                0x0000173c        0xc hpl/mclk/hpl_mclk.o
                0x0000173c                _mclk_init
 .text._osc32kctrl_init_sources
                0x00001748       0x14 hpl/osc32kctrl/hpl_osc32kctrl.o
                0x00001748                _osc32kctrl_init_sources
 .text._oscctrl_init_sources
                0x0000175c       0x18 hpl/oscctrl/hpl_oscctrl.o
                0x0000175c                _oscctrl_init_sources
 .text._oscctrl_init_referenced_generators
                0x00001774        0x2 hpl/oscctrl/hpl_oscctrl.o
                0x00001774                _oscctrl_init_referenced_generators
 *fill*         0x00001776        0x2 
 .text.RAMECC_Handler
                0x00001778       0x3c hpl/ramecc/hpl_ramecc.o
                0x00001778                RAMECC_Handler
 .text.hri_sercomusart_wait_for_sync
                0x000017b4        0x8 hpl/sercom/hpl_sercom.o
 .text.hri_sercomusart_clear_CTRLA_ENABLE_bit
                0x000017bc       0x14 hpl/sercom/hpl_sercom.o
 .text._usart_init
                0x000017d0       0x6c hpl/sercom/hpl_sercom.o
 .text._usart_sync_init
                0x0000183c        0xc hpl/sercom/hpl_sercom.o
                0x0000183c                _usart_sync_init
 .text._usart_sync_enable
                0x00001848       0x14 hpl/sercom/hpl_sercom.o
                0x00001848                _usart_sync_enable
 .text._usart_sync_write_byte
                0x0000185c        0x6 hpl/sercom/hpl_sercom.o
                0x0000185c                _usart_sync_write_byte
 .text._usart_sync_read_byte
                0x00001862        0x8 hpl/sercom/hpl_sercom.o
                0x00001862                _usart_sync_read_byte
 .text._usart_sync_is_ready_to_send
                0x0000186a        0xa hpl/sercom/hpl_sercom.o
                0x0000186a                _usart_sync_is_ready_to_send
 .text._usart_sync_is_transmit_done
                0x00001874        0xa hpl/sercom/hpl_sercom.o
                0x00001874                _usart_sync_is_transmit_done
 .text._usart_sync_is_byte_received
                0x0000187e        0xa hpl/sercom/hpl_sercom.o
                0x0000187e                _usart_sync_is_byte_received
 .text.__NVIC_DisableIRQ
                0x00001888       0x28 hpl/tc/hpl_tc.o
 .text.hri_tc_wait_for_sync
                0x000018b0        0x8 hpl/tc/hpl_tc.o
 .text.tc_pwm_interrupt_handler
                0x000018b8       0x2e hpl/tc/hpl_tc.o
 *fill*         0x000018e6        0x2 
 .text.get_tc_index
                0x000018e8       0x60 hpl/tc/hpl_tc.o
 .text._pwm_init
                0x00001948      0x124 hpl/tc/hpl_tc.o
                0x00001948                _pwm_init
 .text._pwm_enable
                0x00001a6c       0x14 hpl/tc/hpl_tc.o
                0x00001a6c                _pwm_enable
 .text._pwm_set_param
                0x00001a80       0x58 hpl/tc/hpl_tc.o
                0x00001a80                _pwm_set_param
 .text._pwm_is_enabled
                0x00001ad8       0x18 hpl/tc/hpl_tc.o
                0x00001ad8                _pwm_is_enabled
 .text._tc_get_pwm
                0x00001af0        0x4 hpl/tc/hpl_tc.o
                0x00001af0                _tc_get_pwm
 .text.TC0_Handler
                0x00001af4       0x10 hpl/tc/hpl_tc.o
                0x00001af4                TC0_Handler
 .text.TC4_Handler
                0x00001b04       0x10 hpl/tc/hpl_tc.o
                0x00001b04                TC4_Handler
 .text.TC5_Handler
                0x00001b14       0x10 hpl/tc/hpl_tc.o
                0x00001b14                TC5_Handler
 .text.mac_low_level_init
                0x00001b24       0x28 lwip/lwip-1.4.0/port/ethif_mac.o
                0x00001b24                mac_low_level_init
 .text.mac_low_level_output
                0x00001b4c       0x8c lwip/lwip-1.4.0/port/ethif_mac.o
                0x00001b4c                mac_low_level_output
 .text.ethernetif_mac_input
                0x00001bd8       0x94 lwip/lwip-1.4.0/port/ethif_mac.o
                0x00001bd8                ethernetif_mac_input
 .text.sys_init
                0x00001c6c        0xc lwip/lwip-1.4.0/port/sys_arch.o
                0x00001c6c                sys_init
 .text.sys_sem_new
                0x00001c78       0x60 lwip/lwip-1.4.0/port/sys_arch.o
                0x00001c78                sys_sem_new
 .text.sys_sem_signal
                0x00001cd8       0x20 lwip/lwip-1.4.0/port/sys_arch.o
                0x00001cd8                sys_sem_signal
 .text.sys_arch_sem_wait
                0x00001cf8       0x58 lwip/lwip-1.4.0/port/sys_arch.o
                0x00001cf8                sys_arch_sem_wait
 .text.sys_sem_valid
                0x00001d50        0x4 lwip/lwip-1.4.0/port/sys_arch.o
                0x00001d50                sys_sem_valid
 .text.sys_sem_set_invalid
                0x00001d54        0x6 lwip/lwip-1.4.0/port/sys_arch.o
                0x00001d54                sys_sem_set_invalid
 *fill*         0x00001d5a        0x2 
 .text.sys_mbox_new
                0x00001d5c       0x24 lwip/lwip-1.4.0/port/sys_arch.o
                0x00001d5c                sys_mbox_new
 .text.sys_mbox_free
                0x00001d80       0x10 lwip/lwip-1.4.0/port/sys_arch.o
                0x00001d80                sys_mbox_free
 .text.sys_sem_free
                0x00001d90        0x8 lwip/lwip-1.4.0/port/sys_arch.o
                0x00001d90                sys_sem_free
 .text.sys_mbox_post
                0x00001d98       0x24 lwip/lwip-1.4.0/port/sys_arch.o
                0x00001d98                sys_mbox_post
 .text.sys_mbox_trypost
                0x00001dbc       0x6c lwip/lwip-1.4.0/port/sys_arch.o
                0x00001dbc                sys_mbox_trypost
 .text.sys_arch_mbox_fetch
                0x00001e28       0x64 lwip/lwip-1.4.0/port/sys_arch.o
                0x00001e28                sys_arch_mbox_fetch
 .text.sys_arch_mbox_tryfetch
                0x00001e8c       0x28 lwip/lwip-1.4.0/port/sys_arch.o
                0x00001e8c                sys_arch_mbox_tryfetch
 .text.sys_mbox_valid
                0x00001eb4        0x4 lwip/lwip-1.4.0/port/sys_arch.o
                0x00001eb4                sys_mbox_valid
 .text.sys_mbox_set_invalid
                0x00001eb8        0x6 lwip/lwip-1.4.0/port/sys_arch.o
                0x00001eb8                sys_mbox_set_invalid
 *fill*         0x00001ebe        0x2 
 .text.sys_thread_new
                0x00001ec0       0x40 lwip/lwip-1.4.0/port/sys_arch.o
                0x00001ec0                sys_thread_new
 .text.netconn_recv_data
                0x00001f00       0xac lwip/lwip-1.4.0/src/api/api_lib.o
 .text.netconn_new_with_proto_and_callback
                0x00001fac       0x5c lwip/lwip-1.4.0/src/api/api_lib.o
                0x00001fac                netconn_new_with_proto_and_callback
 .text.netconn_delete
                0x00002008       0x2c lwip/lwip-1.4.0/src/api/api_lib.o
                0x00002008                netconn_delete
 .text.netconn_getaddr
                0x00002034       0x3c lwip/lwip-1.4.0/src/api/api_lib.o
                0x00002034                netconn_getaddr
 .text.netconn_bind
                0x00002070       0x34 lwip/lwip-1.4.0/src/api/api_lib.o
                0x00002070                netconn_bind
 .text.netconn_recv_tcp_pbuf
                0x000020a4       0x14 lwip/lwip-1.4.0/src/api/api_lib.o
                0x000020a4                netconn_recv_tcp_pbuf
 .text.netconn_recv
                0x000020b8       0x84 lwip/lwip-1.4.0/src/api/api_lib.o
                0x000020b8                netconn_recv
 .text.netconn_recved
                0x0000213c       0x2c lwip/lwip-1.4.0/src/api/api_lib.o
                0x0000213c                netconn_recved
 .text.netconn_send
                0x00002168       0x30 lwip/lwip-1.4.0/src/api/api_lib.o
                0x00002168                netconn_send
 .text.netconn_write_partly
                0x00002198       0x6c lwip/lwip-1.4.0/src/api/api_lib.o
                0x00002198                netconn_write_partly
 .text.err_tcp  0x00002204       0x94 lwip/lwip-1.4.0/src/api/api_msg.o
 .text.recv_udp
                0x00002298       0x80 lwip/lwip-1.4.0/src/api/api_msg.o
 .text.setup_tcp
                0x00002318       0x58 lwip/lwip-1.4.0/src/api/api_msg.o
 .text.do_writemore
                0x00002370      0x110 lwip/lwip-1.4.0/src/api/api_msg.o
 .text.do_close_internal
                0x00002480      0x110 lwip/lwip-1.4.0/src/api/api_msg.o
 .text.poll_tcp
                0x00002590       0x54 lwip/lwip-1.4.0/src/api/api_msg.o
 .text.sent_tcp
                0x000025e4       0x54 lwip/lwip-1.4.0/src/api/api_msg.o
 .text.recv_tcp
                0x00002638       0x80 lwip/lwip-1.4.0/src/api/api_msg.o
 .text.do_newconn
                0x000026b8       0x7c lwip/lwip-1.4.0/src/api/api_msg.o
                0x000026b8                do_newconn
 .text.netconn_alloc
                0x00002734       0x78 lwip/lwip-1.4.0/src/api/api_msg.o
                0x00002734                netconn_alloc
 .text.netconn_free
                0x000027ac       0x2c lwip/lwip-1.4.0/src/api/api_msg.o
                0x000027ac                netconn_free
 .text.netconn_drain
                0x000027d8       0xc4 lwip/lwip-1.4.0/src/api/api_msg.o
 .text.do_delconn
                0x0000289c       0x98 lwip/lwip-1.4.0/src/api/api_msg.o
                0x0000289c                do_delconn
 .text.do_bind  0x00002934       0x58 lwip/lwip-1.4.0/src/api/api_msg.o
                0x00002934                do_bind
 .text.do_send  0x0000298c       0x60 lwip/lwip-1.4.0/src/api/api_msg.o
                0x0000298c                do_send
 .text.do_recv  0x000029ec       0x48 lwip/lwip-1.4.0/src/api/api_msg.o
                0x000029ec                do_recv
 .text.do_write
                0x00002a34       0x44 lwip/lwip-1.4.0/src/api/api_msg.o
                0x00002a34                do_write
 .text.do_getaddr
                0x00002a78       0x5c lwip/lwip-1.4.0/src/api/api_msg.o
                0x00002a78                do_getaddr
 .text.netbuf_delete
                0x00002ad4       0x2c lwip/lwip-1.4.0/src/api/netbuf.o
                0x00002ad4                netbuf_delete
 .text.netbuf_free
                0x00002b00       0x1c lwip/lwip-1.4.0/src/api/netbuf.o
                0x00002b00                netbuf_free
 .text.netbuf_ref
                0x00002b1c       0x40 lwip/lwip-1.4.0/src/api/netbuf.o
                0x00002b1c                netbuf_ref
 .text.get_socket
                0x00002b5c       0x20 lwip/lwip-1.4.0/src/api/sockets.o
 .text.alloc_socket
                0x00002b7c       0x50 lwip/lwip-1.4.0/src/api/sockets.o
 .text.event_callback
                0x00002bcc       0xe0 lwip/lwip-1.4.0/src/api/sockets.o
 .text.lwip_setsockopt_internal
                0x00002cac       0xac lwip/lwip-1.4.0/src/api/sockets.o
 .text.lwip_socket_init
                0x00002d58        0x2 lwip/lwip-1.4.0/src/api/sockets.o
                0x00002d58                lwip_socket_init
 *fill*         0x00002d5a        0x2 
 .text.lwip_bind
                0x00002d5c       0x64 lwip/lwip-1.4.0/src/api/sockets.o
                0x00002d5c                lwip_bind
 .text.lwip_recvfrom
                0x00002dc0      0x1d4 lwip/lwip-1.4.0/src/api/sockets.o
                0x00002dc0                lwip_recvfrom
 .text.lwip_recv
                0x00002f94       0x14 lwip/lwip-1.4.0/src/api/sockets.o
                0x00002f94                lwip_recv
 .text.lwip_sendto
                0x00002fa8       0xc0 lwip/lwip-1.4.0/src/api/sockets.o
                0x00002fa8                lwip_sendto
 .text.lwip_send
                0x00003068       0x84 lwip/lwip-1.4.0/src/api/sockets.o
                0x00003068                lwip_send
 .text.lwip_socket
                0x000030ec       0x7c lwip/lwip-1.4.0/src/api/sockets.o
                0x000030ec                lwip_socket
 .text.lwip_setsockopt
                0x00003168       0xd8 lwip/lwip-1.4.0/src/api/sockets.o
                0x00003168                lwip_setsockopt
 .text.tcpip_thread
                0x00003240       0x9c lwip/lwip-1.4.0/src/api/tcpip.o
 .text.tcpip_input
                0x000032dc       0x54 lwip/lwip-1.4.0/src/api/tcpip.o
                0x000032dc                tcpip_input
 .text.tcpip_callback_with_block
                0x00003330       0x64 lwip/lwip-1.4.0/src/api/tcpip.o
                0x00003330                tcpip_callback_with_block
 .text.tcpip_apimsg
                0x00003394       0x48 lwip/lwip-1.4.0/src/api/tcpip.o
                0x00003394                tcpip_apimsg
 .text.tcpip_init
                0x000033dc       0x48 lwip/lwip-1.4.0/src/api/tcpip.o
                0x000033dc                tcpip_init
 .text.lwip_htons
                0x00003424        0x6 lwip/lwip-1.4.0/src/core/def.o
                0x00003424                lwip_htons
 .text.lwip_ntohs
                0x0000342a        0x6 lwip/lwip-1.4.0/src/core/def.o
                0x0000342a                lwip_ntohs
 .text.lwip_htonl
                0x00003430        0x4 lwip/lwip-1.4.0/src/core/def.o
                0x00003430                lwip_htonl
 .text.lwip_ntohl
                0x00003434        0x8 lwip/lwip-1.4.0/src/core/def.o
                0x00003434                lwip_ntohl
 .text.lwip_init
                0x0000343c       0x48 lwip/lwip-1.4.0/src/core/init.o
                0x0000343c                lwip_init
 .text.icmp_send_response.isra.0
                0x00003484       0x88 lwip/lwip-1.4.0/src/core/ipv4/icmp.o
 .text.icmp_input
                0x0000350c      0x148 lwip/lwip-1.4.0/src/core/ipv4/icmp.o
                0x0000350c                icmp_input
 .text.icmp_dest_unreach
                0x00003654       0x10 lwip/lwip-1.4.0/src/core/ipv4/icmp.o
                0x00003654                icmp_dest_unreach
 .text.icmp_time_exceeded
                0x00003664       0x10 lwip/lwip-1.4.0/src/core/ipv4/icmp.o
                0x00003664                icmp_time_exceeded
 .text.lwip_standard_chksum
                0x00003674       0x60 lwip/lwip-1.4.0/src/core/ipv4/inet_chksum.o
 .text.inet_chksum_pseudo
                0x000036d4       0x90 lwip/lwip-1.4.0/src/core/ipv4/inet_chksum.o
                0x000036d4                inet_chksum_pseudo
 .text.inet_chksum
                0x00003764       0x10 lwip/lwip-1.4.0/src/core/ipv4/inet_chksum.o
                0x00003764                inet_chksum
 .text.inet_chksum_pbuf
                0x00003774       0x4c lwip/lwip-1.4.0/src/core/ipv4/inet_chksum.o
                0x00003774                inet_chksum_pbuf
 .text.ip_route
                0x000037c0       0x3c lwip/lwip-1.4.0/src/core/ipv4/ip.o
                0x000037c0                ip_route
 .text.ip_input
                0x000037fc      0x188 lwip/lwip-1.4.0/src/core/ipv4/ip.o
                0x000037fc                ip_input
 .text.ip_output_if
                0x00003984       0xfc lwip/lwip-1.4.0/src/core/ipv4/ip.o
                0x00003984                ip_output_if
 .text.ip_output
                0x00003a80       0x40 lwip/lwip-1.4.0/src/core/ipv4/ip.o
                0x00003a80                ip_output
 .text.ip4_addr_isbroadcast
                0x00003ac0       0x32 lwip/lwip-1.4.0/src/core/ipv4/ip_addr.o
                0x00003ac0                ip4_addr_isbroadcast
 *fill*         0x00003af2        0x2 
 .text.ipaddr_aton
                0x00003af4      0x108 lwip/lwip-1.4.0/src/core/ipv4/ip_addr.o
                0x00003af4                ipaddr_aton
 .text.ipaddr_ntoa_r
                0x00003bfc       0x92 lwip/lwip-1.4.0/src/core/ipv4/ip_addr.o
                0x00003bfc                ipaddr_ntoa_r
 *fill*         0x00003c8e        0x2 
 .text.ipfrag_free_pbuf_custom
                0x00003c90       0x20 lwip/lwip-1.4.0/src/core/ipv4/ip_frag.o
 .text.ip_reass_free_complete_datagram
                0x00003cb0       0x9c lwip/lwip-1.4.0/src/core/ipv4/ip_frag.o
 .text.ip_reass_remove_oldest_datagram
                0x00003d4c       0x78 lwip/lwip-1.4.0/src/core/ipv4/ip_frag.o
 .text.ip_reass_tmr
                0x00003dc4       0x2c lwip/lwip-1.4.0/src/core/ipv4/ip_frag.o
                0x00003dc4                ip_reass_tmr
 .text.ip_reass
                0x00003df0      0x2e8 lwip/lwip-1.4.0/src/core/ipv4/ip_frag.o
                0x00003df0                ip_reass
 .text.ip_frag  0x000040d8      0x19c lwip/lwip-1.4.0/src/core/ipv4/ip_frag.o
                0x000040d8                ip_frag
 .text.mem_init
                0x00004274       0x3c lwip/lwip-1.4.0/src/core/mem.o
                0x00004274                mem_init
 .text.mem_free
                0x000042b0       0xa0 lwip/lwip-1.4.0/src/core/mem.o
                0x000042b0                mem_free
 .text.mem_trim
                0x00004350       0xc4 lwip/lwip-1.4.0/src/core/mem.o
                0x00004350                mem_trim
 .text.mem_malloc
                0x00004414       0xd0 lwip/lwip-1.4.0/src/core/mem.o
                0x00004414                mem_malloc
 .text.memp_init
                0x000044e4       0x54 lwip/lwip-1.4.0/src/core/memp.o
                0x000044e4                memp_init
 .text.memp_malloc
                0x00004538       0x20 lwip/lwip-1.4.0/src/core/memp.o
                0x00004538                memp_malloc
 .text.memp_free
                0x00004558       0x18 lwip/lwip-1.4.0/src/core/memp.o
                0x00004558                memp_free
 .text.netif_init
                0x00004570        0x2 lwip/lwip-1.4.0/src/core/netif.o
                0x00004570                netif_init
 *fill*         0x00004572        0x2 
 .text.netif_set_ipaddr
                0x00004574       0x54 lwip/lwip-1.4.0/src/core/netif.o
                0x00004574                netif_set_ipaddr
 .text.netif_set_addr
                0x000045c8       0x20 lwip/lwip-1.4.0/src/core/netif.o
                0x000045c8                netif_set_addr
 .text.netif_add
                0x000045e8       0x54 lwip/lwip-1.4.0/src/core/netif.o
                0x000045e8                netif_add
 .text.netif_set_default
                0x0000463c        0xc lwip/lwip-1.4.0/src/core/netif.o
                0x0000463c                netif_set_default
 .text.netif_set_up
                0x00004648       0x38 lwip/lwip-1.4.0/src/core/netif.o
                0x00004648                netif_set_up
 .text.pbuf_free_ooseq_callback
                0x00004680       0x30 lwip/lwip-1.4.0/src/core/pbuf.o
 .text.pbuf_pool_is_empty
                0x000046b0       0x2c lwip/lwip-1.4.0/src/core/pbuf.o
 .text.pbuf_alloced_custom
                0x000046dc       0x4e lwip/lwip-1.4.0/src/core/pbuf.o
                0x000046dc                pbuf_alloced_custom
 .text.pbuf_header
                0x0000472a       0x58 lwip/lwip-1.4.0/src/core/pbuf.o
                0x0000472a                pbuf_header
 *fill*         0x00004782        0x2 
 .text.pbuf_free
                0x00004784       0x58 lwip/lwip-1.4.0/src/core/pbuf.o
                0x00004784                pbuf_free
 .text.pbuf_alloc
                0x000047dc      0x118 lwip/lwip-1.4.0/src/core/pbuf.o
                0x000047dc                pbuf_alloc
 .text.pbuf_realloc
                0x000048f4       0x54 lwip/lwip-1.4.0/src/core/pbuf.o
                0x000048f4                pbuf_realloc
 .text.pbuf_clen
                0x00004948       0x10 lwip/lwip-1.4.0/src/core/pbuf.o
                0x00004948                pbuf_clen
 .text.pbuf_ref
                0x00004958        0xa lwip/lwip-1.4.0/src/core/pbuf.o
                0x00004958                pbuf_ref
 .text.pbuf_cat
                0x00004962       0x1c lwip/lwip-1.4.0/src/core/pbuf.o
                0x00004962                pbuf_cat
 *fill*         0x0000497e        0x2 
 .text.pbuf_chain
                0x00004980       0x18 lwip/lwip-1.4.0/src/core/pbuf.o
                0x00004980                pbuf_chain
 .text.pbuf_copy
                0x00004998       0x98 lwip/lwip-1.4.0/src/core/pbuf.o
                0x00004998                pbuf_copy
 .text.pbuf_copy_partial
                0x00004a30       0x5c lwip/lwip-1.4.0/src/core/pbuf.o
                0x00004a30                pbuf_copy_partial
 .text.unlikely.tcp_new_port
                0x00004a8c       0x50 lwip/lwip-1.4.0/src/core/tcp.o
 .text.tcp_init
                0x00004adc        0x2 lwip/lwip-1.4.0/src/core/tcp.o
                0x00004adc                tcp_init
 *fill*         0x00004ade        0x2 
 .text.tcp_bind
                0x00004ae0       0x78 lwip/lwip-1.4.0/src/core/tcp.o
                0x00004ae0                tcp_bind
 .text.tcp_update_rcv_ann_wnd
                0x00004b58       0x36 lwip/lwip-1.4.0/src/core/tcp.o
                0x00004b58                tcp_update_rcv_ann_wnd
 *fill*         0x00004b8e        0x2 
 .text.tcp_recved
                0x00004b90       0x40 lwip/lwip-1.4.0/src/core/tcp.o
                0x00004b90                tcp_recved
 .text.tcp_seg_free
                0x00004bd0       0x24 lwip/lwip-1.4.0/src/core/tcp.o
                0x00004bd0                tcp_seg_free
 .text.tcp_segs_free
                0x00004bf4       0x14 lwip/lwip-1.4.0/src/core/tcp.o
                0x00004bf4                tcp_segs_free
 .text.tcp_seg_copy
                0x00004c08       0x34 lwip/lwip-1.4.0/src/core/tcp.o
                0x00004c08                tcp_seg_copy
 .text.tcp_arg  0x00004c3c        0x4 lwip/lwip-1.4.0/src/core/tcp.o
                0x00004c3c                tcp_arg
 .text.tcp_recv
                0x00004c40        0x6 lwip/lwip-1.4.0/src/core/tcp.o
                0x00004c40                tcp_recv
 .text.tcp_sent
                0x00004c46        0x4 lwip/lwip-1.4.0/src/core/tcp.o
                0x00004c46                tcp_sent
 .text.tcp_err  0x00004c4a        0x6 lwip/lwip-1.4.0/src/core/tcp.o
                0x00004c4a                tcp_err
 .text.tcp_accept
                0x00004c50        0x4 lwip/lwip-1.4.0/src/core/tcp.o
                0x00004c50                tcp_accept
 .text.tcp_poll
                0x00004c54        0xa lwip/lwip-1.4.0/src/core/tcp.o
                0x00004c54                tcp_poll
 *fill*         0x00004c5e        0x2 
 .text.tcp_pcb_purge
                0x00004c60       0x44 lwip/lwip-1.4.0/src/core/tcp.o
                0x00004c60                tcp_pcb_purge
 .text.tcp_slowtmr
                0x00004ca4      0x2f8 lwip/lwip-1.4.0/src/core/tcp.o
                0x00004ca4                tcp_slowtmr
 .text.tcp_pcb_remove
                0x00004f9c       0x6c lwip/lwip-1.4.0/src/core/tcp.o
                0x00004f9c                tcp_pcb_remove
 .text.tcp_close_shutdown
                0x00005008      0x170 lwip/lwip-1.4.0/src/core/tcp.o
 .text.tcp_close
                0x00005178       0x18 lwip/lwip-1.4.0/src/core/tcp.o
                0x00005178                tcp_close
 .text.tcp_recv_null
                0x00005190       0x30 lwip/lwip-1.4.0/src/core/tcp.o
                0x00005190                tcp_recv_null
 .text.tcp_process_refused_data
                0x000051c0       0x6c lwip/lwip-1.4.0/src/core/tcp.o
                0x000051c0                tcp_process_refused_data
 .text.tcp_fasttmr
                0x0000522c       0x78 lwip/lwip-1.4.0/src/core/tcp.o
                0x0000522c                tcp_fasttmr
 .text.tcp_tmr  0x000052a4       0x2c lwip/lwip-1.4.0/src/core/tcp.o
                0x000052a4                tcp_tmr
 .text.tcp_shutdown
                0x000052d0       0x54 lwip/lwip-1.4.0/src/core/tcp.o
                0x000052d0                tcp_shutdown
 .text.tcp_abandon
                0x00005324       0xb0 lwip/lwip-1.4.0/src/core/tcp.o
                0x00005324                tcp_abandon
 .text.tcp_abort
                0x000053d4        0xc lwip/lwip-1.4.0/src/core/tcp.o
                0x000053d4                tcp_abort
 .text.tcp_next_iss
                0x000053e0       0x18 lwip/lwip-1.4.0/src/core/tcp.o
                0x000053e0                tcp_next_iss
 .text.tcp_alloc
                0x000053f8      0x11c lwip/lwip-1.4.0/src/core/tcp.o
                0x000053f8                tcp_alloc
 .text.tcp_new  0x00005514        0xc lwip/lwip-1.4.0/src/core/tcp.o
                0x00005514                tcp_new
 .text.tcp_eff_send_mss
                0x00005520       0x24 lwip/lwip-1.4.0/src/core/tcp.o
                0x00005520                tcp_eff_send_mss
 .text.tcp_oos_insert_segment
                0x00005544       0x9c lwip/lwip-1.4.0/src/core/tcp_in.o
 .text.tcp_receive
                0x000055e0      0x778 lwip/lwip-1.4.0/src/core/tcp_in.o
 .text.tcp_parseopt.isra.0
                0x00005d58       0x84 lwip/lwip-1.4.0/src/core/tcp_in.o
 .text.tcp_input
                0x00005ddc      0x818 lwip/lwip-1.4.0/src/core/tcp_in.o
                0x00005ddc                tcp_input
 .text.tcp_pbuf_prealloc
                0x000065f4       0x54 lwip/lwip-1.4.0/src/core/tcp_out.o
 .text.tcp_create_segment
                0x00006648       0xd0 lwip/lwip-1.4.0/src/core/tcp_out.o
 .text.tcp_output_alloc_header.constprop.0
                0x00006718       0x68 lwip/lwip-1.4.0/src/core/tcp_out.o
 .text.tcp_write
                0x00006780      0x348 lwip/lwip-1.4.0/src/core/tcp_out.o
                0x00006780                tcp_write
 .text.tcp_enqueue_flags
                0x00006ac8       0xac lwip/lwip-1.4.0/src/core/tcp_out.o
                0x00006ac8                tcp_enqueue_flags
 .text.tcp_send_fin
                0x00006b74       0x54 lwip/lwip-1.4.0/src/core/tcp_out.o
                0x00006b74                tcp_send_fin
 .text.tcp_send_empty_ack
                0x00006bc8       0x74 lwip/lwip-1.4.0/src/core/tcp_out.o
                0x00006bc8                tcp_send_empty_ack
 .text.tcp_output
                0x00006c3c      0x290 lwip/lwip-1.4.0/src/core/tcp_out.o
                0x00006c3c                tcp_output
 .text.tcp_rst  0x00006ecc       0xb0 lwip/lwip-1.4.0/src/core/tcp_out.o
                0x00006ecc                tcp_rst
 .text.tcp_rexmit_rto
                0x00006f7c       0x38 lwip/lwip-1.4.0/src/core/tcp_out.o
                0x00006f7c                tcp_rexmit_rto
 .text.tcp_rexmit
                0x00006fb4       0x58 lwip/lwip-1.4.0/src/core/tcp_out.o
                0x00006fb4                tcp_rexmit
 .text.tcp_rexmit_fast
                0x0000700c       0x54 lwip/lwip-1.4.0/src/core/tcp_out.o
                0x0000700c                tcp_rexmit_fast
 .text.tcp_keepalive
                0x00007060       0x6c lwip/lwip-1.4.0/src/core/tcp_out.o
                0x00007060                tcp_keepalive
 .text.tcp_zero_window_probe
                0x000070cc       0xc4 lwip/lwip-1.4.0/src/core/tcp_out.o
                0x000070cc                tcp_zero_window_probe
 .text.sys_timeout
                0x00007190       0x60 lwip/lwip-1.4.0/src/core/timers.o
                0x00007190                sys_timeout
 .text.tcp_timer_needed
                0x000071f0       0x38 lwip/lwip-1.4.0/src/core/timers.o
                0x000071f0                tcp_timer_needed
 .text.tcpip_tcp_timer
                0x00007228       0x40 lwip/lwip-1.4.0/src/core/timers.o
 .text.sys_timeouts_init
                0x00007268       0x2c lwip/lwip-1.4.0/src/core/timers.o
                0x00007268                sys_timeouts_init
 .text.arp_timer
                0x00007294       0x24 lwip/lwip-1.4.0/src/core/timers.o
 .text.ip_reass_timer
                0x000072b8       0x24 lwip/lwip-1.4.0/src/core/timers.o
 .text.sys_untimeout
                0x000072dc       0x4c lwip/lwip-1.4.0/src/core/timers.o
                0x000072dc                sys_untimeout
 .text.sys_timeouts_mbox_fetch
                0x00007328       0x6c lwip/lwip-1.4.0/src/core/timers.o
                0x00007328                sys_timeouts_mbox_fetch
 .text.udp_init
                0x00007394        0x2 lwip/lwip-1.4.0/src/core/udp.o
                0x00007394                udp_init
 *fill*         0x00007396        0x2 
 .text.udp_input
                0x00007398      0x168 lwip/lwip-1.4.0/src/core/udp.o
                0x00007398                udp_input
 .text.udp_bind
                0x00007500       0x98 lwip/lwip-1.4.0/src/core/udp.o
                0x00007500                udp_bind
 .text.udp_sendto_if
                0x00007598      0x10c lwip/lwip-1.4.0/src/core/udp.o
                0x00007598                udp_sendto_if
 .text.udp_sendto
                0x000076a4       0x34 lwip/lwip-1.4.0/src/core/udp.o
                0x000076a4                udp_sendto
 .text.udp_send
                0x000076d8       0x18 lwip/lwip-1.4.0/src/core/udp.o
                0x000076d8                udp_send
 .text.udp_recv
                0x000076f0        0x6 lwip/lwip-1.4.0/src/core/udp.o
                0x000076f0                udp_recv
 *fill*         0x000076f6        0x2 
 .text.udp_remove
                0x000076f8       0x30 lwip/lwip-1.4.0/src/core/udp.o
                0x000076f8                udp_remove
 .text.udp_new  0x00007728       0x24 lwip/lwip-1.4.0/src/core/udp.o
                0x00007728                udp_new
 .text.etharp_free_entry
                0x0000774c       0x2c lwip/lwip-1.4.0/src/netif/etharp.o
 .text.etharp_find_entry
                0x00007778       0xd4 lwip/lwip-1.4.0/src/netif/etharp.o
 .text.etharp_send_ip
                0x0000784c       0x24 lwip/lwip-1.4.0/src/netif/etharp.o
 .text.etharp_tmr
                0x00007870       0x44 lwip/lwip-1.4.0/src/netif/etharp.o
                0x00007870                etharp_tmr
 .text.etharp_request
                0x000078b4       0xa4 lwip/lwip-1.4.0/src/netif/etharp.o
                0x000078b4                etharp_request
 .text.etharp_output_to_arp_index
                0x00007958       0x58 lwip/lwip-1.4.0/src/netif/etharp.o
 .text.etharp_query
                0x000079b0      0x11c lwip/lwip-1.4.0/src/netif/etharp.o
                0x000079b0                etharp_query
 .text.etharp_output
                0x00007acc      0x100 lwip/lwip-1.4.0/src/netif/etharp.o
                0x00007acc                etharp_output
 .text.ethernet_input
                0x00007bcc      0x1d8 lwip/lwip-1.4.0/src/netif/etharp.o
                0x00007bcc                ethernet_input
 .text.SteeringPIDSource
                0x00007da4       0x2c main.o
                0x00007da4                SteeringPIDSource
 .text.SpeedPIDSource
                0x00007dd0       0x2c main.o
                0x00007dd0                SpeedPIDSource
 .text.SteeringPIDOutput
                0x00007dfc       0x20 main.o
                0x00007dfc                SteeringPIDOutput
 .text.SpeedPIDOutput
                0x00007e1c       0x20 main.o
                0x00007e1c                SpeedPIDOutput
 .text.GetPIDTime
                0x00007e3c        0x8 main.o
                0x00007e3c                GetPIDTime
 .text._gpio_get_level
                0x00007e44       0x34 main.o
 .text.count_encoderA
                0x00007e78       0x94 main.o
                0x00007e78                count_encoderA
 .text.count_encoderB
                0x00007f0c       0x9c main.o
                0x00007f0c                count_encoderB
 .text.print_ipaddress
                0x00007fa8       0x5c main.o
                0x00007fa8                print_ipaddress
 .text.TestSystems
                0x00008004       0x88 main.o
                0x00008004                TestSystems
 .text.TeleOperation
                0x0000808c       0x64 main.o
                0x0000808c                TeleOperation
 .text.main_task
                0x000080f0       0x64 main.o
                0x000080f0                main_task
 *fill*         0x00008154        0x4 
 .text.startup.main
                0x00008158      0x194 main.o
                0x00008158                main
 .text.setInputBounds
                0x000082ec       0x10 PID.o
                0x000082ec                setInputBounds
 .text.setOutputBounds
                0x000082fc       0x10 PID.o
                0x000082fc                setOutputBounds
 .text._read    0x0000830c       0x20 stdio_redirect/gcc/read.o
                0x0000830c                _read
 .text._write   0x0000832c       0x24 stdio_redirect/gcc/write.o
                0x0000832c                _write
 .text.stdio_io_init
                0x00008350       0x2c stdio_redirect/stdio_io.o
                0x00008350                stdio_io_init
 .text.stdio_io_read
                0x0000837c       0x1c stdio_redirect/stdio_io.o
                0x0000837c                stdio_io_read
 .text.stdio_io_write
                0x00008398       0x1c stdio_redirect/stdio_io.o
                0x00008398                stdio_io_write
 .text.stdio_redirect_init
                0x000083b4       0x20 stdio_start.o
                0x000083b4                stdio_redirect_init
 .text.vListInitialise
                0x000083d4       0x16 thirdparty/RTOS/freertos/FreeRTOSV8.2.3/Source/list.o
                0x000083d4                vListInitialise
 .text.vListInitialiseItem
                0x000083ea        0x6 thirdparty/RTOS/freertos/FreeRTOSV8.2.3/Source/list.o
                0x000083ea                vListInitialiseItem
 .text.vListInsertEnd
                0x000083f0       0x18 thirdparty/RTOS/freertos/FreeRTOSV8.2.3/Source/list.o
                0x000083f0                vListInsertEnd
 .text.vListInsert
                0x00008408       0x2e thirdparty/RTOS/freertos/FreeRTOSV8.2.3/Source/list.o
                0x00008408                vListInsert
 .text.uxListRemove
                0x00008436       0x20 thirdparty/RTOS/freertos/FreeRTOSV8.2.3/Source/list.o
                0x00008436                uxListRemove
 *fill*         0x00008456        0x2 
 .text.prvTaskExitError
                0x00008458       0x30 thirdparty/RTOS/freertos/FreeRTOSV8.2.3/Source/portable/GCC/ARM_CM4F/port.o
 .text.prvPortStartFirstTask
                0x00008488       0x20 thirdparty/RTOS/freertos/FreeRTOSV8.2.3/Source/portable/GCC/ARM_CM4F/port.o
 .text.vPortEnableVFP
                0x000084a8       0x14 thirdparty/RTOS/freertos/FreeRTOSV8.2.3/Source/portable/GCC/ARM_CM4F/port.o
 .text.pxPortInitialiseStack
                0x000084bc       0x24 thirdparty/RTOS/freertos/FreeRTOSV8.2.3/Source/portable/GCC/ARM_CM4F/port.o
                0x000084bc                pxPortInitialiseStack
 .text.SVCall_Handler
                0x000084e0       0x20 thirdparty/RTOS/freertos/FreeRTOSV8.2.3/Source/portable/GCC/ARM_CM4F/port.o
                0x000084e0                SVCall_Handler
 .text.vPortEnterCritical
                0x00008500       0x44 thirdparty/RTOS/freertos/FreeRTOSV8.2.3/Source/portable/GCC/ARM_CM4F/port.o
                0x00008500                vPortEnterCritical
 .text.vPortExitCritical
                0x00008544       0x28 thirdparty/RTOS/freertos/FreeRTOSV8.2.3/Source/portable/GCC/ARM_CM4F/port.o
                0x00008544                vPortExitCritical
 .text.PendSV_Handler
                0x0000856c       0x60 thirdparty/RTOS/freertos/FreeRTOSV8.2.3/Source/portable/GCC/ARM_CM4F/port.o
                0x0000856c                PendSV_Handler
 .text.SysTick_Handler
                0x000085cc       0x34 thirdparty/RTOS/freertos/FreeRTOSV8.2.3/Source/portable/GCC/ARM_CM4F/port.o
                0x000085cc                SysTick_Handler
 .text.vPortSetupTimerInterrupt
                0x00008600       0x14 thirdparty/RTOS/freertos/FreeRTOSV8.2.3/Source/portable/GCC/ARM_CM4F/port.o
                0x00008600                vPortSetupTimerInterrupt
 .text.xPortStartScheduler
                0x00008614       0xf4 thirdparty/RTOS/freertos/FreeRTOSV8.2.3/Source/portable/GCC/ARM_CM4F/port.o
                0x00008614                xPortStartScheduler
 .text.vPortValidateInterruptPriority
                0x00008708       0x54 thirdparty/RTOS/freertos/FreeRTOSV8.2.3/Source/portable/GCC/ARM_CM4F/port.o
                0x00008708                vPortValidateInterruptPriority
 .text.pvPortMalloc
                0x0000875c       0xc0 thirdparty/RTOS/freertos/FreeRTOSV8.2.3/Source/portable/MemMang/heap_2.o
                0x0000875c                pvPortMalloc
 .text.vPortFree
                0x0000881c       0x48 thirdparty/RTOS/freertos/FreeRTOSV8.2.3/Source/portable/MemMang/heap_2.o
                0x0000881c                vPortFree
 .text.unlikely.prvCopyDataToQueue
                0x00008864       0x74 thirdparty/RTOS/freertos/FreeRTOSV8.2.3/Source/queue.o
 .text.unlikely.prvCopyDataFromQueue
                0x000088d8       0x30 thirdparty/RTOS/freertos/FreeRTOSV8.2.3/Source/queue.o
 .text.unlikely.xQueueGenericCreate.part.2
                0x00008908       0x12 thirdparty/RTOS/freertos/FreeRTOSV8.2.3/Source/queue.o
 *fill*         0x0000891a        0x2 
 .text.prvNotifyQueueSetContainer
                0x0000891c       0x70 thirdparty/RTOS/freertos/FreeRTOSV8.2.3/Source/queue.o
 .text.prvUnlockQueue
                0x0000898c       0x98 thirdparty/RTOS/freertos/FreeRTOSV8.2.3/Source/queue.o
 .text.xQueueGenericReset
                0x00008a24       0x84 thirdparty/RTOS/freertos/FreeRTOSV8.2.3/Source/queue.o
                0x00008a24                xQueueGenericReset
 .text.xQueueGenericCreate
                0x00008aa8       0x64 thirdparty/RTOS/freertos/FreeRTOSV8.2.3/Source/queue.o
                0x00008aa8                xQueueGenericCreate
 .text.xQueueCreateCountingSemaphore
                0x00008b0c       0x54 thirdparty/RTOS/freertos/FreeRTOSV8.2.3/Source/queue.o
                0x00008b0c                xQueueCreateCountingSemaphore
 .text.xQueueGenericSend
                0x00008b60      0x1a8 thirdparty/RTOS/freertos/FreeRTOSV8.2.3/Source/queue.o
                0x00008b60                xQueueGenericSend
 .text.xQueueGenericSendFromISR
                0x00008d08       0xe0 thirdparty/RTOS/freertos/FreeRTOSV8.2.3/Source/queue.o
                0x00008d08                xQueueGenericSendFromISR
 .text.xQueueGiveFromISR
                0x00008de8       0xc4 thirdparty/RTOS/freertos/FreeRTOSV8.2.3/Source/queue.o
                0x00008de8                xQueueGiveFromISR
 .text.xQueueGenericReceive
                0x00008eac      0x1c4 thirdparty/RTOS/freertos/FreeRTOSV8.2.3/Source/queue.o
                0x00008eac                xQueueGenericReceive
 .text.vQueueDelete
                0x00009070       0x1c thirdparty/RTOS/freertos/FreeRTOSV8.2.3/Source/queue.o
                0x00009070                vQueueDelete
 .text.vQueueWaitForMessageRestricted
                0x0000908c       0x50 thirdparty/RTOS/freertos/FreeRTOSV8.2.3/Source/queue.o
                0x0000908c                vQueueWaitForMessageRestricted
 .text.prvResetNextTaskUnblockTime
                0x000090dc       0x20 thirdparty/RTOS/freertos/FreeRTOSV8.2.3/Source/tasks.o
 .text.prvAddCurrentTaskToDelayedList
                0x000090fc       0x38 thirdparty/RTOS/freertos/FreeRTOSV8.2.3/Source/tasks.o
 .text.xTaskGenericCreate.part.5
                0x00009134      0x1b0 thirdparty/RTOS/freertos/FreeRTOSV8.2.3/Source/tasks.o
 .text.vTaskSetTimeOutState.part.7
                0x000092e4       0x12 thirdparty/RTOS/freertos/FreeRTOSV8.2.3/Source/tasks.o
 *fill*         0x000092f6        0x2 
 .text.xTaskGenericCreate
                0x000092f8       0x44 thirdparty/RTOS/freertos/FreeRTOSV8.2.3/Source/tasks.o
                0x000092f8                xTaskGenericCreate
 .text.vTaskStartScheduler
                0x0000933c       0x7c thirdparty/RTOS/freertos/FreeRTOSV8.2.3/Source/tasks.o
                0x0000933c                vTaskStartScheduler
 .text.vTaskSuspendAll
                0x000093b8       0x14 thirdparty/RTOS/freertos/FreeRTOSV8.2.3/Source/tasks.o
                0x000093b8                vTaskSuspendAll
 .text.xTaskGetTickCount
                0x000093cc        0xc thirdparty/RTOS/freertos/FreeRTOSV8.2.3/Source/tasks.o
                0x000093cc                xTaskGetTickCount
 .text.xTaskIncrementTick
                0x000093d8       0xf4 thirdparty/RTOS/freertos/FreeRTOSV8.2.3/Source/tasks.o
                0x000093d8                xTaskIncrementTick
 .text.xTaskResumeAll
                0x000094cc       0xf0 thirdparty/RTOS/freertos/FreeRTOSV8.2.3/Source/tasks.o
                0x000094cc                xTaskResumeAll
 .text.vTaskDelay
                0x000095bc       0x68 thirdparty/RTOS/freertos/FreeRTOSV8.2.3/Source/tasks.o
                0x000095bc                vTaskDelay
 .text.prvIdleTask
                0x00009624       0x88 thirdparty/RTOS/freertos/FreeRTOSV8.2.3/Source/tasks.o
 .text.vTaskSwitchContext
                0x000096ac       0x7c thirdparty/RTOS/freertos/FreeRTOSV8.2.3/Source/tasks.o
                0x000096ac                vTaskSwitchContext
 .text.vTaskPlaceOnEventList
                0x00009728       0x60 thirdparty/RTOS/freertos/FreeRTOSV8.2.3/Source/tasks.o
                0x00009728                vTaskPlaceOnEventList
 .text.vTaskPlaceOnEventListRestricted
                0x00009788       0x60 thirdparty/RTOS/freertos/FreeRTOSV8.2.3/Source/tasks.o
                0x00009788                vTaskPlaceOnEventListRestricted
 .text.xTaskRemoveFromEventList
                0x000097e8       0x8c thirdparty/RTOS/freertos/FreeRTOSV8.2.3/Source/tasks.o
                0x000097e8                xTaskRemoveFromEventList
 .text.vTaskSetTimeOutState
                0x00009874       0x20 thirdparty/RTOS/freertos/FreeRTOSV8.2.3/Source/tasks.o
                0x00009874                vTaskSetTimeOutState
 .text.xTaskCheckForTimeOut
                0x00009894       0x7c thirdparty/RTOS/freertos/FreeRTOSV8.2.3/Source/tasks.o
                0x00009894                xTaskCheckForTimeOut
 .text.vTaskMissedYield
                0x00009910       0x10 thirdparty/RTOS/freertos/FreeRTOSV8.2.3/Source/tasks.o
                0x00009910                vTaskMissedYield
 .text.xTaskGetSchedulerState
                0x00009920       0x20 thirdparty/RTOS/freertos/FreeRTOSV8.2.3/Source/tasks.o
                0x00009920                xTaskGetSchedulerState
 .text.vTaskPriorityInherit
                0x00009940       0x78 thirdparty/RTOS/freertos/FreeRTOSV8.2.3/Source/tasks.o
                0x00009940                vTaskPriorityInherit
 .text.xTaskPriorityDisinherit
                0x000099b8       0x8c thirdparty/RTOS/freertos/FreeRTOSV8.2.3/Source/tasks.o
                0x000099b8                xTaskPriorityDisinherit
 .text.pvTaskIncrementMutexHeldCount
                0x00009a44       0x18 thirdparty/RTOS/freertos/FreeRTOSV8.2.3/Source/tasks.o
                0x00009a44                pvTaskIncrementMutexHeldCount
 .text.prvInsertTimerInActiveList
                0x00009a5c       0x3c thirdparty/RTOS/freertos/FreeRTOSV8.2.3/Source/timers.o
 .text.xTimerGenericCommand.part.2
                0x00009a98       0x12 thirdparty/RTOS/freertos/FreeRTOSV8.2.3/Source/timers.o
 *fill*         0x00009aaa        0x2 
 .text.prvCheckForValidListAndQueue
                0x00009aac       0x58 thirdparty/RTOS/freertos/FreeRTOSV8.2.3/Source/timers.o
 .text.xTimerCreateTimerTask
                0x00009b04       0x50 thirdparty/RTOS/freertos/FreeRTOSV8.2.3/Source/timers.o
                0x00009b04                xTimerCreateTimerTask
 .text.xTimerGenericCommand
                0x00009b54       0x5c thirdparty/RTOS/freertos/FreeRTOSV8.2.3/Source/timers.o
                0x00009b54                xTimerGenericCommand
 .text.prvSwitchTimerLists
                0x00009bb0       0x80 thirdparty/RTOS/freertos/FreeRTOSV8.2.3/Source/timers.o
 .text.prvTimerTask
                0x00009c30      0x1cc thirdparty/RTOS/freertos/FreeRTOSV8.2.3/Source/timers.o
 .text.gmac_task
                0x00009dfc       0x24 webserver_tasks.o
                0x00009dfc                gmac_task
 .text.gmac_handler_cb
                0x00009e20       0x38 webserver_tasks.o
                0x00009e20                gmac_handler_cb
 .text.tcpip_init_done
                0x00009e58       0xfc webserver_tasks.o
                0x00009e58                tcpip_init_done
 .text          0x00009f54      0x370 c:/program files (x86)/atmel/studio/7.0/toolchain/arm/arm-gnu-toolchain/bin/../lib/gcc/arm-none-eabi/6.3.1/thumb/v7e-m\libgcc.a(_arm_addsubdf3.o)
                0x00009f54                __aeabi_drsub
                0x00009f5c                __aeabi_dsub
                0x00009f5c                __subdf3
                0x00009f60                __aeabi_dadd
                0x00009f60                __adddf3
                0x0000a1d8                __floatunsidf
                0x0000a1d8                __aeabi_ui2d
                0x0000a1f8                __floatsidf
                0x0000a1f8                __aeabi_i2d
                0x0000a21c                __aeabi_f2d
                0x0000a21c                __extendsfdf2
                0x0000a258                __floatundidf
                0x0000a258                __aeabi_ul2d
                0x0000a268                __floatdidf
                0x0000a268                __aeabi_l2d
 .text          0x0000a2c4      0x424 c:/program files (x86)/atmel/studio/7.0/toolchain/arm/arm-gnu-toolchain/bin/../lib/gcc/arm-none-eabi/6.3.1/thumb/v7e-m\libgcc.a(_arm_muldivdf3.o)
                0x0000a2c4                __aeabi_dmul
                0x0000a2c4                __muldf3
                0x0000a518                __divdf3
                0x0000a518                __aeabi_ddiv
 .text          0x0000a6e8       0x50 c:/program files (x86)/atmel/studio/7.0/toolchain/arm/arm-gnu-toolchain/bin/../lib/gcc/arm-none-eabi/6.3.1/thumb/v7e-m\libgcc.a(_arm_fixdfsi.o)
                0x0000a6e8                __aeabi_d2iz
                0x0000a6e8                __fixdfsi
 .text          0x0000a738       0x40 c:/program files (x86)/atmel/studio/7.0/toolchain/arm/arm-gnu-toolchain/bin/../lib/gcc/arm-none-eabi/6.3.1/thumb/v7e-m\libgcc.a(_arm_fixunsdfsi.o)
                0x0000a738                __aeabi_d2uiz
                0x0000a738                __fixunsdfsi
 .text          0x0000a778       0xa0 c:/program files (x86)/atmel/studio/7.0/toolchain/arm/arm-gnu-toolchain/bin/../lib/gcc/arm-none-eabi/6.3.1/thumb/v7e-m\libgcc.a(_arm_truncdfsf2.o)
                0x0000a778                __truncdfsf2
                0x0000a778                __aeabi_d2f
 .text.__libc_init_array
                0x0000a818       0x48 c:/program files (x86)/atmel/studio/7.0/toolchain/arm/arm-gnu-toolchain/bin/../lib/gcc/arm-none-eabi/6.3.1/../../../../arm-none-eabi/lib/thumb/v7e-m\libc_nano.a(lib_a-init.o)
                0x0000a818                __libc_init_array
 .text.malloc   0x0000a860       0x10 c:/program files (x86)/atmel/studio/7.0/toolchain/arm/arm-gnu-toolchain/bin/../lib/gcc/arm-none-eabi/6.3.1/../../../../arm-none-eabi/lib/thumb/v7e-m\libc_nano.a(lib_a-malloc.o)
                0x0000a860                malloc
 .text.memcmp   0x0000a870       0x1e c:/program files (x86)/atmel/studio/7.0/toolchain/arm/arm-gnu-toolchain/bin/../lib/gcc/arm-none-eabi/6.3.1/../../../../arm-none-eabi/lib/thumb/v7e-m\libc_nano.a(lib_a-memcmp.o)
                0x0000a870                memcmp
 .text.memcpy   0x0000a88e       0x16 c:/program files (x86)/atmel/studio/7.0/toolchain/arm/arm-gnu-toolchain/bin/../lib/gcc/arm-none-eabi/6.3.1/../../../../arm-none-eabi/lib/thumb/v7e-m\libc_nano.a(lib_a-memcpy-stub.o)
                0x0000a88e                memcpy
 .text.memset   0x0000a8a4       0x10 c:/program files (x86)/atmel/studio/7.0/toolchain/arm/arm-gnu-toolchain/bin/../lib/gcc/arm-none-eabi/6.3.1/../../../../arm-none-eabi/lib/thumb/v7e-m\libc_nano.a(lib_a-memset.o)
                0x0000a8a4                memset
 .text._free_r  0x0000a8b4       0x9c c:/program files (x86)/atmel/studio/7.0/toolchain/arm/arm-gnu-toolchain/bin/../lib/gcc/arm-none-eabi/6.3.1/../../../../arm-none-eabi/lib/thumb/v7e-m\libc_nano.a(lib_a-nano-freer.o)
                0x0000a8b4                _free_r
 .text._malloc_r
                0x0000a950       0xbc c:/program files (x86)/atmel/studio/7.0/toolchain/arm/arm-gnu-toolchain/bin/../lib/gcc/arm-none-eabi/6.3.1/../../../../arm-none-eabi/lib/thumb/v7e-m\libc_nano.a(lib_a-nano-mallocr.o)
                0x0000a950                _malloc_r
 .text.printf   0x0000aa0c       0x30 c:/program files (x86)/atmel/studio/7.0/toolchain/arm/arm-gnu-toolchain/bin/../lib/gcc/arm-none-eabi/6.3.1/../../../../arm-none-eabi/lib/thumb/v7e-m\libc_nano.a(lib_a-printf.o)
                0x0000aa0c                iprintf
                0x0000aa0c                printf
 .text._puts_r  0x0000aa3c       0xb8 c:/program files (x86)/atmel/studio/7.0/toolchain/arm/arm-gnu-toolchain/bin/../lib/gcc/arm-none-eabi/6.3.1/../../../../arm-none-eabi/lib/thumb/v7e-m\libc_nano.a(lib_a-puts.o)
                0x0000aa3c                _puts_r
 .text.puts     0x0000aaf4       0x10 c:/program files (x86)/atmel/studio/7.0/toolchain/arm/arm-gnu-toolchain/bin/../lib/gcc/arm-none-eabi/6.3.1/../../../../arm-none-eabi/lib/thumb/v7e-m\libc_nano.a(lib_a-puts.o)
                0x0000aaf4                puts
 .text._sbrk_r  0x0000ab04       0x20 c:/program files (x86)/atmel/studio/7.0/toolchain/arm/arm-gnu-toolchain/bin/../lib/gcc/arm-none-eabi/6.3.1/../../../../arm-none-eabi/lib/thumb/v7e-m\libc_nano.a(lib_a-sbrkr.o)
                0x0000ab04                _sbrk_r
 .text.setbuf   0x0000ab24       0x10 c:/program files (x86)/atmel/studio/7.0/toolchain/arm/arm-gnu-toolchain/bin/../lib/gcc/arm-none-eabi/6.3.1/../../../../arm-none-eabi/lib/thumb/v7e-m\libc_nano.a(lib_a-setbuf.o)
                0x0000ab24                setbuf
 .text.setvbuf  0x0000ab34      0x15c c:/program files (x86)/atmel/studio/7.0/toolchain/arm/arm-gnu-toolchain/bin/../lib/gcc/arm-none-eabi/6.3.1/../../../../arm-none-eabi/lib/thumb/v7e-m\libc_nano.a(lib_a-setvbuf.o)
                0x0000ab34                setvbuf
 .text.__swbuf_r
                0x0000ac90       0xa4 c:/program files (x86)/atmel/studio/7.0/toolchain/arm/arm-gnu-toolchain/bin/../lib/gcc/arm-none-eabi/6.3.1/../../../../arm-none-eabi/lib/thumb/v7e-m\libc_nano.a(lib_a-wbuf.o)
                0x0000ac90                __swbuf_r
 .text.__swsetup_r
                0x0000ad34       0xdc c:/program files (x86)/atmel/studio/7.0/toolchain/arm/arm-gnu-toolchain/bin/../lib/gcc/arm-none-eabi/6.3.1/../../../../arm-none-eabi/lib/thumb/v7e-m\libc_nano.a(lib_a-wsetup.o)
                0x0000ad34                __swsetup_r
 .text.__sflush_r
                0x0000ae10      0x110 c:/program files (x86)/atmel/studio/7.0/toolchain/arm/arm-gnu-toolchain/bin/../lib/gcc/arm-none-eabi/6.3.1/../../../../arm-none-eabi/lib/thumb/v7e-m\libc_nano.a(lib_a-fflush.o)
                0x0000ae10                __sflush_r
 .text._fflush_r
                0x0000af20       0x54 c:/program files (x86)/atmel/studio/7.0/toolchain/arm/arm-gnu-toolchain/bin/../lib/gcc/arm-none-eabi/6.3.1/../../../../arm-none-eabi/lib/thumb/v7e-m\libc_nano.a(lib_a-fflush.o)
                0x0000af20                _fflush_r
 .text._cleanup_r
                0x0000af74        0xc c:/program files (x86)/atmel/studio/7.0/toolchain/arm/arm-gnu-toolchain/bin/../lib/gcc/arm-none-eabi/6.3.1/../../../../arm-none-eabi/lib/thumb/v7e-m\libc_nano.a(lib_a-findfp.o)
                0x0000af74                _cleanup_r
 .text.std.isra.0
                0x0000af80       0x48 c:/program files (x86)/atmel/studio/7.0/toolchain/arm/arm-gnu-toolchain/bin/../lib/gcc/arm-none-eabi/6.3.1/../../../../arm-none-eabi/lib/thumb/v7e-m\libc_nano.a(lib_a-findfp.o)
 .text.__sfmoreglue
                0x0000afc8       0x2c c:/program files (x86)/atmel/studio/7.0/toolchain/arm/arm-gnu-toolchain/bin/../lib/gcc/arm-none-eabi/6.3.1/../../../../arm-none-eabi/lib/thumb/v7e-m\libc_nano.a(lib_a-findfp.o)
                0x0000afc8                __sfmoreglue
 .text.__sinit  0x0000aff4       0x60 c:/program files (x86)/atmel/studio/7.0/toolchain/arm/arm-gnu-toolchain/bin/../lib/gcc/arm-none-eabi/6.3.1/../../../../arm-none-eabi/lib/thumb/v7e-m\libc_nano.a(lib_a-findfp.o)
                0x0000aff4                __sinit
 .text.__sfp    0x0000b054       0x78 c:/program files (x86)/atmel/studio/7.0/toolchain/arm/arm-gnu-toolchain/bin/../lib/gcc/arm-none-eabi/6.3.1/../../../../arm-none-eabi/lib/thumb/v7e-m\libc_nano.a(lib_a-findfp.o)
                0x0000b054                __sfp
 .text._fwalk_reent
                0x0000b0cc       0x3c c:/program files (x86)/atmel/studio/7.0/toolchain/arm/arm-gnu-toolchain/bin/../lib/gcc/arm-none-eabi/6.3.1/../../../../arm-none-eabi/lib/thumb/v7e-m\libc_nano.a(lib_a-fwalk.o)
                0x0000b0cc                _fwalk_reent
 .text.__swhatbuf_r
                0x0000b108       0x48 c:/program files (x86)/atmel/studio/7.0/toolchain/arm/arm-gnu-toolchain/bin/../lib/gcc/arm-none-eabi/6.3.1/../../../../arm-none-eabi/lib/thumb/v7e-m\libc_nano.a(lib_a-makebuf.o)
                0x0000b108                __swhatbuf_r
 .text.__smakebuf_r
                0x0000b150       0x80 c:/program files (x86)/atmel/studio/7.0/toolchain/arm/arm-gnu-toolchain/bin/../lib/gcc/arm-none-eabi/6.3.1/../../../../arm-none-eabi/lib/thumb/v7e-m\libc_nano.a(lib_a-makebuf.o)
                0x0000b150                __smakebuf_r
 .text.__malloc_lock
                0x0000b1d0        0x2 c:/program files (x86)/atmel/studio/7.0/toolchain/arm/arm-gnu-toolchain/bin/../lib/gcc/arm-none-eabi/6.3.1/../../../../arm-none-eabi/lib/thumb/v7e-m\libc_nano.a(lib_a-mlock.o)
                0x0000b1d0                __malloc_lock
 .text.__malloc_unlock
                0x0000b1d2        0x2 c:/program files (x86)/atmel/studio/7.0/toolchain/arm/arm-gnu-toolchain/bin/../lib/gcc/arm-none-eabi/6.3.1/../../../../arm-none-eabi/lib/thumb/v7e-m\libc_nano.a(lib_a-mlock.o)
                0x0000b1d2                __malloc_unlock
 .text.__sfputc_r
                0x0000b1d4       0x2c c:/program files (x86)/atmel/studio/7.0/toolchain/arm/arm-gnu-toolchain/bin/../lib/gcc/arm-none-eabi/6.3.1/../../../../arm-none-eabi/lib/thumb/v7e-m\libc_nano.a(lib_a-nano-vfprintf.o)
 .text.__sfputs_r
                0x0000b200       0x24 c:/program files (x86)/atmel/studio/7.0/toolchain/arm/arm-gnu-toolchain/bin/../lib/gcc/arm-none-eabi/6.3.1/../../../../arm-none-eabi/lib/thumb/v7e-m\libc_nano.a(lib_a-nano-vfprintf.o)
                0x0000b200                __sfputs_r
 .text._vfprintf_r
                0x0000b224      0x22c c:/program files (x86)/atmel/studio/7.0/toolchain/arm/arm-gnu-toolchain/bin/../lib/gcc/arm-none-eabi/6.3.1/../../../../arm-none-eabi/lib/thumb/v7e-m\libc_nano.a(lib_a-nano-vfprintf.o)
                0x0000b224                _vfprintf_r
                0x0000b224                _vfiprintf_r
 .text._printf_common
                0x0000b450       0xec c:/program files (x86)/atmel/studio/7.0/toolchain/arm/arm-gnu-toolchain/bin/../lib/gcc/arm-none-eabi/6.3.1/../../../../arm-none-eabi/lib/thumb/v7e-m\libc_nano.a(lib_a-nano-vfprintf_i.o)
                0x0000b450                _printf_common
 .text._printf_i
                0x0000b53c      0x240 c:/program files (x86)/atmel/studio/7.0/toolchain/arm/arm-gnu-toolchain/bin/../lib/gcc/arm-none-eabi/6.3.1/../../../../arm-none-eabi/lib/thumb/v7e-m\libc_nano.a(lib_a-nano-vfprintf_i.o)
                0x0000b53c                _printf_i
 .text.__sread  0x0000b77c       0x22 c:/program files (x86)/atmel/studio/7.0/toolchain/arm/arm-gnu-toolchain/bin/../lib/gcc/arm-none-eabi/6.3.1/../../../../arm-none-eabi/lib/thumb/v7e-m\libc_nano.a(lib_a-stdio.o)
                0x0000b77c                __sread
 .text.__swrite
                0x0000b79e       0x38 c:/program files (x86)/atmel/studio/7.0/toolchain/arm/arm-gnu-toolchain/bin/../lib/gcc/arm-none-eabi/6.3.1/../../../../arm-none-eabi/lib/thumb/v7e-m\libc_nano.a(lib_a-stdio.o)
                0x0000b79e                __swrite
 .text.__sseek  0x0000b7d6       0x24 c:/program files (x86)/atmel/studio/7.0/toolchain/arm/arm-gnu-toolchain/bin/../lib/gcc/arm-none-eabi/6.3.1/../../../../arm-none-eabi/lib/thumb/v7e-m\libc_nano.a(lib_a-stdio.o)
                0x0000b7d6                __sseek
 .text.__sclose
                0x0000b7fa        0x8 c:/program files (x86)/atmel/studio/7.0/toolchain/arm/arm-gnu-toolchain/bin/../lib/gcc/arm-none-eabi/6.3.1/../../../../arm-none-eabi/lib/thumb/v7e-m\libc_nano.a(lib_a-stdio.o)
                0x0000b7fa                __sclose
 *fill*         0x0000b802        0x2 
 .text._write_r
                0x0000b804       0x24 c:/program files (x86)/atmel/studio/7.0/toolchain/arm/arm-gnu-toolchain/bin/../lib/gcc/arm-none-eabi/6.3.1/../../../../arm-none-eabi/lib/thumb/v7e-m\libc_nano.a(lib_a-writer.o)
                0x0000b804                _write_r
 .text._close_r
                0x0000b828       0x20 c:/program files (x86)/atmel/studio/7.0/toolchain/arm/arm-gnu-toolchain/bin/../lib/gcc/arm-none-eabi/6.3.1/../../../../arm-none-eabi/lib/thumb/v7e-m\libc_nano.a(lib_a-closer.o)
                0x0000b828                _close_r
 .text._fstat_r
                0x0000b848       0x24 c:/program files (x86)/atmel/studio/7.0/toolchain/arm/arm-gnu-toolchain/bin/../lib/gcc/arm-none-eabi/6.3.1/../../../../arm-none-eabi/lib/thumb/v7e-m\libc_nano.a(lib_a-fstatr.o)
                0x0000b848                _fstat_r
 .text._isatty_r
                0x0000b86c       0x20 c:/program files (x86)/atmel/studio/7.0/toolchain/arm/arm-gnu-toolchain/bin/../lib/gcc/arm-none-eabi/6.3.1/../../../../arm-none-eabi/lib/thumb/v7e-m\libc_nano.a(lib_a-isattyr.o)
                0x0000b86c                _isatty_r
 .text._lseek_r
                0x0000b88c       0x24 c:/program files (x86)/atmel/studio/7.0/toolchain/arm/arm-gnu-toolchain/bin/../lib/gcc/arm-none-eabi/6.3.1/../../../../arm-none-eabi/lib/thumb/v7e-m\libc_nano.a(lib_a-lseekr.o)
                0x0000b88c                _lseek_r
 .text          0x0000b8b0       0xa0 c:/program files (x86)/atmel/studio/7.0/toolchain/arm/arm-gnu-toolchain/bin/../lib/gcc/arm-none-eabi/6.3.1/../../../../arm-none-eabi/lib/thumb/v7e-m\libc_nano.a(lib_a-memchr.o)
                0x0000b8b0                memchr
 .text._read_r  0x0000b950       0x24 c:/program files (x86)/atmel/studio/7.0/toolchain/arm/arm-gnu-toolchain/bin/../lib/gcc/arm-none-eabi/6.3.1/../../../../arm-none-eabi/lib/thumb/v7e-m\libc_nano.a(lib_a-readr.o)
                0x0000b950                _read_r
 *(.glue_7t)
 .glue_7t       0x0000b974        0x0 linker stubs
 *(.glue_7)
 .glue_7        0x0000b974        0x0 linker stubs
 *(.rodata .rodata* .gnu.linkonce.r.*)
 .rodata.str1.1
                0x0000b974       0x28 eth_ipstack_main.o
 .rodata        0x0000b99c       0x10 hpl/eic/hpl_eic.o
 .rodata        0x0000b9ac       0x20 hpl/tc/hpl_tc.o
 .rodata        0x0000b9cc       0x40 lwip/lwip-1.4.0/src/api/sockets.o
 .rodata.str1.1
                0x0000ba0c        0xd lwip/lwip-1.4.0/src/api/tcpip.o
 *fill*         0x0000ba19        0x1 
 .rodata        0x0000ba1a       0x34 lwip/lwip-1.4.0/src/core/memp.o
 *fill*         0x0000ba4e        0x2 
 .rodata        0x0000ba50       0x50 lwip/lwip-1.4.0/src/core/tcp.o
                0x0000ba50                tcp_pcb_lists
                0x0000ba60                tcp_persist_backoff
                0x0000ba67                tcp_backoff
                0x0000ba74                tcp_state_str
 .rodata.str1.1
                0x0000baa0       0x68 lwip/lwip-1.4.0/src/core/tcp.o
 .rodata        0x0000bb08        0xc lwip/lwip-1.4.0/src/netif/etharp.o
                0x0000bb08                ethzero
                0x0000bb0e                ethbroadcast
 .rodata.str1.1
                0x0000bb14       0xb9 main.o
 .rodata.str1.1
                0x0000bbcd       0x14 thirdparty/RTOS/freertos/FreeRTOSV8.2.3/Source/tasks.o
 .rodata.str1.1
                0x0000bbe1        0x8 thirdparty/RTOS/freertos/FreeRTOSV8.2.3/Source/timers.o
 .rodata        0x0000bbe9        0x6 webserver_tasks.o
 .rodata.str1.1
                0x0000bbef       0x1f webserver_tasks.o
 *fill*         0x0000bc0e        0x2 
 .rodata._global_impure_ptr
                0x0000bc10        0x4 c:/program files (x86)/atmel/studio/7.0/toolchain/arm/arm-gnu-toolchain/bin/../lib/gcc/arm-none-eabi/6.3.1/../../../../arm-none-eabi/lib/thumb/v7e-m\libc_nano.a(lib_a-impure.o)
                0x0000bc10                _global_impure_ptr
 .rodata.__sf_fake_stderr
                0x0000bc14       0x20 c:/program files (x86)/atmel/studio/7.0/toolchain/arm/arm-gnu-toolchain/bin/../lib/gcc/arm-none-eabi/6.3.1/../../../../arm-none-eabi/lib/thumb/v7e-m\libc_nano.a(lib_a-findfp.o)
                0x0000bc14                __sf_fake_stderr
 .rodata.__sf_fake_stdin
                0x0000bc34       0x20 c:/program files (x86)/atmel/studio/7.0/toolchain/arm/arm-gnu-toolchain/bin/../lib/gcc/arm-none-eabi/6.3.1/../../../../arm-none-eabi/lib/thumb/v7e-m\libc_nano.a(lib_a-findfp.o)
                0x0000bc34                __sf_fake_stdin
 .rodata.__sf_fake_stdout
                0x0000bc54       0x20 c:/program files (x86)/atmel/studio/7.0/toolchain/arm/arm-gnu-toolchain/bin/../lib/gcc/arm-none-eabi/6.3.1/../../../../arm-none-eabi/lib/thumb/v7e-m\libc_nano.a(lib_a-findfp.o)
                0x0000bc54                __sf_fake_stdout
 .rodata._vfprintf_r.str1.1
                0x0000bc74       0x11 c:/program files (x86)/atmel/studio/7.0/toolchain/arm/arm-gnu-toolchain/bin/../lib/gcc/arm-none-eabi/6.3.1/../../../../arm-none-eabi/lib/thumb/v7e-m\libc_nano.a(lib_a-nano-vfprintf.o)
 .rodata._printf_i.str1.1
                0x0000bc85       0x22 c:/program files (x86)/atmel/studio/7.0/toolchain/arm/arm-gnu-toolchain/bin/../lib/gcc/arm-none-eabi/6.3.1/../../../../arm-none-eabi/lib/thumb/v7e-m\libc_nano.a(lib_a-nano-vfprintf_i.o)
 *(.ARM.extab* .gnu.linkonce.armextab.*)
                0x0000bca8                . = ALIGN (0x4)
 *fill*         0x0000bca7        0x1 
 *(.init)
 .init          0x0000bca8        0x4 c:/program files (x86)/atmel/studio/7.0/toolchain/arm/arm-gnu-toolchain/bin/../lib/gcc/arm-none-eabi/6.3.1/thumb/v7e-m/crti.o
                0x0000bca8                _init
 .init          0x0000bcac        0x8 c:/program files (x86)/atmel/studio/7.0/toolchain/arm/arm-gnu-toolchain/bin/../lib/gcc/arm-none-eabi/6.3.1/thumb/v7e-m/crtn.o
                0x0000bcb4                . = ALIGN (0x4)
                0x0000bcb4                __preinit_array_start = .
 *(.preinit_array)
                0x0000bcb4                __preinit_array_end = .
                0x0000bcb4                . = ALIGN (0x4)
                0x0000bcb4                __init_array_start = .
 *(SORT(.init_array.*))
 *(.init_array)
 .init_array    0x0000bcb4        0x4 c:/program files (x86)/atmel/studio/7.0/toolchain/arm/arm-gnu-toolchain/bin/../lib/gcc/arm-none-eabi/6.3.1/thumb/v7e-m/crtbegin.o
                0x0000bcb8                __init_array_end = .
                0x0000bcb8                . = ALIGN (0x4)
 *crtbegin.o(.ctors)
 *(EXCLUDE_FILE(*crtend.o) .ctors)
 *(SORT(.ctors.*))
 *crtend.o(.ctors)
                0x0000bcb8                . = ALIGN (0x4)
 *(.fini)
 .fini          0x0000bcb8        0x4 c:/program files (x86)/atmel/studio/7.0/toolchain/arm/arm-gnu-toolchain/bin/../lib/gcc/arm-none-eabi/6.3.1/thumb/v7e-m/crti.o
                0x0000bcb8                _fini
 .fini          0x0000bcbc        0x8 c:/program files (x86)/atmel/studio/7.0/toolchain/arm/arm-gnu-toolchain/bin/../lib/gcc/arm-none-eabi/6.3.1/thumb/v7e-m/crtn.o
                0x0000bcc4                . = ALIGN (0x4)
                0x0000bcc4                __fini_array_start = .
 *(.fini_array)
 .fini_array    0x0000bcc4        0x4 c:/program files (x86)/atmel/studio/7.0/toolchain/arm/arm-gnu-toolchain/bin/../lib/gcc/arm-none-eabi/6.3.1/thumb/v7e-m/crtbegin.o
 *(SORT(.fini_array.*))
                0x0000bcc8                __fini_array_end = .
 *crtbegin.o(.dtors)
 *(EXCLUDE_FILE(*crtend.o) .dtors)
 *(SORT(.dtors.*))
 *crtend.o(.dtors)
                0x0000bcc8                . = ALIGN (0x4)
                0x0000bcc8                _efixed = .
                [!provide]                PROVIDE (__exidx_start, .)

.vfp11_veneer   0x0000bcc8        0x0
 .vfp11_veneer  0x0000bcc8        0x0 linker stubs

.v4_bx          0x0000bcc8        0x0
 .v4_bx         0x0000bcc8        0x0 linker stubs

.iplt           0x0000bcc8        0x0
 .iplt          0x0000bcc8        0x0 c:/program files (x86)/atmel/studio/7.0/toolchain/arm/arm-gnu-toolchain/bin/../lib/gcc/arm-none-eabi/6.3.1/thumb/v7e-m/crtbegin.o

.eh_frame       0x0000bcc8        0x0
 .eh_frame      0x0000bcc8        0x0 c:/program files (x86)/atmel/studio/7.0/toolchain/arm/arm-gnu-toolchain/bin/../lib/gcc/arm-none-eabi/6.3.1/thumb/v7e-m/crtbegin.o

.rel.dyn        0x0000bcc8        0x0
 .rel.iplt      0x0000bcc8        0x0 c:/program files (x86)/atmel/studio/7.0/toolchain/arm/arm-gnu-toolchain/bin/../lib/gcc/arm-none-eabi/6.3.1/thumb/v7e-m/crtbegin.o

.jcr            0x0000bcc8        0x0
 .jcr           0x0000bcc8        0x0 c:/program files (x86)/atmel/studio/7.0/toolchain/arm/arm-gnu-toolchain/bin/../lib/gcc/arm-none-eabi/6.3.1/thumb/v7e-m/crtbegin.o

.igot.plt       0x0000bcc8        0x0
 .igot.plt      0x0000bcc8        0x0 c:/program files (x86)/atmel/studio/7.0/toolchain/arm/arm-gnu-toolchain/bin/../lib/gcc/arm-none-eabi/6.3.1/thumb/v7e-m/crtbegin.o

.ARM.exidx
 *(.ARM.exidx* .gnu.linkonce.armexidx.*)
                [!provide]                PROVIDE (__exidx_end, .)
                0x0000bcc8                . = ALIGN (0x4)
                0x0000bcc8                _etext = .

.relocate       0x20000000       0xb4 load address 0x0000bcc8
                0x20000000                . = ALIGN (0x4)
                0x20000000                _srelocate = .
 *(.ramfunc .ramfunc.*)
 *(.data .data.*)
 .data          0x20000000       0x3c hpl/tc/hpl_tc.o
 .data          0x2000003c        0x8 lwip/lwip-1.4.0/src/core/tcp.o
 .data          0x20000044        0x2 lwip/lwip-1.4.0/src/core/udp.o
 *fill*         0x20000046        0x2 
 .data          0x20000048        0x4 thirdparty/RTOS/freertos/FreeRTOSV8.2.3/Source/portable/GCC/ARM_CM4F/port.o
 .data          0x2000004c        0x4 thirdparty/RTOS/freertos/FreeRTOSV8.2.3/Source/portable/MemMang/heap_2.o
 .data._impure_ptr
                0x20000050        0x4 c:/program files (x86)/atmel/studio/7.0/toolchain/arm/arm-gnu-toolchain/bin/../lib/gcc/arm-none-eabi/6.3.1/../../../../arm-none-eabi/lib/thumb/v7e-m\libc_nano.a(lib_a-impure.o)
                0x20000050                _impure_ptr
 .data.impure_data
                0x20000054       0x60 c:/program files (x86)/atmel/studio/7.0/toolchain/arm/arm-gnu-toolchain/bin/../lib/gcc/arm-none-eabi/6.3.1/../../../../arm-none-eabi/lib/thumb/v7e-m\libc_nano.a(lib_a-impure.o)
                0x200000b4                . = ALIGN (0x4)
                0x200000b4                _erelocate = .

.bkupram        0x47000000        0x0
                0x47000000                . = ALIGN (0x8)
                0x47000000                _sbkupram = .
 *(.bkupram .bkupram.*)
                0x47000000                . = ALIGN (0x8)
                0x47000000                _ebkupram = .

.qspi           0x04000000        0x0
                0x04000000                . = ALIGN (0x8)
                0x04000000                _sqspi = .
 *(.qspi .qspi.*)
                0x04000000                . = ALIGN (0x8)
                0x04000000                _eqspi = .

.bss            0x200000c0    0x16140 load address 0x0000bda0
                0x200000c0                . = ALIGN (0x4)
                0x200000c0                _sbss = .
                0x200000c0                _szero = .
 *(.bss .bss.*)
 .bss           0x200000c0       0x1c c:/program files (x86)/atmel/studio/7.0/toolchain/arm/arm-gnu-toolchain/bin/../lib/gcc/arm-none-eabi/6.3.1/thumb/v7e-m/crtbegin.o
 .bss           0x200000dc        0x4 EthernetIO.o
 .bss           0x200000e0        0x6 eth_ipstack_main.o
 *fill*         0x200000e6        0x2 
 .bss           0x200000e8       0x10 hal/src/hal_ext_irq.o
 .bss           0x200000f8        0x4 hal/utils/src/utils_syscalls.o
 .bss           0x200000fc        0x4 hpl/eic/hpl_eic.o
 .bss           0x20000100     0x1464 hpl/gmac/hpl_gmac.o
 .bss           0x20001564        0xc hpl/tc/hpl_tc.o
 .bss           0x20001570        0x2 lwip/lwip-1.4.0/port/sys_arch.o