Archive member included to satisfy reference by file (symbol)

c:/program files (x86)/atmel/studio/7.0/toolchain/arm/arm-gnu-toolchain/bin/../lib/gcc/arm-none-eabi/6.3.1/thumb/v7e-m\libgcc.a(_arm_addsubdf3.o)
                              hpl/sercom/hpl_sercom.o (__aeabi_dsub)
c:/program files (x86)/atmel/studio/7.0/toolchain/arm/arm-gnu-toolchain/bin/../lib/gcc/arm-none-eabi/6.3.1/thumb/v7e-m\libgcc.a(_arm_muldivdf3.o)
                              DriveByWireIO.o (__aeabi_dmul)
c:/program files (x86)/atmel/studio/7.0/toolchain/arm/arm-gnu-toolchain/bin/../lib/gcc/arm-none-eabi/6.3.1/thumb/v7e-m\libgcc.a(_arm_fixdfsi.o)
                              main.o (__aeabi_d2iz)
c:/program files (x86)/atmel/studio/7.0/toolchain/arm/arm-gnu-toolchain/bin/../lib/gcc/arm-none-eabi/6.3.1/thumb/v7e-m\libgcc.a(_arm_fixunsdfsi.o)
                              EthernetIO.o (__aeabi_d2uiz)
c:/program files (x86)/atmel/studio/7.0/toolchain/arm/arm-gnu-toolchain/bin/../lib/gcc/arm-none-eabi/6.3.1/thumb/v7e-m\libgcc.a(_arm_truncdfsf2.o)
                              DriveByWireIO.o (__aeabi_d2f)
c:/program files (x86)/atmel/studio/7.0/toolchain/arm/arm-gnu-toolchain/bin/../lib/gcc/arm-none-eabi/6.3.1/thumb/v7e-m\libgcc.a(_aeabi_uldivmod.o)
                              hpl/sercom/hpl_sercom.o (__aeabi_uldivmod)
c:/program files (x86)/atmel/studio/7.0/toolchain/arm/arm-gnu-toolchain/bin/../lib/gcc/arm-none-eabi/6.3.1/thumb/v7e-m\libgcc.a(_udivmoddi4.o)
                              c:/program files (x86)/atmel/studio/7.0/toolchain/arm/arm-gnu-toolchain/bin/../lib/gcc/arm-none-eabi/6.3.1/thumb/v7e-m\libgcc.a(_aeabi_uldivmod.o) (__udivmoddi4)
c:/program files (x86)/atmel/studio/7.0/toolchain/arm/arm-gnu-toolchain/bin/../lib/gcc/arm-none-eabi/6.3.1/thumb/v7e-m\libgcc.a(_dvmd_tls.o)
                              c:/program files (x86)/atmel/studio/7.0/toolchain/arm/arm-gnu-toolchain/bin/../lib/gcc/arm-none-eabi/6.3.1/thumb/v7e-m\libgcc.a(_aeabi_uldivmod.o) (__aeabi_ldiv0)
c:/program files (x86)/atmel/studio/7.0/toolchain/arm/arm-gnu-toolchain/bin/../lib/gcc/arm-none-eabi/6.3.1/../../../../arm-none-eabi/lib/thumb/v7e-m\libc_nano.a(lib_a-exit.o)
                              c:/program files (x86)/atmel/studio/7.0/toolchain/arm/arm-gnu-toolchain/bin/../lib/gcc/arm-none-eabi/6.3.1/../../../../arm-none-eabi/lib/thumb/v7e-m/crt0.o (exit)
c:/program files (x86)/atmel/studio/7.0/toolchain/arm/arm-gnu-toolchain/bin/../lib/gcc/arm-none-eabi/6.3.1/../../../../arm-none-eabi/lib/thumb/v7e-m\libc_nano.a(lib_a-impure.o)
                              c:/program files (x86)/atmel/studio/7.0/toolchain/arm/arm-gnu-toolchain/bin/../lib/gcc/arm-none-eabi/6.3.1/../../../../arm-none-eabi/lib/thumb/v7e-m\libc_nano.a(lib_a-exit.o) (_global_impure_ptr)
c:/program files (x86)/atmel/studio/7.0/toolchain/arm/arm-gnu-toolchain/bin/../lib/gcc/arm-none-eabi/6.3.1/../../../../arm-none-eabi/lib/thumb/v7e-m\libc_nano.a(lib_a-init.o)
                              c:/program files (x86)/atmel/studio/7.0/toolchain/arm/arm-gnu-toolchain/bin/../lib/gcc/arm-none-eabi/6.3.1/../../../../arm-none-eabi/lib/thumb/v7e-m/crt0.o (__libc_init_array)
c:/program files (x86)/atmel/studio/7.0/toolchain/arm/arm-gnu-toolchain/bin/../lib/gcc/arm-none-eabi/6.3.1/../../../../arm-none-eabi/lib/thumb/v7e-m\libc_nano.a(lib_a-malloc.o)
                              PID.o (malloc)
c:/program files (x86)/atmel/studio/7.0/toolchain/arm/arm-gnu-toolchain/bin/../lib/gcc/arm-none-eabi/6.3.1/../../../../arm-none-eabi/lib/thumb/v7e-m\libc_nano.a(lib_a-memcmp.o)
                              lwip/lwip-1.4.0/src/netif/etharp.o (memcmp)
c:/program files (x86)/atmel/studio/7.0/toolchain/arm/arm-gnu-toolchain/bin/../lib/gcc/arm-none-eabi/6.3.1/../../../../arm-none-eabi/lib/thumb/v7e-m\libc_nano.a(lib_a-memcpy-stub.o)
                              EthernetIO.o (memcpy)
c:/program files (x86)/atmel/studio/7.0/toolchain/arm/arm-gnu-toolchain/bin/../lib/gcc/arm-none-eabi/6.3.1/../../../../arm-none-eabi/lib/thumb/v7e-m\libc_nano.a(lib_a-memset.o)
                              c:/program files (x86)/atmel/studio/7.0/toolchain/arm/arm-gnu-toolchain/bin/../lib/gcc/arm-none-eabi/6.3.1/../../../../arm-none-eabi/lib/thumb/v7e-m/crt0.o (memset)
c:/program files (x86)/atmel/studio/7.0/toolchain/arm/arm-gnu-toolchain/bin/../lib/gcc/arm-none-eabi/6.3.1/../../../../arm-none-eabi/lib/thumb/v7e-m\libc_nano.a(lib_a-nano-freer.o)
                              c:/program files (x86)/atmel/studio/7.0/toolchain/arm/arm-gnu-toolchain/bin/../lib/gcc/arm-none-eabi/6.3.1/../../../../arm-none-eabi/lib/thumb/v7e-m\libc_nano.a(lib_a-malloc.o) (_free_r)
c:/program files (x86)/atmel/studio/7.0/toolchain/arm/arm-gnu-toolchain/bin/../lib/gcc/arm-none-eabi/6.3.1/../../../../arm-none-eabi/lib/thumb/v7e-m\libc_nano.a(lib_a-nano-mallocr.o)
[...]
Memory Configuration

Name             Origin             Length             Attributes
rom              0x00000000         0x00100000         xr
ram              0x20000000         0x00040000         xrw
bkupram          0x47000000         0x00002000         xrw
qspi             0x04000000         0x01000000         xrw
*default*        0x00000000         0xffffffff

Linker script and memory map

LOAD c:/program files (x86)/atmel/studio/7.0/toolchain/arm/arm-gnu-toolchain/bin/../lib/gcc/arm-none-eabi/6.3.1/thumb/v7e-m/crti.o
LOAD c:/program files (x86)/atmel/studio/7.0/toolchain/arm/arm-gnu-toolchain/bin/../lib/gcc/arm-none-eabi/6.3.1/thumb/v7e-m/crtbegin.o
LOAD c:/program files (x86)/atmel/studio/7.0/toolchain/arm/arm-gnu-toolchain/bin/../lib/gcc/arm-none-eabi/6.3.1/../../../../arm-none-eabi/lib/thumb/v7e-m/crt0.o
LOAD atmel_start.o
LOAD Device_Startup/startup_same54.o
LOAD Device_Startup/system_same54.o
LOAD DriveByWireIO.o
LOAD driver_init.o
LOAD EthernetIO.o
LOAD ethernet_phy/ethernet_phy.o
LOAD ethernet_phy_main.o
LOAD eth_ipstack_main.o
LOAD examples/driver_examples.o
LOAD hal/src/hal_atomic.o
LOAD hal/src/hal_cache.o
LOAD hal/src/hal_delay.o
LOAD hal/src/hal_ext_irq.o
LOAD hal/src/hal_gpio.o
LOAD hal/src/hal_init.o
LOAD hal/src/hal_io.o
LOAD hal/src/hal_mac_async.o
LOAD hal/src/hal_pwm.o
LOAD hal/src/hal_sleep.o
LOAD hal/src/hal_usart_sync.o
LOAD hal/utils/src/utils_assert.o
LOAD hal/utils/src/utils_event.o
LOAD hal/utils/src/utils_list.o
LOAD hal/utils/src/utils_syscalls.o
LOAD hpl/cmcc/hpl_cmcc.o
LOAD hpl/core/hpl_core_m4.o
LOAD hpl/core/hpl_init.o
LOAD hpl/dmac/hpl_dmac.o
LOAD hpl/eic/hpl_eic.o
LOAD hpl/gclk/hpl_gclk.o
LOAD hpl/gmac/hpl_gmac.o
LOAD hpl/mclk/hpl_mclk.o
LOAD hpl/osc32kctrl/hpl_osc32kctrl.o
LOAD hpl/oscctrl/hpl_oscctrl.o
LOAD hpl/pm/hpl_pm.o
LOAD hpl/ramecc/hpl_ramecc.o
LOAD hpl/sercom/hpl_sercom.o
LOAD hpl/tc/hpl_tc.o
LOAD lwip/lwip-1.4.0/port/ethif_mac.o
LOAD lwip/lwip-1.4.0/port/sys_arch.o
LOAD lwip/lwip-1.4.0/src/api/api_lib.o
LOAD lwip/lwip-1.4.0/src/api/api_msg.o
LOAD lwip/lwip-1.4.0/src/api/err.o
LOAD lwip/lwip-1.4.0/src/api/netbuf.o
LOAD lwip/lwip-1.4.0/src/api/netdb.o
LOAD lwip/lwip-1.4.0/src/api/netifapi.o
LOAD lwip/lwip-1.4.0/src/api/sockets.o
LOAD lwip/lwip-1.4.0/src/api/tcpip.o
LOAD lwip/lwip-1.4.0/src/core/def.o
LOAD lwip/lwip-1.4.0/src/core/dhcp.o
LOAD lwip/lwip-1.4.0/src/core/dns.o
LOAD lwip/lwip-1.4.0/src/core/init.o
LOAD lwip/lwip-1.4.0/src/core/ipv4/autoip.o
LOAD lwip/lwip-1.4.0/src/core/ipv4/icmp.o
LOAD lwip/lwip-1.4.0/src/core/ipv4/igmp.o
LOAD lwip/lwip-1.4.0/src/core/ipv4/inet.o
LOAD lwip/lwip-1.4.0/src/core/ipv4/inet_chksum.o
LOAD lwip/lwip-1.4.0/src/core/ipv4/ip.o
LOAD lwip/lwip-1.4.0/src/core/ipv4/ip_addr.o
LOAD lwip/lwip-1.4.0/src/core/ipv4/ip_frag.o
LOAD lwip/lwip-1.4.0/src/core/mem.o
LOAD lwip/lwip-1.4.0/src/core/memp.o
LOAD lwip/lwip-1.4.0/src/core/netif.o
LOAD lwip/lwip-1.4.0/src/core/pbuf.o
LOAD lwip/lwip-1.4.0/src/core/raw.o
LOAD lwip/lwip-1.4.0/src/core/snmp/asn1_dec.o
LOAD lwip/lwip-1.4.0/src/core/snmp/asn1_enc.o
LOAD lwip/lwip-1.4.0/src/core/snmp/mib2.o
LOAD lwip/lwip-1.4.0/src/core/snmp/mib_structs.o
LOAD lwip/lwip-1.4.0/src/core/snmp/msg_in.o
LOAD lwip/lwip-1.4.0/src/core/snmp/msg_out.o
LOAD lwip/lwip-1.4.0/src/core/stats.o
LOAD lwip/lwip-1.4.0/src/core/sys.o
LOAD lwip/lwip-1.4.0/src/core/tcp.o
LOAD lwip/lwip-1.4.0/src/core/tcp_in.o
LOAD lwip/lwip-1.4.0/src/core/tcp_out.o
LOAD lwip/lwip-1.4.0/src/core/timers.o
LOAD lwip/lwip-1.4.0/src/core/udp.o
LOAD lwip/lwip-1.4.0/src/netif/etharp.o
LOAD lwip/lwip-1.4.0/src/netif/ppp/auth.o
LOAD lwip/lwip-1.4.0/src/netif/ppp/chap.o
LOAD lwip/lwip-1.4.0/src/netif/ppp/chpms.o
LOAD lwip/lwip-1.4.0/src/netif/ppp/fsm.o
LOAD lwip/lwip-1.4.0/src/netif/ppp/ipcp.o
LOAD lwip/lwip-1.4.0/src/netif/ppp/lcp.o
LOAD lwip/lwip-1.4.0/src/netif/ppp/magic.o
LOAD lwip/lwip-1.4.0/src/netif/ppp/md5.o
LOAD lwip/lwip-1.4.0/src/netif/ppp/pap.o
LOAD lwip/lwip-1.4.0/src/netif/ppp/ppp.o
LOAD lwip/lwip-1.4.0/src/netif/ppp/ppp_oe.o
LOAD lwip/lwip-1.4.0/src/netif/ppp/randm.o
LOAD lwip/lwip-1.4.0/src/netif/ppp/vj.o
LOAD lwip/lwip-1.4.0/src/netif/slipif.o
LOAD lwip_socket_api.o
LOAD main.o
LOAD PID.o
LOAD rtos_start.o
LOAD stdio_redirect/gcc/read.o
LOAD stdio_redirect/gcc/write.o
LOAD stdio_redirect/stdio_io.o
LOAD stdio_start.o
LOAD thirdparty/RTOS/freertos/FreeRTOSV8.2.3/rtos_port.o
LOAD thirdparty/RTOS/freertos/FreeRTOSV8.2.3/Source/croutine.o
LOAD thirdparty/RTOS/freertos/FreeRTOSV8.2.3/Source/event_groups.o
LOAD thirdparty/RTOS/freertos/FreeRTOSV8.2.3/Source/list.o
LOAD thirdparty/RTOS/freertos/FreeRTOSV8.2.3/Source/portable/GCC/ARM_CM4F/port.o
LOAD thirdparty/RTOS/freertos/FreeRTOSV8.2.3/Source/portable/MemMang/heap_2.o
LOAD thirdparty/RTOS/freertos/FreeRTOSV8.2.3/Source/queue.o
LOAD thirdparty/RTOS/freertos/FreeRTOSV8.2.3/Source/tasks.o
LOAD thirdparty/RTOS/freertos/FreeRTOSV8.2.3/Source/timers.o
LOAD webserver_tasks.o
START GROUP
LOAD c:/program files (x86)/atmel/studio/7.0/toolchain/arm/arm-gnu-toolchain/bin/../lib/gcc/arm-none-eabi/6.3.1/../../../../arm-none-eabi/lib/thumb/v7e-m\libm.a
END GROUP
START GROUP
LOAD c:/program files (x86)/atmel/studio/7.0/toolchain/arm/arm-gnu-toolchain/bin/../lib/gcc/arm-none-eabi/6.3.1/thumb/v7e-m\libgcc.a
LOAD c:/program files (x86)/atmel/studio/7.0/toolchain/arm/arm-gnu-toolchain/bin/../lib/gcc/arm-none-eabi/6.3.1/../../../../arm-none-eabi/lib/thumb/v7e-m\libc_nano.a
END GROUP
START GROUP
LOAD c:/program files (x86)/atmel/studio/7.0/toolchain/arm/arm-gnu-toolchain/bin/../lib/gcc/arm-none-eabi/6.3.1/thumb/v7e-m\libgcc.a
LOAD c:/program files (x86)/atmel/studio/7.0/toolchain/arm/arm-gnu-toolchain/bin/../lib/gcc/arm-none-eabi/6.3.1/../../../../arm-none-eabi/lib/thumb/v7e-m\libc_nano.a
END GROUP
LOAD c:/program files (x86)/atmel/studio/7.0/toolchain/arm/arm-gnu-toolchain/bin/../lib/gcc/arm-none-eabi/6.3.1/thumb/v7e-m/crtend.o
LOAD c:/program files (x86)/atmel/studio/7.0/toolchain/arm/arm-gnu-toolchain/bin/../lib/gcc/arm-none-eabi/6.3.1/thumb/v7e-m/crtn.o
                0x00010000                STACK_SIZE = DEFINED (STACK_SIZE)?STACK_SIZE:DEFINED (__stack_size__)?__stack_size__:0x10000

.text           0x00000000     0xbc9c
                0x00000000                . = ALIGN (0x4)
                0x00000000                _sfixed = .
 *(.vectors .vectors.*)
 .vectors       0x00000000      0x264 Device_Startup/startup_same54.o
                0x00000000                exception_table
 *(.text .text.* .gnu.linkonce.t.*)
 .text          0x00000264       0x6c c:/program files (x86)/atmel/studio/7.0/toolchain/arm/arm-gnu-toolchain/bin/../lib/gcc/arm-none-eabi/6.3.1/thumb/v7e-m/crtbegin.o
 .text.atmel_start_init
                0x000002d0       0x20 atmel_start.o
                0x000002d0                atmel_start_init
 .text.Dummy_Handler
                0x000002f0        0x2 Device_Startup/startup_same54.o
                0x000002f0                EIC_5_Handler
                0x000002f0                SERCOM0_2_Handler
                0x000002f0                EIC_13_Handler
                0x000002f0                EVSYS_0_Handler
                0x000002f0                TCC1_3_Handler
                0x000002f0                DAC_3_Handler
                0x000002f0                TRNG_Handler
                0x000002f0                HardFault_Handler
                0x000002f0                TC2_Handler
                0x000002f0                PDEC_2_Handler
                0x000002f0                EIC_4_Handler
                0x000002f0                AC_Handler
                0x000002f0                SERCOM3_1_Handler
                0x000002f0                TCC2_3_Handler
                0x000002f0                SERCOM3_2_Handler
                0x000002f0                TC7_Handler
                0x000002f0                ADC1_1_Handler
                0x000002f0                EVSYS_3_Handler
                0x000002f0                PDEC_0_Handler
                0x000002f0                QSPI_Handler
                0x000002f0                NonMaskableInt_Handler
                0x000002f0                TCC0_0_Handler
                0x000002f0                EIC_3_Handler
                0x000002f0                MemManagement_Handler
                0x000002f0                DAC_2_Handler
                0x000002f0                SERCOM0_0_Handler
                0x000002f0                RTC_Handler
                0x000002f0                UsageFault_Handler
                0x000002f0                SERCOM4_0_Handler
                0x000002f0                EIC_10_Handler
                0x000002f0                SERCOM0_3_Handler
                0x000002f0                EIC_11_Handler
                0x000002f0                EIC_9_Handler
                0x000002f0                OSC32KCTRL_Handler
                0x000002f0                TCC2_1_Handler
                0x000002f0                SUPC_1_Handler
                0x000002f0                TCC0_5_Handler
                0x000002f0                TCC0_6_Handler
                0x000002f0                SERCOM6_2_Handler
                0x000002f0                EVSYS_1_Handler
                0x000002f0                TCC1_4_Handler
                0x000002f0                TC6_Handler
                0x000002f0                DMAC_0_Handler
                0x000002f0                WDT_Handler
                0x000002f0                CAN0_Handler
                0x000002f0                EIC_8_Handler
                0x000002f0                EIC_15_Handler
                0x000002f0                SERCOM6_0_Handler
                0x000002f0                SERCOM5_0_Handler
                0x000002f0                TC1_Handler
                0x000002f0                OSCCTRL_4_Handler
                0x000002f0                SERCOM4_3_Handler
                0x000002f0                EIC_12_Handler
                0x000002f0                DMAC_4_Handler
                0x000002f0                TCC4_2_Handler
                0x000002f0                PAC_Handler
                0x000002f0                TCC1_0_Handler
                0x000002f0                USB_0_Handler
                0x000002f0                OSCCTRL_0_Handler
                0x000002f0                OSCCTRL_3_Handler
                0x000002f0                SERCOM4_1_Handler
                0x000002f0                TC3_Handler
                0x000002f0                Dummy_Handler
                0x000002f0                TCC3_0_Handler
                0x000002f0                TCC2_2_Handler
                0x000002f0                SERCOM5_1_Handler
                0x000002f0                TCC1_1_Handler
                0x000002f0                DMAC_2_Handler
                0x000002f0                ADC0_0_Handler
                0x000002f0                SERCOM0_1_Handler
                0x000002f0                OSCCTRL_2_Handler
                0x000002f0                ADC1_0_Handler
                0x000002f0                TCC1_2_Handler
                0x000002f0                SERCOM7_1_Handler
                0x000002f0                USB_1_Handler
                0x000002f0                PM_Handler
                0x000002f0                SERCOM6_3_Handler
                0x000002f0                SERCOM2_3_Handler
                0x000002f0                DAC_4_Handler
                0x000002f0                TCC3_2_Handler
                0x000002f0                SERCOM7_0_Handler
                0x000002f0                TCC0_2_Handler
                0x000002f0                DMAC_1_Handler
                0x000002f0                TCC4_0_Handler
                0x000002f0                SERCOM7_3_Handler
                0x000002f0                SDHC1_Handler
                0x000002f0                USB_3_Handler
                0x000002f0                SERCOM7_2_Handler
                0x000002f0                CAN1_Handler
                0x000002f0                TCC2_0_Handler
                0x000002f0                PDEC_1_Handler
                0x000002f0                TCC4_1_Handler
                0x000002f0                SERCOM5_3_Handler
                0x000002f0                USB_2_Handler
                0x000002f0                SERCOM6_1_Handler
                0x000002f0                SDHC0_Handler
                0x000002f0                SERCOM1_1_Handler
                0x000002f0                I2S_Handler
                0x000002f0                EIC_2_Handler
                0x000002f0                PCC_Handler
                0x000002f0                DAC_0_Handler
                0x000002f0                TCC0_1_Handler
                0x000002f0                SERCOM1_3_Handler
                0x000002f0                EIC_6_Handler
                0x000002f0                OSCCTRL_1_Handler
                0x000002f0                SERCOM1_0_Handler
                0x000002f0                PUKCC_Handler
                0x000002f0                SERCOM2_1_Handler
                0x000002f0                SERCOM1_2_Handler
                0x000002f0                SERCOM3_0_Handler
                0x000002f0                EIC_1_Handler
                0x000002f0                SERCOM4_2_Handler
                0x000002f0                EVSYS_4_Handler
                0x000002f0                NVMCTRL_1_Handler
                0x000002f0                SERCOM5_2_Handler
                0x000002f0                SERCOM3_3_Handler
                0x000002f0                ADC0_1_Handler
                0x000002f0                SERCOM2_2_Handler
                0x000002f0                TCC3_1_Handler
                0x000002f0                EIC_14_Handler
                0x000002f0                DAC_1_Handler
                0x000002f0                NVMCTRL_0_Handler
                0x000002f0                MCLK_Handler
                0x000002f0                EVSYS_2_Handler
                0x000002f0                SUPC_0_Handler
                0x000002f0                BusFault_Handler
                0x000002f0                FREQM_Handler
                0x000002f0                TCC0_3_Handler
                0x000002f0                DMAC_3_Handler
                0x000002f0                DebugMonitor_Handler
                0x000002f0                TCC0_4_Handler
                0x000002f0                SERCOM2_0_Handler
                0x000002f0                AES_Handler
                0x000002f0                ICM_Handler
 *fill*         0x000002f2        0x2 
 .text.Reset_Handler
                0x000002f4       0x78 Device_Startup/startup_same54.o
                0x000002f4                Reset_Handler
 .text.set_steering_angle
                0x0000036c       0x16 DriveByWireIO.o
                0x0000036c                set_steering_angle
 *fill*         0x00000382        0x2 
 .text.SetSafetyLight1On
                0x00000384       0x18 DriveByWireIO.o
                0x00000384                SetSafetyLight1On
 .text.SetSteerDirection
                0x0000039c       0x14 DriveByWireIO.o
                0x0000039c                SetSteerDirection
 .text.SetSteeringTorque
                0x000003b0       0xb4 DriveByWireIO.o
                0x000003b0                SetSteeringTorque
 .text.SetAcceleration
                0x00000464       0x5c DriveByWireIO.o
                0x00000464                SetAcceleration
 .text.SetEStopState
                0x000004c0       0x18 DriveByWireIO.o
                0x000004c0                SetEStopState
 .text.SetDebugLED1
                0x000004d8       0x18 DriveByWireIO.o
                0x000004d8                SetDebugLED1
 .text.SetDebugLED2
                0x000004f0       0x18 DriveByWireIO.o
                0x000004f0                SetDebugLED2
 .text.SetDebugVehicleSpeed
                0x00000508       0x20 DriveByWireIO.o
                0x00000508                SetDebugVehicleSpeed
 .text.debug_collector
                0x00000528       0x3c DriveByWireIO.o
                0x00000528                debug_collector
 .text._gpio_set_pin_function
                0x00000564       0x68 driver_init.o
 .text.SteeringEncoder_IRQ_init
                0x000005cc       0x9c driver_init.o
                0x000005cc                SteeringEncoder_IRQ_init
 .text.TARGET_IO_PORT_init
                0x00000668       0x24 driver_init.o
                0x00000668                TARGET_IO_PORT_init
 .text.TARGET_IO_CLOCK_init
                0x0000068c       0x24 driver_init.o
                0x0000068c                TARGET_IO_CLOCK_init
 .text.TARGET_IO_init
                0x000006b0       0x2c driver_init.o
                0x000006b0                TARGET_IO_init
 .text.ACCELERATION_PORT_init
                0x000006dc       0x10 driver_init.o
                0x000006dc                ACCELERATION_PORT_init
 .text.ACCELERATION_CLOCK_init
                0x000006ec       0x1c driver_init.o
                0x000006ec                ACCELERATION_CLOCK_init
 .text.ACCELERATION_init
                0x00000708       0x34 driver_init.o
                0x00000708                ACCELERATION_init
 .text.STEERINGPOWER_PORT_init
                0x0000073c       0x10 driver_init.o
                0x0000073c                STEERINGPOWER_PORT_init
 .text.STEERINGPOWER_CLOCK_init
                0x0000074c       0x1c driver_init.o
                0x0000074c                STEERINGPOWER_CLOCK_init
 .text.STEERINGPOWER_init
                0x00000768       0x34 driver_init.o
                0x00000768                STEERINGPOWER_init
 .text.BRAKE_PORT_init
                0x0000079c       0x10 driver_init.o
                0x0000079c                BRAKE_PORT_init
 .text.BRAKE_CLOCK_init
                0x000007ac       0x1c driver_init.o
                0x000007ac                BRAKE_CLOCK_init
 .text.BRAKE_init
                0x000007c8       0x34 driver_init.o
                0x000007c8                BRAKE_init
 .text.COMMUNICATION_IO_PORT_init
                0x000007fc       0x74 driver_init.o
                0x000007fc                COMMUNICATION_IO_PORT_init
 .text.COMMUNICATION_IO_CLOCK_init
                0x00000870       0x18 driver_init.o
                0x00000870                COMMUNICATION_IO_CLOCK_init
 .text.COMMUNICATION_IO_init
                0x00000888       0x2c driver_init.o
                0x00000888                COMMUNICATION_IO_init
 .text.system_init
                0x000008b4      0x164 driver_init.o
                0x000008b4                system_init
 .text.InitializeLWIP
                0x00000a18       0x50 EthernetIO.o
                0x00000a18                InitializeLWIP
 .text.decode_ethernet_inputs
                0x00000a68      0x134 EthernetIO.o
                0x00000a68                decode_ethernet_inputs
 .text.encode_ethernet_outputs
                0x00000b9c       0x7c EthernetIO.o
                0x00000b9c                encode_ethernet_outputs
 .text.ethernet_thread
                0x00000c18      0x160 EthernetIO.o
                0x00000c18                ethernet_thread
 .text.ethernet_phy_init
                0x00000d78        0x8 ethernet_phy/ethernet_phy.o
                0x00000d78                ethernet_phy_init
 .text.ethernet_phy_get_link_status
                0x00000d80       0x28 ethernet_phy/ethernet_phy.o
                0x00000d80                ethernet_phy_get_link_status
 .text.ETHERNET_PHY_0_init
                0x00000da8       0x28 ethernet_phy_main.o
                0x00000da8                ETHERNET_PHY_0_init
 .text.ethernet_phys_init
                0x00000dd0        0x8 ethernet_phy_main.o
                0x00000dd0                ethernet_phys_init
 .text.TCPIP_STACK_INTERFACE_0_stack_init
                0x00000dd8       0x50 eth_ipstack_main.o
                0x00000dd8                TCPIP_STACK_INTERFACE_0_stack_init
 .text.TCPIP_STACK_INTERFACE_0_init
                0x00000e28       0x68 eth_ipstack_main.o
                0x00000e28                TCPIP_STACK_INTERFACE_0_init
 .text.atomic_enter_critical
                0x00000e90        0xe hal/src/hal_atomic.o
                0x00000e90                atomic_enter_critical
 .text.atomic_leave_critical
                0x00000e9e        0xc hal/src/hal_atomic.o
                0x00000e9e                atomic_leave_critical
 *fill*         0x00000eaa        0x2 
 .text.process_ext_irq
                0x00000eac       0x40 hal/src/hal_ext_irq.o
 .text.ext_irq_init
                0x00000eec       0x24 hal/src/hal_ext_irq.o
                0x00000eec                ext_irq_init
 .text.ext_irq_register
                0x00000f10       0xa0 hal/src/hal_ext_irq.o
                0x00000f10                ext_irq_register
 .text.ext_irq_enable
                0x00000fb0        0xc hal/src/hal_ext_irq.o
                0x00000fb0                ext_irq_enable
 .text.ext_irq_disable
                0x00000fbc        0xc hal/src/hal_ext_irq.o
                0x00000fbc                ext_irq_disable
 .text.io_write
                0x00000fc8        0x4 hal/src/hal_io.o
                0x00000fc8                io_write
 .text.io_read  0x00000fcc        0x4 hal/src/hal_io.o
                0x00000fcc                io_read
 .text.mac_read_cb
                0x00000fd0        0x8 hal/src/hal_mac_async.o
 .text.mac_write_cb
                0x00000fd8        0x8 hal/src/hal_mac_async.o
 .text.mac_async_init
                0x00000fe0        0x8 hal/src/hal_mac_async.o
                0x00000fe0                mac_async_init
 .text.mac_async_enable
                0x00000fe8        0x8 hal/src/hal_mac_async.o
                0x00000fe8                mac_async_enable
 .text.mac_async_write
                0x00000ff0        0x8 hal/src/hal_mac_async.o
                0x00000ff0                mac_async_write
 .text.mac_async_read
                0x00000ff8        0x8 hal/src/hal_mac_async.o
                0x00000ff8                mac_async_read
 .text.mac_async_read_len
                0x00001000        0x8 hal/src/hal_mac_async.o
                0x00001000                mac_async_read_len
 .text.mac_async_register_callback
                0x00001008       0x38 hal/src/hal_mac_async.o
                0x00001008                mac_async_register_callback
 .text.mac_async_set_filter
                0x00001040        0x8 hal/src/hal_mac_async.o
                0x00001040                mac_async_set_filter
 .text.mac_async_read_phy_reg
                0x00001048       0x10 hal/src/hal_mac_async.o
                0x00001048                mac_async_read_phy_reg
 .text.pwm_period_expired
                0x00001058        0x8 hal/src/hal_pwm.o
 .text.pwm_detect_fault
                0x00001060        0x8 hal/src/hal_pwm.o
 .text.pwm_init
                0x00001068       0x20 hal/src/hal_pwm.o
                0x00001068                pwm_init
 .text.pwm_enable
                0x00001088       0x24 hal/src/hal_pwm.o
                0x00001088                pwm_enable
 .text.pwm_set_parameters
                0x000010ac       0x10 hal/src/hal_pwm.o
                0x000010ac                pwm_set_parameters
 .text.usart_sync_write
                0x000010bc       0x50 hal/src/hal_usart_sync.o
 .text.usart_sync_read
                0x0000110c       0x38 hal/src/hal_usart_sync.o
 .text.usart_sync_init
                0x00001144       0x24 hal/src/hal_usart_sync.o
                0x00001144                usart_sync_init
 .text.usart_sync_enable
                0x00001168       0x10 hal/src/hal_usart_sync.o
                0x00001168                usart_sync_enable
 .text._sbrk    0x00001178       0x1c hal/utils/src/utils_syscalls.o
                0x00001178                _sbrk
 .text._close   0x00001194        0x6 hal/utils/src/utils_syscalls.o
                0x00001194                _close
 .text._fstat   0x0000119a        0xa hal/utils/src/utils_syscalls.o
                0x0000119a                _fstat
 .text._isatty  0x000011a4        0x4 hal/utils/src/utils_syscalls.o
                0x000011a4                _isatty
 .text._lseek   0x000011a8        0x4 hal/utils/src/utils_syscalls.o
                0x000011a8                _lseek
 .text._init_chip
                0x000011ac       0x40 hpl/core/hpl_init.o
                0x000011ac                _init_chip
 .text._ext_irq_handler
                0x000011ec       0x8c hpl/eic/hpl_eic.o
 .text.hri_eic_wait_for_sync.constprop.6
                0x00001278       0x10 hpl/eic/hpl_eic.o
 .text._ext_irq_init
                0x00001288       0xb0 hpl/eic/hpl_eic.o
                0x00001288                _ext_irq_init
 .text._ext_irq_enable
                0x00001338       0x3c hpl/eic/hpl_eic.o
                0x00001338                _ext_irq_enable
 .text.EIC_0_Handler
                0x00001374        0x8 hpl/eic/hpl_eic.o
                0x00001374                EIC_0_Handler
 .text.EIC_7_Handler
                0x0000137c        0x8 hpl/eic/hpl_eic.o
                0x0000137c                EIC_7_Handler
 .text._gclk_init_generators_by_fref
                0x00001384       0x20 hpl/gclk/hpl_gclk.o
                0x00001384                _gclk_init_generators_by_fref
 .text.GMAC_Handler
                0x000013a4       0x4c hpl/gmac/hpl_gmac.o
                0x000013a4                GMAC_Handler
 .text._mac_async_init
                0x000013f0       0xa8 hpl/gmac/hpl_gmac.o
                0x000013f0                _mac_async_init
 .text._mac_async_enable
                0x00001498        0xe hpl/gmac/hpl_gmac.o
                0x00001498                _mac_async_enable
 *fill*         0x000014a6        0x2 
 .text._mac_async_write
                0x000014a8      0x100 hpl/gmac/hpl_gmac.o
                0x000014a8                _mac_async_write
 .text._mac_async_read
                0x000015a8       0xf4 hpl/gmac/hpl_gmac.o
                0x000015a8                _mac_async_read
 .text._mac_async_read_len
                0x0000169c       0x5c hpl/gmac/hpl_gmac.o
                0x0000169c                _mac_async_read_len
 .text._mac_async_register_callback
                0x000016f8       0x28 hpl/gmac/hpl_gmac.o
                0x000016f8                _mac_async_register_callback
 .text._mac_async_set_filter
                0x00001720       0x20 hpl/gmac/hpl_gmac.o
                0x00001720                _mac_async_set_filter
 .text._mac_async_read_phy_reg
                0x00001740       0x3a hpl/gmac/hpl_gmac.o
                0x00001740                _mac_async_read_phy_reg
 *fill*         0x0000177a        0x2 
 .text._mclk_init
                0x0000177c        0xc hpl/mclk/hpl_mclk.o
                0x0000177c                _mclk_init
 .text._osc32kctrl_init_sources
                0x00001788       0x14 hpl/osc32kctrl/hpl_osc32kctrl.o
                0x00001788                _osc32kctrl_init_sources
 .text._oscctrl_init_sources
                0x0000179c       0x18 hpl/oscctrl/hpl_oscctrl.o
                0x0000179c                _oscctrl_init_sources
 .text._oscctrl_init_referenced_generators
                0x000017b4        0x2 hpl/oscctrl/hpl_oscctrl.o
                0x000017b4                _oscctrl_init_referenced_generators
 *fill*         0x000017b6        0x2 
 .text.RAMECC_Handler
                0x000017b8       0x3c hpl/ramecc/hpl_ramecc.o
                0x000017b8                RAMECC_Handler
 .text.hri_sercomusart_wait_for_sync
                0x000017f4        0x8 hpl/sercom/hpl_sercom.o
 .text.hri_sercomusart_clear_CTRLA_ENABLE_bit
                0x000017fc       0x14 hpl/sercom/hpl_sercom.o
 .text._usart_init
                0x00001810       0x6c hpl/sercom/hpl_sercom.o
 .text._usart_sync_init
                0x0000187c        0xc hpl/sercom/hpl_sercom.o
                0x0000187c                _usart_sync_init
 .text._usart_sync_enable
                0x00001888       0x14 hpl/sercom/hpl_sercom.o
                0x00001888                _usart_sync_enable
 .text._usart_sync_write_byte
                0x0000189c        0x6 hpl/sercom/hpl_sercom.o
                0x0000189c                _usart_sync_write_byte
 .text._usart_sync_read_byte
                0x000018a2        0x8 hpl/sercom/hpl_sercom.o
                0x000018a2                _usart_sync_read_byte
 .text._usart_sync_is_ready_to_send
                0x000018aa        0xa hpl/sercom/hpl_sercom.o
                0x000018aa                _usart_sync_is_ready_to_send
 .text._usart_sync_is_transmit_done
                0x000018b4        0xa hpl/sercom/hpl_sercom.o
                0x000018b4                _usart_sync_is_transmit_done
 .text._usart_sync_is_byte_received
                0x000018be        0xa hpl/sercom/hpl_sercom.o
                0x000018be                _usart_sync_is_byte_received
 .text.__NVIC_DisableIRQ
                0x000018c8       0x28 hpl/tc/hpl_tc.o
 .text.hri_tc_wait_for_sync
                0x000018f0        0x8 hpl/tc/hpl_tc.o
 .text.tc_pwm_interrupt_handler
                0x000018f8       0x2e hpl/tc/hpl_tc.o
 *fill*         0x00001926        0x2 
 .text.get_tc_index
                0x00001928       0x60 hpl/tc/hpl_tc.o
 .text._pwm_init
                0x00001988      0x124 hpl/tc/hpl_tc.o
                0x00001988                _pwm_init
 .text._pwm_enable
                0x00001aac       0x14 hpl/tc/hpl_tc.o
                0x00001aac                _pwm_enable
 .text._pwm_set_param
                0x00001ac0       0x58 hpl/tc/hpl_tc.o
                0x00001ac0                _pwm_set_param
 .text._pwm_is_enabled
                0x00001b18       0x18 hpl/tc/hpl_tc.o
                0x00001b18                _pwm_is_enabled
 .text._tc_get_pwm
                0x00001b30        0x4 hpl/tc/hpl_tc.o
                0x00001b30                _tc_get_pwm
 .text.TC0_Handler
                0x00001b34       0x10 hpl/tc/hpl_tc.o
                0x00001b34                TC0_Handler
 .text.TC4_Handler
                0x00001b44       0x10 hpl/tc/hpl_tc.o
                0x00001b44                TC4_Handler
 .text.TC5_Handler
                0x00001b54       0x10 hpl/tc/hpl_tc.o
                0x00001b54                TC5_Handler
 .text.mac_low_level_init
                0x00001b64       0x28 lwip/lwip-1.4.0/port/ethif_mac.o
                0x00001b64                mac_low_level_init
 .text.mac_low_level_output
                0x00001b8c       0x8c lwip/lwip-1.4.0/port/ethif_mac.o
                0x00001b8c                mac_low_level_output
 .text.ethernetif_mac_input
                0x00001c18       0x94 lwip/lwip-1.4.0/port/ethif_mac.o
                0x00001c18                ethernetif_mac_input
 .text.sys_init
                0x00001cac        0xc lwip/lwip-1.4.0/port/sys_arch.o
                0x00001cac                sys_init
 .text.sys_sem_new
                0x00001cb8       0x60 lwip/lwip-1.4.0/port/sys_arch.o
                0x00001cb8                sys_sem_new
 .text.sys_sem_signal
                0x00001d18       0x20 lwip/lwip-1.4.0/port/sys_arch.o
                0x00001d18                sys_sem_signal
 .text.sys_arch_sem_wait
                0x00001d38       0x58 lwip/lwip-1.4.0/port/sys_arch.o
                0x00001d38                sys_arch_sem_wait
 .text.sys_sem_valid
                0x00001d90        0x4 lwip/lwip-1.4.0/port/sys_arch.o
                0x00001d90                sys_sem_valid
 .text.sys_sem_set_invalid
                0x00001d94        0x6 lwip/lwip-1.4.0/port/sys_arch.o
                0x00001d94                sys_sem_set_invalid
 *fill*         0x00001d9a        0x2 
 .text.sys_mbox_new
                0x00001d9c       0x24 lwip/lwip-1.4.0/port/sys_arch.o
                0x00001d9c                sys_mbox_new
 .text.sys_mbox_free
                0x00001dc0       0x10 lwip/lwip-1.4.0/port/sys_arch.o
                0x00001dc0                sys_mbox_free
 .text.sys_sem_free
                0x00001dd0        0x8 lwip/lwip-1.4.0/port/sys_arch.o
                0x00001dd0                sys_sem_free
 .text.sys_mbox_post
                0x00001dd8       0x24 lwip/lwip-1.4.0/port/sys_arch.o
                0x00001dd8                sys_mbox_post
 .text.sys_mbox_trypost
                0x00001dfc       0x6c lwip/lwip-1.4.0/port/sys_arch.o
                0x00001dfc                sys_mbox_trypost
 .text.sys_arch_mbox_fetch
                0x00001e68       0x64 lwip/lwip-1.4.0/port/sys_arch.o
                0x00001e68                sys_arch_mbox_fetch
 .text.sys_arch_mbox_tryfetch
                0x00001ecc       0x28 lwip/lwip-1.4.0/port/sys_arch.o
                0x00001ecc                sys_arch_mbox_tryfetch
 .text.sys_mbox_valid
                0x00001ef4        0x4 lwip/lwip-1.4.0/port/sys_arch.o
                0x00001ef4                sys_mbox_valid
 .text.sys_mbox_set_invalid
                0x00001ef8        0x6 lwip/lwip-1.4.0/port/sys_arch.o
                0x00001ef8                sys_mbox_set_invalid
 *fill*         0x00001efe        0x2 
 .text.sys_thread_new
                0x00001f00       0x40 lwip/lwip-1.4.0/port/sys_arch.o
                0x00001f00                sys_thread_new
 .text.netconn_recv_data
                0x00001f40       0xac lwip/lwip-1.4.0/src/api/api_lib.o
 .text.netconn_new_with_proto_and_callback
                0x00001fec       0x5c lwip/lwip-1.4.0/src/api/api_lib.o
                0x00001fec                netconn_new_with_proto_and_callback
 .text.netconn_delete
                0x00002048       0x2c lwip/lwip-1.4.0/src/api/api_lib.o
                0x00002048                netconn_delete
 .text.netconn_getaddr
                0x00002074       0x3c lwip/lwip-1.4.0/src/api/api_lib.o
                0x00002074                netconn_getaddr
 .text.netconn_bind
                0x000020b0       0x34 lwip/lwip-1.4.0/src/api/api_lib.o
                0x000020b0                netconn_bind
 .text.netconn_recv_tcp_pbuf
                0x000020e4       0x14 lwip/lwip-1.4.0/src/api/api_lib.o
                0x000020e4                netconn_recv_tcp_pbuf
 .text.netconn_recv
                0x000020f8       0x84 lwip/lwip-1.4.0/src/api/api_lib.o
                0x000020f8                netconn_recv
 .text.netconn_recved
                0x0000217c       0x2c lwip/lwip-1.4.0/src/api/api_lib.o
                0x0000217c                netconn_recved
 .text.netconn_send
                0x000021a8       0x30 lwip/lwip-1.4.0/src/api/api_lib.o
                0x000021a8                netconn_send
 .text.netconn_write_partly
                0x000021d8       0x6c lwip/lwip-1.4.0/src/api/api_lib.o
                0x000021d8                netconn_write_partly
 .text.err_tcp  0x00002244       0x94 lwip/lwip-1.4.0/src/api/api_msg.o
 .text.recv_udp
                0x000022d8       0x80 lwip/lwip-1.4.0/src/api/api_msg.o
 .text.setup_tcp
                0x00002358       0x58 lwip/lwip-1.4.0/src/api/api_msg.o
 .text.do_writemore
                0x000023b0      0x110 lwip/lwip-1.4.0/src/api/api_msg.o
 .text.do_close_internal
                0x000024c0      0x110 lwip/lwip-1.4.0/src/api/api_msg.o
 .text.poll_tcp
                0x000025d0       0x54 lwip/lwip-1.4.0/src/api/api_msg.o
 .text.sent_tcp
                0x00002624       0x54 lwip/lwip-1.4.0/src/api/api_msg.o
 .text.recv_tcp
                0x00002678       0x80 lwip/lwip-1.4.0/src/api/api_msg.o
 .text.do_newconn
                0x000026f8       0x7c lwip/lwip-1.4.0/src/api/api_msg.o
                0x000026f8                do_newconn
 .text.netconn_alloc
                0x00002774       0x78 lwip/lwip-1.4.0/src/api/api_msg.o
                0x00002774                netconn_alloc
 .text.netconn_free
                0x000027ec       0x2c lwip/lwip-1.4.0/src/api/api_msg.o
                0x000027ec                netconn_free
 .text.netconn_drain
                0x00002818       0xc4 lwip/lwip-1.4.0/src/api/api_msg.o
 .text.do_delconn
                0x000028dc       0x98 lwip/lwip-1.4.0/src/api/api_msg.o
                0x000028dc                do_delconn
 .text.do_bind  0x00002974       0x58 lwip/lwip-1.4.0/src/api/api_msg.o
                0x00002974                do_bind
 .text.do_send  0x000029cc       0x60 lwip/lwip-1.4.0/src/api/api_msg.o
                0x000029cc                do_send
 .text.do_recv  0x00002a2c       0x48 lwip/lwip-1.4.0/src/api/api_msg.o
                0x00002a2c                do_recv
 .text.do_write
                0x00002a74       0x44 lwip/lwip-1.4.0/src/api/api_msg.o
                0x00002a74                do_write
 .text.do_getaddr
                0x00002ab8       0x5c lwip/lwip-1.4.0/src/api/api_msg.o
                0x00002ab8                do_getaddr
 .text.netbuf_delete
                0x00002b14       0x2c lwip/lwip-1.4.0/src/api/netbuf.o
                0x00002b14                netbuf_delete
 .text.netbuf_free
                0x00002b40       0x1c lwip/lwip-1.4.0/src/api/netbuf.o
                0x00002b40                netbuf_free
 .text.netbuf_ref
                0x00002b5c       0x40 lwip/lwip-1.4.0/src/api/netbuf.o
                0x00002b5c                netbuf_ref
 .text.get_socket
                0x00002b9c       0x20 lwip/lwip-1.4.0/src/api/sockets.o
 .text.alloc_socket
                0x00002bbc       0x50 lwip/lwip-1.4.0/src/api/sockets.o
 .text.event_callback
                0x00002c0c       0xe0 lwip/lwip-1.4.0/src/api/sockets.o
 .text.lwip_setsockopt_internal
                0x00002cec       0xac lwip/lwip-1.4.0/src/api/sockets.o
 .text.lwip_socket_init
                0x00002d98        0x2 lwip/lwip-1.4.0/src/api/sockets.o
                0x00002d98                lwip_socket_init
 *fill*         0x00002d9a        0x2 
 .text.lwip_bind
                0x00002d9c       0x64 lwip/lwip-1.4.0/src/api/sockets.o
                0x00002d9c                lwip_bind
 .text.lwip_recvfrom
                0x00002e00      0x1d4 lwip/lwip-1.4.0/src/api/sockets.o
                0x00002e00                lwip_recvfrom
 .text.lwip_recv
                0x00002fd4       0x14 lwip/lwip-1.4.0/src/api/sockets.o
                0x00002fd4                lwip_recv
 .text.lwip_sendto
                0x00002fe8       0xc0 lwip/lwip-1.4.0/src/api/sockets.o
                0x00002fe8                lwip_sendto
 .text.lwip_send
                0x000030a8       0x84 lwip/lwip-1.4.0/src/api/sockets.o
                0x000030a8                lwip_send
 .text.lwip_socket
                0x0000312c       0x7c lwip/lwip-1.4.0/src/api/sockets.o
                0x0000312c                lwip_socket
 .text.lwip_setsockopt
                0x000031a8       0xd8 lwip/lwip-1.4.0/src/api/sockets.o
                0x000031a8                lwip_setsockopt
 .text.tcpip_thread
                0x00003280       0x9c lwip/lwip-1.4.0/src/api/tcpip.o
 .text.tcpip_input
                0x0000331c       0x54 lwip/lwip-1.4.0/src/api/tcpip.o
                0x0000331c                tcpip_input
 .text.tcpip_callback_with_block
                0x00003370       0x64 lwip/lwip-1.4.0/src/api/tcpip.o
                0x00003370                tcpip_callback_with_block
 .text.tcpip_apimsg
                0x000033d4       0x48 lwip/lwip-1.4.0/src/api/tcpip.o
                0x000033d4                tcpip_apimsg
 .text.tcpip_init
                0x0000341c       0x48 lwip/lwip-1.4.0/src/api/tcpip.o
                0x0000341c                tcpip_init
 .text.lwip_htons
                0x00003464        0x6 lwip/lwip-1.4.0/src/core/def.o
                0x00003464                lwip_htons
 .text.lwip_ntohs
                0x0000346a        0x6 lwip/lwip-1.4.0/src/core/def.o
                0x0000346a                lwip_ntohs
 .text.lwip_htonl
                0x00003470        0x4 lwip/lwip-1.4.0/src/core/def.o
                0x00003470                lwip_htonl
 .text.lwip_ntohl
                0x00003474        0x8 lwip/lwip-1.4.0/src/core/def.o
                0x00003474                lwip_ntohl
 .text.lwip_init
                0x0000347c       0x48 lwip/lwip-1.4.0/src/core/init.o
                0x0000347c                lwip_init
 .text.icmp_send_response.isra.0
                0x000034c4       0x88 lwip/lwip-1.4.0/src/core/ipv4/icmp.o
 .text.icmp_input
                0x0000354c      0x148 lwip/lwip-1.4.0/src/core/ipv4/icmp.o
                0x0000354c                icmp_input
 .text.icmp_dest_unreach
                0x00003694       0x10 lwip/lwip-1.4.0/src/core/ipv4/icmp.o
                0x00003694                icmp_dest_unreach
 .text.icmp_time_exceeded
                0x000036a4       0x10 lwip/lwip-1.4.0/src/core/ipv4/icmp.o
                0x000036a4                icmp_time_exceeded
 .text.lwip_standard_chksum
                0x000036b4       0x60 lwip/lwip-1.4.0/src/core/ipv4/inet_chksum.o
 .text.inet_chksum_pseudo
                0x00003714       0x90 lwip/lwip-1.4.0/src/core/ipv4/inet_chksum.o
                0x00003714                inet_chksum_pseudo
 .text.inet_chksum
                0x000037a4       0x10 lwip/lwip-1.4.0/src/core/ipv4/inet_chksum.o
                0x000037a4                inet_chksum
 .text.inet_chksum_pbuf
                0x000037b4       0x4c lwip/lwip-1.4.0/src/core/ipv4/inet_chksum.o
                0x000037b4                inet_chksum_pbuf
 .text.ip_route
                0x00003800       0x3c lwip/lwip-1.4.0/src/core/ipv4/ip.o
                0x00003800                ip_route
 .text.ip_input
                0x0000383c      0x188 lwip/lwip-1.4.0/src/core/ipv4/ip.o
                0x0000383c                ip_input
 .text.ip_output_if
                0x000039c4       0xfc lwip/lwip-1.4.0/src/core/ipv4/ip.o
                0x000039c4                ip_output_if
 .text.ip_output
                0x00003ac0       0x40 lwip/lwip-1.4.0/src/core/ipv4/ip.o
                0x00003ac0                ip_output
 .text.ip4_addr_isbroadcast
                0x00003b00       0x32 lwip/lwip-1.4.0/src/core/ipv4/ip_addr.o
                0x00003b00                ip4_addr_isbroadcast
 *fill*         0x00003b32        0x2 
 .text.ipaddr_aton
                0x00003b34      0x108 lwip/lwip-1.4.0/src/core/ipv4/ip_addr.o
                0x00003b34                ipaddr_aton
 .text.ipaddr_ntoa_r
                0x00003c3c       0x92 lwip/lwip-1.4.0/src/core/ipv4/ip_addr.o
                0x00003c3c                ipaddr_ntoa_r
 *fill*         0x00003cce        0x2 
 .text.ipfrag_free_pbuf_custom
                0x00003cd0       0x20 lwip/lwip-1.4.0/src/core/ipv4/ip_frag.o
 .text.ip_reass_free_complete_datagram
                0x00003cf0       0x9c lwip/lwip-1.4.0/src/core/ipv4/ip_frag.o
 .text.ip_reass_remove_oldest_datagram
                0x00003d8c       0x78 lwip/lwip-1.4.0/src/core/ipv4/ip_frag.o
 .text.ip_reass_tmr
                0x00003e04       0x2c lwip/lwip-1.4.0/src/core/ipv4/ip_frag.o
                0x00003e04                ip_reass_tmr
 .text.ip_reass
                0x00003e30      0x2e8 lwip/lwip-1.4.0/src/core/ipv4/ip_frag.o
                0x00003e30                ip_reass
 .text.ip_frag  0x00004118      0x19c lwip/lwip-1.4.0/src/core/ipv4/ip_frag.o
                0x00004118                ip_frag
 .text.mem_init
                0x000042b4       0x3c lwip/lwip-1.4.0/src/core/mem.o
                0x000042b4                mem_init
 .text.mem_free
                0x000042f0       0xa0 lwip/lwip-1.4.0/src/core/mem.o
                0x000042f0                mem_free
 .text.mem_trim
                0x00004390       0xc4 lwip/lwip-1.4.0/src/core/mem.o
                0x00004390                mem_trim
 .text.mem_malloc
                0x00004454       0xd0 lwip/lwip-1.4.0/src/core/mem.o
                0x00004454                mem_malloc
 .text.memp_init
                0x00004524       0x54 lwip/lwip-1.4.0/src/core/memp.o
                0x00004524                memp_init
 .text.memp_malloc
                0x00004578       0x20 lwip/lwip-1.4.0/src/core/memp.o
                0x00004578                memp_malloc
 .text.memp_free
                0x00004598       0x18 lwip/lwip-1.4.0/src/core/memp.o
                0x00004598                memp_free
 .text.netif_init
                0x000045b0        0x2 lwip/lwip-1.4.0/src/core/netif.o
                0x000045b0                netif_init
 *fill*         0x000045b2        0x2 
 .text.netif_set_ipaddr
                0x000045b4       0x54 lwip/lwip-1.4.0/src/core/netif.o
                0x000045b4                netif_set_ipaddr
 .text.netif_set_addr
                0x00004608       0x20 lwip/lwip-1.4.0/src/core/netif.o
                0x00004608                netif_set_addr
 .text.netif_add
                0x00004628       0x54 lwip/lwip-1.4.0/src/core/netif.o
                0x00004628                netif_add
 .text.netif_set_default
                0x0000467c        0xc lwip/lwip-1.4.0/src/core/netif.o
                0x0000467c                netif_set_default
 .text.netif_set_up
                0x00004688       0x38 lwip/lwip-1.4.0/src/core/netif.o
                0x00004688                netif_set_up
 .text.pbuf_free_ooseq_callback
                0x000046c0       0x30 lwip/lwip-1.4.0/src/core/pbuf.o
 .text.pbuf_pool_is_empty
                0x000046f0       0x2c lwip/lwip-1.4.0/src/core/pbuf.o
 .text.pbuf_alloced_custom
                0x0000471c       0x4e lwip/lwip-1.4.0/src/core/pbuf.o
                0x0000471c                pbuf_alloced_custom
 .text.pbuf_header
                0x0000476a       0x58 lwip/lwip-1.4.0/src/core/pbuf.o
                0x0000476a                pbuf_header
 *fill*         0x000047c2        0x2 
 .text.pbuf_free
                0x000047c4       0x58 lwip/lwip-1.4.0/src/core/pbuf.o
                0x000047c4                pbuf_free
 .text.pbuf_alloc
                0x0000481c      0x118 lwip/lwip-1.4.0/src/core/pbuf.o
                0x0000481c                pbuf_alloc
 .text.pbuf_realloc
                0x00004934       0x54 lwip/lwip-1.4.0/src/core/pbuf.o
                0x00004934                pbuf_realloc
 .text.pbuf_clen
                0x00004988       0x10 lwip/lwip-1.4.0/src/core/pbuf.o
                0x00004988                pbuf_clen
 .text.pbuf_ref
                0x00004998        0xa lwip/lwip-1.4.0/src/core/pbuf.o
                0x00004998                pbuf_ref
 .text.pbuf_cat
                0x000049a2       0x1c lwip/lwip-1.4.0/src/core/pbuf.o
                0x000049a2                pbuf_cat
 *fill*         0x000049be        0x2 
 .text.pbuf_chain
                0x000049c0       0x18 lwip/lwip-1.4.0/src/core/pbuf.o
                0x000049c0                pbuf_chain
 .text.pbuf_copy
                0x000049d8       0x98 lwip/lwip-1.4.0/src/core/pbuf.o
                0x000049d8                pbuf_copy
 .text.pbuf_copy_partial
                0x00004a70       0x5c lwip/lwip-1.4.0/src/core/pbuf.o
                0x00004a70                pbuf_copy_partial
 .text.unlikely.tcp_new_port
                0x00004acc       0x50 lwip/lwip-1.4.0/src/core/tcp.o
 .text.tcp_init
                0x00004b1c        0x2 lwip/lwip-1.4.0/src/core/tcp.o
                0x00004b1c                tcp_init
 *fill*         0x00004b1e        0x2 
 .text.tcp_bind
                0x00004b20       0x78 lwip/lwip-1.4.0/src/core/tcp.o
                0x00004b20                tcp_bind
 .text.tcp_update_rcv_ann_wnd
                0x00004b98       0x36 lwip/lwip-1.4.0/src/core/tcp.o
                0x00004b98                tcp_update_rcv_ann_wnd
 *fill*         0x00004bce        0x2 
 .text.tcp_recved
                0x00004bd0       0x40 lwip/lwip-1.4.0/src/core/tcp.o
                0x00004bd0                tcp_recved
 .text.tcp_seg_free
                0x00004c10       0x24 lwip/lwip-1.4.0/src/core/tcp.o
                0x00004c10                tcp_seg_free
 .text.tcp_segs_free
                0x00004c34       0x14 lwip/lwip-1.4.0/src/core/tcp.o
                0x00004c34                tcp_segs_free
 .text.tcp_seg_copy
                0x00004c48       0x34 lwip/lwip-1.4.0/src/core/tcp.o
                0x00004c48                tcp_seg_copy
 .text.tcp_arg  0x00004c7c        0x4 lwip/lwip-1.4.0/src/core/tcp.o
                0x00004c7c                tcp_arg
 .text.tcp_recv
                0x00004c80        0x6 lwip/lwip-1.4.0/src/core/tcp.o
                0x00004c80                tcp_recv
 .text.tcp_sent
                0x00004c86        0x4 lwip/lwip-1.4.0/src/core/tcp.o
                0x00004c86                tcp_sent
 .text.tcp_err  0x00004c8a        0x6 lwip/lwip-1.4.0/src/core/tcp.o
                0x00004c8a                tcp_err
 .text.tcp_accept
                0x00004c90        0x4 lwip/lwip-1.4.0/src/core/tcp.o
                0x00004c90                tcp_accept
 .text.tcp_poll
                0x00004c94        0xa lwip/lwip-1.4.0/src/core/tcp.o
                0x00004c94                tcp_poll
 *fill*         0x00004c9e        0x2 
 .text.tcp_pcb_purge
                0x00004ca0       0x44 lwip/lwip-1.4.0/src/core/tcp.o
                0x00004ca0                tcp_pcb_purge
 .text.tcp_slowtmr
                0x00004ce4      0x2f8 lwip/lwip-1.4.0/src/core/tcp.o
                0x00004ce4                tcp_slowtmr
 .text.tcp_pcb_remove
                0x00004fdc       0x6c lwip/lwip-1.4.0/src/core/tcp.o
                0x00004fdc                tcp_pcb_remove
 .text.tcp_close_shutdown
                0x00005048      0x170 lwip/lwip-1.4.0/src/core/tcp.o
 .text.tcp_close
                0x000051b8       0x18 lwip/lwip-1.4.0/src/core/tcp.o
                0x000051b8                tcp_close
 .text.tcp_recv_null
                0x000051d0       0x30 lwip/lwip-1.4.0/src/core/tcp.o
                0x000051d0                tcp_recv_null
 .text.tcp_process_refused_data
                0x00005200       0x6c lwip/lwip-1.4.0/src/core/tcp.o
                0x00005200                tcp_process_refused_data
 .text.tcp_fasttmr
                0x0000526c       0x78 lwip/lwip-1.4.0/src/core/tcp.o
                0x0000526c                tcp_fasttmr
 .text.tcp_tmr  0x000052e4       0x2c lwip/lwip-1.4.0/src/core/tcp.o
                0x000052e4                tcp_tmr
 .text.tcp_shutdown
                0x00005310       0x54 lwip/lwip-1.4.0/src/core/tcp.o
                0x00005310                tcp_shutdown
 .text.tcp_abandon
                0x00005364       0xb0 lwip/lwip-1.4.0/src/core/tcp.o
                0x00005364                tcp_abandon
 .text.tcp_abort
                0x00005414        0xc lwip/lwip-1.4.0/src/core/tcp.o
                0x00005414                tcp_abort
 .text.tcp_next_iss
                0x00005420       0x18 lwip/lwip-1.4.0/src/core/tcp.o
                0x00005420                tcp_next_iss
 .text.tcp_alloc
                0x00005438      0x11c lwip/lwip-1.4.0/src/core/tcp.o
                0x00005438                tcp_alloc
 .text.tcp_new  0x00005554        0xc lwip/lwip-1.4.0/src/core/tcp.o
                0x00005554                tcp_new
 .text.tcp_eff_send_mss
                0x00005560       0x24 lwip/lwip-1.4.0/src/core/tcp.o
                0x00005560                tcp_eff_send_mss
 .text.tcp_oos_insert_segment
                0x00005584       0x9c lwip/lwip-1.4.0/src/core/tcp_in.o
 .text.tcp_receive
                0x00005620      0x778 lwip/lwip-1.4.0/src/core/tcp_in.o
 .text.tcp_parseopt.isra.0
                0x00005d98       0x84 lwip/lwip-1.4.0/src/core/tcp_in.o
 .text.tcp_input
                0x00005e1c      0x818 lwip/lwip-1.4.0/src/core/tcp_in.o
                0x00005e1c                tcp_input
 .text.tcp_pbuf_prealloc
                0x00006634       0x54 lwip/lwip-1.4.0/src/core/tcp_out.o
 .text.tcp_create_segment
                0x00006688       0xd0 lwip/lwip-1.4.0/src/core/tcp_out.o
 .text.tcp_output_alloc_header.constprop.0
                0x00006758       0x68 lwip/lwip-1.4.0/src/core/tcp_out.o
 .text.tcp_write
                0x000067c0      0x348 lwip/lwip-1.4.0/src/core/tcp_out.o
                0x000067c0                tcp_write
 .text.tcp_enqueue_flags
                0x00006b08       0xac lwip/lwip-1.4.0/src/core/tcp_out.o
                0x00006b08                tcp_enqueue_flags
 .text.tcp_send_fin
                0x00006bb4       0x54 lwip/lwip-1.4.0/src/core/tcp_out.o
                0x00006bb4                tcp_send_fin
 .text.tcp_send_empty_ack
                0x00006c08       0x74 lwip/lwip-1.4.0/src/core/tcp_out.o
                0x00006c08                tcp_send_empty_ack
 .text.tcp_output
                0x00006c7c      0x290 lwip/lwip-1.4.0/src/core/tcp_out.o
                0x00006c7c                tcp_output
 .text.tcp_rst  0x00006f0c       0xb0 lwip/lwip-1.4.0/src/core/tcp_out.o
                0x00006f0c                tcp_rst
 .text.tcp_rexmit_rto
                0x00006fbc       0x38 lwip/lwip-1.4.0/src/core/tcp_out.o
                0x00006fbc                tcp_rexmit_rto
 .text.tcp_rexmit
                0x00006ff4       0x58 lwip/lwip-1.4.0/src/core/tcp_out.o
                0x00006ff4                tcp_rexmit
 .text.tcp_rexmit_fast
                0x0000704c       0x54 lwip/lwip-1.4.0/src/core/tcp_out.o
                0x0000704c                tcp_rexmit_fast
 .text.tcp_keepalive
                0x000070a0       0x6c lwip/lwip-1.4.0/src/core/tcp_out.o
                0x000070a0                tcp_keepalive
 .text.tcp_zero_window_probe
                0x0000710c       0xc4 lwip/lwip-1.4.0/src/core/tcp_out.o
                0x0000710c                tcp_zero_window_probe
 .text.sys_timeout
                0x000071d0       0x60 lwip/lwip-1.4.0/src/core/timers.o
                0x000071d0                sys_timeout
 .text.tcp_timer_needed
                0x00007230       0x38 lwip/lwip-1.4.0/src/core/timers.o
                0x00007230                tcp_timer_needed
 .text.tcpip_tcp_timer
                0x00007268       0x40 lwip/lwip-1.4.0/src/core/timers.o
 .text.sys_timeouts_init
                0x000072a8       0x2c lwip/lwip-1.4.0/src/core/timers.o
                0x000072a8                sys_timeouts_init
 .text.arp_timer
                0x000072d4       0x24 lwip/lwip-1.4.0/src/core/timers.o
 .text.ip_reass_timer
                0x000072f8       0x24 lwip/lwip-1.4.0/src/core/timers.o
 .text.sys_untimeout
                0x0000731c       0x4c lwip/lwip-1.4.0/src/core/timers.o
                0x0000731c                sys_untimeout
 .text.sys_timeouts_mbox_fetch
                0x00007368       0x6c lwip/lwip-1.4.0/src/core/timers.o
                0x00007368                sys_timeouts_mbox_fetch
 .text.udp_init
                0x000073d4        0x2 lwip/lwip-1.4.0/src/core/udp.o
                0x000073d4                udp_init
 *fill*         0x000073d6        0x2 
 .text.udp_input
                0x000073d8      0x168 lwip/lwip-1.4.0/src/core/udp.o
                0x000073d8                udp_input
 .text.udp_bind
                0x00007540       0x98 lwip/lwip-1.4.0/src/core/udp.o
                0x00007540                udp_bind
 .text.udp_sendto_if
                0x000075d8      0x10c lwip/lwip-1.4.0/src/core/udp.o
                0x000075d8                udp_sendto_if
 .text.udp_sendto
                0x000076e4       0x34 lwip/lwip-1.4.0/src/core/udp.o
                0x000076e4                udp_sendto
 .text.udp_send
                0x00007718       0x18 lwip/lwip-1.4.0/src/core/udp.o
                0x00007718                udp_send
 .text.udp_recv
                0x00007730        0x6 lwip/lwip-1.4.0/src/core/udp.o
                0x00007730                udp_recv
 *fill*         0x00007736        0x2 
 .text.udp_remove
                0x00007738       0x30 lwip/lwip-1.4.0/src/core/udp.o
                0x00007738                udp_remove
 .text.udp_new  0x00007768       0x24 lwip/lwip-1.4.0/src/core/udp.o
                0x00007768                udp_new
 .text.etharp_free_entry
                0x0000778c       0x2c lwip/lwip-1.4.0/src/netif/etharp.o
 .text.etharp_find_entry
                0x000077b8       0xd4 lwip/lwip-1.4.0/src/netif/etharp.o
 .text.etharp_send_ip
                0x0000788c       0x24 lwip/lwip-1.4.0/src/netif/etharp.o
 .text.etharp_tmr
                0x000078b0       0x44 lwip/lwip-1.4.0/src/netif/etharp.o
                0x000078b0                etharp_tmr
 .text.etharp_request
                0x000078f4       0xa4 lwip/lwip-1.4.0/src/netif/etharp.o
                0x000078f4                etharp_request
 .text.etharp_output_to_arp_index
                0x00007998       0x58 lwip/lwip-1.4.0/src/netif/etharp.o
 .text.etharp_query
                0x000079f0      0x11c lwip/lwip-1.4.0/src/netif/etharp.o
                0x000079f0                etharp_query
 .text.etharp_output
                0x00007b0c      0x100 lwip/lwip-1.4.0/src/netif/etharp.o
                0x00007b0c                etharp_output
 .text.ethernet_input
                0x00007c0c      0x1d8 lwip/lwip-1.4.0/src/netif/etharp.o
                0x00007c0c                ethernet_input
 .text.SteeringPIDSource
                0x00007de4       0x2c main.o
                0x00007de4                SteeringPIDSource
 .text.SpeedPIDSource
                0x00007e10       0x2c main.o
                0x00007e10                SpeedPIDSource
 .text.SteeringPIDOutput
                0x00007e3c       0x20 main.o
                0x00007e3c                SteeringPIDOutput
 .text.SpeedPIDOutput
                0x00007e5c       0x20 main.o
                0x00007e5c                SpeedPIDOutput
 .text.GetPIDTime
                0x00007e7c        0x8 main.o
                0x00007e7c                GetPIDTime
 .text._gpio_get_level
                0x00007e84       0x34 main.o
 .text.count_encoderA
                0x00007eb8       0x94 main.o
                0x00007eb8                count_encoderA
 .text.count_encoderB
                0x00007f4c       0x9c main.o
                0x00007f4c                count_encoderB
 .text.print_ipaddress
                0x00007fe8       0x5c main.o
                0x00007fe8                print_ipaddress
 .text.TeleOperation
                0x00008044       0x64 main.o
                0x00008044                TeleOperation
 .text.main_task
                0x000080a8       0x74 main.o
                0x000080a8                main_task
 *fill*         0x0000811c        0x4 
 .text.startup.main
                0x00008120      0x194 main.o
                0x00008120                main
 .text.setInputBounds
                0x000082b4       0x10 PID.o
                0x000082b4                setInputBounds
 .text.setOutputBounds
                0x000082c4       0x10 PID.o
                0x000082c4                setOutputBounds
 .text._read    0x000082d4       0x20 stdio_redirect/gcc/read.o
                0x000082d4                _read
 .text._write   0x000082f4       0x24 stdio_redirect/gcc/write.o
                0x000082f4                _write
 .text.stdio_io_init
                0x00008318       0x2c stdio_redirect/stdio_io.o
                0x00008318                stdio_io_init
 .text.stdio_io_read
                0x00008344       0x1c stdio_redirect/stdio_io.o
                0x00008344                stdio_io_read
 .text.stdio_io_write
                0x00008360       0x1c stdio_redirect/stdio_io.o
                0x00008360                stdio_io_write
 .text.stdio_redirect_init
                0x0000837c       0x20 stdio_start.o
                0x0000837c                stdio_redirect_init
 .text.vListInitialise
                0x0000839c       0x16 thirdparty/RTOS/freertos/FreeRTOSV8.2.3/Source/list.o
                0x0000839c                vListInitialise
 .text.vListInitialiseItem
                0x000083b2        0x6 thirdparty/RTOS/freertos/FreeRTOSV8.2.3/Source/list.o
                0x000083b2                vListInitialiseItem
 .text.vListInsertEnd
                0x000083b8       0x18 thirdparty/RTOS/freertos/FreeRTOSV8.2.3/Source/list.o
                0x000083b8                vListInsertEnd
 .text.vListInsert
                0x000083d0       0x2e thirdparty/RTOS/freertos/FreeRTOSV8.2.3/Source/list.o
                0x000083d0                vListInsert
 .text.uxListRemove
                0x000083fe       0x20 thirdparty/RTOS/freertos/FreeRTOSV8.2.3/Source/list.o
                0x000083fe                uxListRemove
 *fill*         0x0000841e        0x2 
 .text.prvTaskExitError
                0x00008420       0x30 thirdparty/RTOS/freertos/FreeRTOSV8.2.3/Source/portable/GCC/ARM_CM4F/port.o
 .text.prvPortStartFirstTask
                0x00008450       0x20 thirdparty/RTOS/freertos/FreeRTOSV8.2.3/Source/portable/GCC/ARM_CM4F/port.o
 .text.vPortEnableVFP
                0x00008470       0x14 thirdparty/RTOS/freertos/FreeRTOSV8.2.3/Source/portable/GCC/ARM_CM4F/port.o
 .text.pxPortInitialiseStack
                0x00008484       0x24 thirdparty/RTOS/freertos/FreeRTOSV8.2.3/Source/portable/GCC/ARM_CM4F/port.o
                0x00008484                pxPortInitialiseStack
 .text.SVCall_Handler
                0x000084a8       0x20 thirdparty/RTOS/freertos/FreeRTOSV8.2.3/Source/portable/GCC/ARM_CM4F/port.o
                0x000084a8                SVCall_Handler
 .text.vPortEnterCritical
                0x000084c8       0x44 thirdparty/RTOS/freertos/FreeRTOSV8.2.3/Source/portable/GCC/ARM_CM4F/port.o
                0x000084c8                vPortEnterCritical
 .text.vPortExitCritical
                0x0000850c       0x28 thirdparty/RTOS/freertos/FreeRTOSV8.2.3/Source/portable/GCC/ARM_CM4F/port.o
                0x0000850c                vPortExitCritical
 .text.PendSV_Handler
                0x00008534       0x60 thirdparty/RTOS/freertos/FreeRTOSV8.2.3/Source/portable/GCC/ARM_CM4F/port.o
                0x00008534                PendSV_Handler
 .text.SysTick_Handler
                0x00008594       0x34 thirdparty/RTOS/freertos/FreeRTOSV8.2.3/Source/portable/GCC/ARM_CM4F/port.o
                0x00008594                SysTick_Handler
 .text.vPortSetupTimerInterrupt
                0x000085c8       0x14 thirdparty/RTOS/freertos/FreeRTOSV8.2.3/Source/portable/GCC/ARM_CM4F/port.o
                0x000085c8                vPortSetupTimerInterrupt
 .text.xPortStartScheduler
                0x000085dc       0xf4 thirdparty/RTOS/freertos/FreeRTOSV8.2.3/Source/portable/GCC/ARM_CM4F/port.o
                0x000085dc                xPortStartScheduler
 .text.vPortValidateInterruptPriority
                0x000086d0       0x54 thirdparty/RTOS/freertos/FreeRTOSV8.2.3/Source/portable/GCC/ARM_CM4F/port.o
                0x000086d0                vPortValidateInterruptPriority
 .text.pvPortMalloc
                0x00008724       0xc0 thirdparty/RTOS/freertos/FreeRTOSV8.2.3/Source/portable/MemMang/heap_2.o
                0x00008724                pvPortMalloc
 .text.vPortFree
                0x000087e4       0x48 thirdparty/RTOS/freertos/FreeRTOSV8.2.3/Source/portable/MemMang/heap_2.o
                0x000087e4                vPortFree
 .text.unlikely.prvCopyDataToQueue
                0x0000882c       0x74 thirdparty/RTOS/freertos/FreeRTOSV8.2.3/Source/queue.o
 .text.unlikely.prvCopyDataFromQueue
                0x000088a0       0x30 thirdparty/RTOS/freertos/FreeRTOSV8.2.3/Source/queue.o
 .text.unlikely.xQueueGenericCreate.part.2
                0x000088d0       0x12 thirdparty/RTOS/freertos/FreeRTOSV8.2.3/Source/queue.o
 *fill*         0x000088e2        0x2 
 .text.prvNotifyQueueSetContainer
                0x000088e4       0x70 thirdparty/RTOS/freertos/FreeRTOSV8.2.3/Source/queue.o
 .text.prvUnlockQueue
                0x00008954       0x98 thirdparty/RTOS/freertos/FreeRTOSV8.2.3/Source/queue.o
 .text.xQueueGenericReset
                0x000089ec       0x84 thirdparty/RTOS/freertos/FreeRTOSV8.2.3/Source/queue.o
                0x000089ec                xQueueGenericReset
 .text.xQueueGenericCreate
                0x00008a70       0x64 thirdparty/RTOS/freertos/FreeRTOSV8.2.3/Source/queue.o
                0x00008a70                xQueueGenericCreate
 .text.xQueueCreateCountingSemaphore
                0x00008ad4       0x54 thirdparty/RTOS/freertos/FreeRTOSV8.2.3/Source/queue.o
                0x00008ad4                xQueueCreateCountingSemaphore
 .text.xQueueGenericSend
                0x00008b28      0x1a8 thirdparty/RTOS/freertos/FreeRTOSV8.2.3/Source/queue.o
                0x00008b28                xQueueGenericSend
 .text.xQueueGenericSendFromISR
                0x00008cd0       0xe0 thirdparty/RTOS/freertos/FreeRTOSV8.2.3/Source/queue.o
                0x00008cd0                xQueueGenericSendFromISR
 .text.xQueueGiveFromISR
                0x00008db0       0xc4 thirdparty/RTOS/freertos/FreeRTOSV8.2.3/Source/queue.o
                0x00008db0                xQueueGiveFromISR
 .text.xQueueGenericReceive
                0x00008e74      0x1c4 thirdparty/RTOS/freertos/FreeRTOSV8.2.3/Source/queue.o
                0x00008e74                xQueueGenericReceive
 .text.vQueueDelete
                0x00009038       0x1c thirdparty/RTOS/freertos/FreeRTOSV8.2.3/Source/queue.o
                0x00009038                vQueueDelete
 .text.vQueueWaitForMessageRestricted
                0x00009054       0x50 thirdparty/RTOS/freertos/FreeRTOSV8.2.3/Source/queue.o
                0x00009054                vQueueWaitForMessageRestricted
 .text.prvResetNextTaskUnblockTime
                0x000090a4       0x20 thirdparty/RTOS/freertos/FreeRTOSV8.2.3/Source/tasks.o
 .text.prvAddCurrentTaskToDelayedList
                0x000090c4       0x38 thirdparty/RTOS/freertos/FreeRTOSV8.2.3/Source/tasks.o
 .text.xTaskGenericCreate.part.5
                0x000090fc      0x1b0 thirdparty/RTOS/freertos/FreeRTOSV8.2.3/Source/tasks.o
 .text.vTaskSetTimeOutState.part.7
                0x000092ac       0x12 thirdparty/RTOS/freertos/FreeRTOSV8.2.3/Source/tasks.o
 *fill*         0x000092be        0x2 
 .text.xTaskGenericCreate
                0x000092c0       0x44 thirdparty/RTOS/freertos/FreeRTOSV8.2.3/Source/tasks.o
                0x000092c0                xTaskGenericCreate
 .text.vTaskStartScheduler
                0x00009304       0x7c thirdparty/RTOS/freertos/FreeRTOSV8.2.3/Source/tasks.o
                0x00009304                vTaskStartScheduler
 .text.vTaskSuspendAll
                0x00009380       0x14 thirdparty/RTOS/freertos/FreeRTOSV8.2.3/Source/tasks.o
                0x00009380                vTaskSuspendAll
 .text.xTaskGetTickCount
                0x00009394        0xc thirdparty/RTOS/freertos/FreeRTOSV8.2.3/Source/tasks.o
                0x00009394                xTaskGetTickCount
 .text.xTaskIncrementTick
                0x000093a0       0xf4 thirdparty/RTOS/freertos/FreeRTOSV8.2.3/Source/tasks.o
                0x000093a0                xTaskIncrementTick
 .text.xTaskResumeAll
                0x00009494       0xf0 thirdparty/RTOS/freertos/FreeRTOSV8.2.3/Source/tasks.o
                0x00009494                xTaskResumeAll
 .text.vTaskDelay
                0x00009584       0x68 thirdparty/RTOS/freertos/FreeRTOSV8.2.3/Source/tasks.o
                0x00009584                vTaskDelay
 .text.prvIdleTask
                0x000095ec       0x88 thirdparty/RTOS/freertos/FreeRTOSV8.2.3/Source/tasks.o
 .text.vTaskSwitchContext
                0x00009674       0x7c thirdparty/RTOS/freertos/FreeRTOSV8.2.3/Source/tasks.o
                0x00009674                vTaskSwitchContext
 .text.vTaskPlaceOnEventList
                0x000096f0       0x60 thirdparty/RTOS/freertos/FreeRTOSV8.2.3/Source/tasks.o
                0x000096f0                vTaskPlaceOnEventList
 .text.vTaskPlaceOnEventListRestricted
                0x00009750       0x60 thirdparty/RTOS/freertos/FreeRTOSV8.2.3/Source/tasks.o
                0x00009750                vTaskPlaceOnEventListRestricted
 .text.xTaskRemoveFromEventList
                0x000097b0       0x8c thirdparty/RTOS/freertos/FreeRTOSV8.2.3/Source/tasks.o
                0x000097b0                xTaskRemoveFromEventList
 .text.vTaskSetTimeOutState
                0x0000983c       0x20 thirdparty/RTOS/freertos/FreeRTOSV8.2.3/Source/tasks.o
                0x0000983c                vTaskSetTimeOutState
 .text.xTaskCheckForTimeOut
                0x0000985c       0x7c thirdparty/RTOS/freertos/FreeRTOSV8.2.3/Source/tasks.o
                0x0000985c                xTaskCheckForTimeOut
 .text.vTaskMissedYield
                0x000098d8       0x10 thirdparty/RTOS/freertos/FreeRTOSV8.2.3/Source/tasks.o
                0x000098d8                vTaskMissedYield
 .text.xTaskGetSchedulerState
                0x000098e8       0x20 thirdparty/RTOS/freertos/FreeRTOSV8.2.3/Source/tasks.o
                0x000098e8                xTaskGetSchedulerState
 .text.vTaskPriorityInherit
                0x00009908       0x78 thirdparty/RTOS/freertos/FreeRTOSV8.2.3/Source/tasks.o
                0x00009908                vTaskPriorityInherit
 .text.xTaskPriorityDisinherit
                0x00009980       0x8c thirdparty/RTOS/freertos/FreeRTOSV8.2.3/Source/tasks.o
                0x00009980                xTaskPriorityDisinherit
 .text.pvTaskIncrementMutexHeldCount
                0x00009a0c       0x18 thirdparty/RTOS/freertos/FreeRTOSV8.2.3/Source/tasks.o
                0x00009a0c                pvTaskIncrementMutexHeldCount
 .text.prvInsertTimerInActiveList
                0x00009a24       0x3c thirdparty/RTOS/freertos/FreeRTOSV8.2.3/Source/timers.o
 .text.xTimerGenericCommand.part.2
                0x00009a60       0x12 thirdparty/RTOS/freertos/FreeRTOSV8.2.3/Source/timers.o
 *fill*         0x00009a72        0x2 
 .text.prvCheckForValidListAndQueue
                0x00009a74       0x58 thirdparty/RTOS/freertos/FreeRTOSV8.2.3/Source/timers.o
 .text.xTimerCreateTimerTask
                0x00009acc       0x50 thirdparty/RTOS/freertos/FreeRTOSV8.2.3/Source/timers.o
                0x00009acc                xTimerCreateTimerTask
 .text.xTimerGenericCommand
                0x00009b1c       0x5c thirdparty/RTOS/freertos/FreeRTOSV8.2.3/Source/timers.o
                0x00009b1c                xTimerGenericCommand
 .text.prvSwitchTimerLists
                0x00009b78       0x80 thirdparty/RTOS/freertos/FreeRTOSV8.2.3/Source/timers.o
 .text.prvTimerTask
                0x00009bf8      0x1cc thirdparty/RTOS/freertos/FreeRTOSV8.2.3/Source/timers.o
 .text.gmac_task
                0x00009dc4       0x24 webserver_tasks.o
                0x00009dc4                gmac_task
 .text.gmac_handler_cb
                0x00009de8       0x38 webserver_tasks.o
                0x00009de8                gmac_handler_cb
 .text.tcpip_init_done
                0x00009e20       0xfc webserver_tasks.o
                0x00009e20                tcpip_init_done
 .text          0x00009f1c      0x370 c:/program files (x86)/atmel/studio/7.0/toolchain/arm/arm-gnu-toolchain/bin/../lib/gcc/arm-none-eabi/6.3.1/thumb/v7e-m\libgcc.a(_arm_addsubdf3.o)
                0x00009f1c                __aeabi_drsub
                0x00009f24                __aeabi_dsub
                0x00009f24                __subdf3
                0x00009f28                __aeabi_dadd
                0x00009f28                __adddf3
                0x0000a1a0                __floatunsidf
                0x0000a1a0                __aeabi_ui2d
                0x0000a1c0                __floatsidf
                0x0000a1c0                __aeabi_i2d
                0x0000a1e4                __aeabi_f2d
                0x0000a1e4                __extendsfdf2
                0x0000a220                __floatundidf
                0x0000a220                __aeabi_ul2d
                0x0000a230                __floatdidf
                0x0000a230                __aeabi_l2d
 .text          0x0000a28c      0x424 c:/program files (x86)/atmel/studio/7.0/toolchain/arm/arm-gnu-toolchain/bin/../lib/gcc/arm-none-eabi/6.3.1/thumb/v7e-m\libgcc.a(_arm_muldivdf3.o)
                0x0000a28c                __aeabi_dmul
                0x0000a28c                __muldf3
                0x0000a4e0                __divdf3
                0x0000a4e0                __aeabi_ddiv
 .text          0x0000a6b0       0x50 c:/program files (x86)/atmel/studio/7.0/toolchain/arm/arm-gnu-toolchain/bin/../lib/gcc/arm-none-eabi/6.3.1/thumb/v7e-m\libgcc.a(_arm_fixdfsi.o)
                0x0000a6b0                __aeabi_d2iz
                0x0000a6b0                __fixdfsi
 .text          0x0000a700       0x40 c:/program files (x86)/atmel/studio/7.0/toolchain/arm/arm-gnu-toolchain/bin/../lib/gcc/arm-none-eabi/6.3.1/thumb/v7e-m\libgcc.a(_arm_fixunsdfsi.o)
                0x0000a700                __aeabi_d2uiz
                0x0000a700                __fixunsdfsi
 .text          0x0000a740       0xa0 c:/program files (x86)/atmel/studio/7.0/toolchain/arm/arm-gnu-toolchain/bin/../lib/gcc/arm-none-eabi/6.3.1/thumb/v7e-m\libgcc.a(_arm_truncdfsf2.o)
                0x0000a740                __truncdfsf2
                0x0000a740                __aeabi_d2f
 .text.__libc_init_array
                0x0000a7e0       0x48 c:/program files (x86)/atmel/studio/7.0/toolchain/arm/arm-gnu-toolchain/bin/../lib/gcc/arm-none-eabi/6.3.1/../../../../arm-none-eabi/lib/thumb/v7e-m\libc_nano.a(lib_a-init.o)
                0x0000a7e0                __libc_init_array
 .text.malloc   0x0000a828       0x10 c:/program files (x86)/atmel/studio/7.0/toolchain/arm/arm-gnu-toolchain/bin/../lib/gcc/arm-none-eabi/6.3.1/../../../../arm-none-eabi/lib/thumb/v7e-m\libc_nano.a(lib_a-malloc.o)
                0x0000a828                malloc
 .text.memcmp   0x0000a838       0x1e c:/program files (x86)/atmel/studio/7.0/toolchain/arm/arm-gnu-toolchain/bin/../lib/gcc/arm-none-eabi/6.3.1/../../../../arm-none-eabi/lib/thumb/v7e-m\libc_nano.a(lib_a-memcmp.o)
                0x0000a838                memcmp
 .text.memcpy   0x0000a856       0x16 c:/program files (x86)/atmel/studio/7.0/toolchain/arm/arm-gnu-toolchain/bin/../lib/gcc/arm-none-eabi/6.3.1/../../../../arm-none-eabi/lib/thumb/v7e-m\libc_nano.a(lib_a-memcpy-stub.o)
                0x0000a856                memcpy
 .text.memset   0x0000a86c       0x10 c:/program files (x86)/atmel/studio/7.0/toolchain/arm/arm-gnu-toolchain/bin/../lib/gcc/arm-none-eabi/6.3.1/../../../../arm-none-eabi/lib/thumb/v7e-m\libc_nano.a(lib_a-memset.o)
                0x0000a86c                memset
 .text._free_r  0x0000a87c       0x9c c:/program files (x86)/atmel/studio/7.0/toolchain/arm/arm-gnu-toolchain/bin/../lib/gcc/arm-none-eabi/6.3.1/../../../../arm-none-eabi/lib/thumb/v7e-m\libc_nano.a(lib_a-nano-freer.o)
                0x0000a87c                _free_r
 .text._malloc_r
                0x0000a918       0xbc c:/program files (x86)/atmel/studio/7.0/toolchain/arm/arm-gnu-toolchain/bin/../lib/gcc/arm-none-eabi/6.3.1/../../../../arm-none-eabi/lib/thumb/v7e-m\libc_nano.a(lib_a-nano-mallocr.o)
                0x0000a918                _malloc_r
 .text.printf   0x0000a9d4       0x30 c:/program files (x86)/atmel/studio/7.0/toolchain/arm/arm-gnu-toolchain/bin/../lib/gcc/arm-none-eabi/6.3.1/../../../../arm-none-eabi/lib/thumb/v7e-m\libc_nano.a(lib_a-printf.o)
                0x0000a9d4                iprintf
                0x0000a9d4                printf
 .text._puts_r  0x0000aa04       0xb8 c:/program files (x86)/atmel/studio/7.0/toolchain/arm/arm-gnu-toolchain/bin/../lib/gcc/arm-none-eabi/6.3.1/../../../../arm-none-eabi/lib/thumb/v7e-m\libc_nano.a(lib_a-puts.o)
                0x0000aa04                _puts_r
 .text.puts     0x0000aabc       0x10 c:/program files (x86)/atmel/studio/7.0/toolchain/arm/arm-gnu-toolchain/bin/../lib/gcc/arm-none-eabi/6.3.1/../../../../arm-none-eabi/lib/thumb/v7e-m\libc_nano.a(lib_a-puts.o)
                0x0000aabc                puts
 .text._sbrk_r  0x0000aacc       0x20 c:/program files (x86)/atmel/studio/7.0/toolchain/arm/arm-gnu-toolchain/bin/../lib/gcc/arm-none-eabi/6.3.1/../../../../arm-none-eabi/lib/thumb/v7e-m\libc_nano.a(lib_a-sbrkr.o)
                0x0000aacc                _sbrk_r
 .text.setbuf   0x0000aaec       0x10 c:/program files (x86)/atmel/studio/7.0/toolchain/arm/arm-gnu-toolchain/bin/../lib/gcc/arm-none-eabi/6.3.1/../../../../arm-none-eabi/lib/thumb/v7e-m\libc_nano.a(lib_a-setbuf.o)
                0x0000aaec                setbuf
 .text.setvbuf  0x0000aafc      0x15c c:/program files (x86)/atmel/studio/7.0/toolchain/arm/arm-gnu-toolchain/bin/../lib/gcc/arm-none-eabi/6.3.1/../../../../arm-none-eabi/lib/thumb/v7e-m\libc_nano.a(lib_a-setvbuf.o)
                0x0000aafc                setvbuf
 .text.__swbuf_r
                0x0000ac58       0xa4 c:/program files (x86)/atmel/studio/7.0/toolchain/arm/arm-gnu-toolchain/bin/../lib/gcc/arm-none-eabi/6.3.1/../../../../arm-none-eabi/lib/thumb/v7e-m\libc_nano.a(lib_a-wbuf.o)
                0x0000ac58                __swbuf_r
 .text.__swsetup_r
                0x0000acfc       0xdc c:/program files (x86)/atmel/studio/7.0/toolchain/arm/arm-gnu-toolchain/bin/../lib/gcc/arm-none-eabi/6.3.1/../../../../arm-none-eabi/lib/thumb/v7e-m\libc_nano.a(lib_a-wsetup.o)
                0x0000acfc                __swsetup_r
 .text.__sflush_r
                0x0000add8      0x110 c:/program files (x86)/atmel/studio/7.0/toolchain/arm/arm-gnu-toolchain/bin/../lib/gcc/arm-none-eabi/6.3.1/../../../../arm-none-eabi/lib/thumb/v7e-m\libc_nano.a(lib_a-fflush.o)
                0x0000add8                __sflush_r
 .text._fflush_r
                0x0000aee8       0x54 c:/program files (x86)/atmel/studio/7.0/toolchain/arm/arm-gnu-toolchain/bin/../lib/gcc/arm-none-eabi/6.3.1/../../../../arm-none-eabi/lib/thumb/v7e-m\libc_nano.a(lib_a-fflush.o)
                0x0000aee8                _fflush_r
 .text._cleanup_r
                0x0000af3c        0xc c:/program files (x86)/atmel/studio/7.0/toolchain/arm/arm-gnu-toolchain/bin/../lib/gcc/arm-none-eabi/6.3.1/../../../../arm-none-eabi/lib/thumb/v7e-m\libc_nano.a(lib_a-findfp.o)
                0x0000af3c                _cleanup_r
 .text.std.isra.0
                0x0000af48       0x48 c:/program files (x86)/atmel/studio/7.0/toolchain/arm/arm-gnu-toolchain/bin/../lib/gcc/arm-none-eabi/6.3.1/../../../../arm-none-eabi/lib/thumb/v7e-m\libc_nano.a(lib_a-findfp.o)
 .text.__sfmoreglue
                0x0000af90       0x2c c:/program files (x86)/atmel/studio/7.0/toolchain/arm/arm-gnu-toolchain/bin/../lib/gcc/arm-none-eabi/6.3.1/../../../../arm-none-eabi/lib/thumb/v7e-m\libc_nano.a(lib_a-findfp.o)
                0x0000af90                __sfmoreglue
 .text.__sinit  0x0000afbc       0x60 c:/program files (x86)/atmel/studio/7.0/toolchain/arm/arm-gnu-toolchain/bin/../lib/gcc/arm-none-eabi/6.3.1/../../../../arm-none-eabi/lib/thumb/v7e-m\libc_nano.a(lib_a-findfp.o)
                0x0000afbc                __sinit
 .text.__sfp    0x0000b01c       0x78 c:/program files (x86)/atmel/studio/7.0/toolchain/arm/arm-gnu-toolchain/bin/../lib/gcc/arm-none-eabi/6.3.1/../../../../arm-none-eabi/lib/thumb/v7e-m\libc_nano.a(lib_a-findfp.o)
                0x0000b01c                __sfp
 .text._fwalk_reent
                0x0000b094       0x3c c:/program files (x86)/atmel/studio/7.0/toolchain/arm/arm-gnu-toolchain/bin/../lib/gcc/arm-none-eabi/6.3.1/../../../../arm-none-eabi/lib/thumb/v7e-m\libc_nano.a(lib_a-fwalk.o)
                0x0000b094                _fwalk_reent
 .text.__swhatbuf_r
                0x0000b0d0       0x48 c:/program files (x86)/atmel/studio/7.0/toolchain/arm/arm-gnu-toolchain/bin/../lib/gcc/arm-none-eabi/6.3.1/../../../../arm-none-eabi/lib/thumb/v7e-m\libc_nano.a(lib_a-makebuf.o)
                0x0000b0d0                __swhatbuf_r
 .text.__smakebuf_r
                0x0000b118       0x80 c:/program files (x86)/atmel/studio/7.0/toolchain/arm/arm-gnu-toolchain/bin/../lib/gcc/arm-none-eabi/6.3.1/../../../../arm-none-eabi/lib/thumb/v7e-m\libc_nano.a(lib_a-makebuf.o)
                0x0000b118                __smakebuf_r
 .text.__malloc_lock
                0x0000b198        0x2 c:/program files (x86)/atmel/studio/7.0/toolchain/arm/arm-gnu-toolchain/bin/../lib/gcc/arm-none-eabi/6.3.1/../../../../arm-none-eabi/lib/thumb/v7e-m\libc_nano.a(lib_a-mlock.o)
                0x0000b198                __malloc_lock
 .text.__malloc_unlock
                0x0000b19a        0x2 c:/program files (x86)/atmel/studio/7.0/toolchain/arm/arm-gnu-toolchain/bin/../lib/gcc/arm-none-eabi/6.3.1/../../../../arm-none-eabi/lib/thumb/v7e-m\libc_nano.a(lib_a-mlock.o)
                0x0000b19a                __malloc_unlock
 .text.__sfputc_r
                0x0000b19c       0x2c c:/program files (x86)/atmel/studio/7.0/toolchain/arm/arm-gnu-toolchain/bin/../lib/gcc/arm-none-eabi/6.3.1/../../../../arm-none-eabi/lib/thumb/v7e-m\libc_nano.a(lib_a-nano-vfprintf.o)
 .text.__sfputs_r
                0x0000b1c8       0x24 c:/program files (x86)/atmel/studio/7.0/toolchain/arm/arm-gnu-toolchain/bin/../lib/gcc/arm-none-eabi/6.3.1/../../../../arm-none-eabi/lib/thumb/v7e-m\libc_nano.a(lib_a-nano-vfprintf.o)
                0x0000b1c8                __sfputs_r
 .text._vfprintf_r
                0x0000b1ec      0x22c c:/program files (x86)/atmel/studio/7.0/toolchain/arm/arm-gnu-toolchain/bin/../lib/gcc/arm-none-eabi/6.3.1/../../../../arm-none-eabi/lib/thumb/v7e-m\libc_nano.a(lib_a-nano-vfprintf.o)
                0x0000b1ec                _vfprintf_r
                0x0000b1ec                _vfiprintf_r
 .text._printf_common
                0x0000b418       0xec c:/program files (x86)/atmel/studio/7.0/toolchain/arm/arm-gnu-toolchain/bin/../lib/gcc/arm-none-eabi/6.3.1/../../../../arm-none-eabi/lib/thumb/v7e-m\libc_nano.a(lib_a-nano-vfprintf_i.o)
                0x0000b418                _printf_common
 .text._printf_i
                0x0000b504      0x240 c:/program files (x86)/atmel/studio/7.0/toolchain/arm/arm-gnu-toolchain/bin/../lib/gcc/arm-none-eabi/6.3.1/../../../../arm-none-eabi/lib/thumb/v7e-m\libc_nano.a(lib_a-nano-vfprintf_i.o)
                0x0000b504                _printf_i
 .text.__sread  0x0000b744       0x22 c:/program files (x86)/atmel/studio/7.0/toolchain/arm/arm-gnu-toolchain/bin/../lib/gcc/arm-none-eabi/6.3.1/../../../../arm-none-eabi/lib/thumb/v7e-m\libc_nano.a(lib_a-stdio.o)
                0x0000b744                __sread
 .text.__swrite
                0x0000b766       0x38 c:/program files (x86)/atmel/studio/7.0/toolchain/arm/arm-gnu-toolchain/bin/../lib/gcc/arm-none-eabi/6.3.1/../../../../arm-none-eabi/lib/thumb/v7e-m\libc_nano.a(lib_a-stdio.o)
                0x0000b766                __swrite
 .text.__sseek  0x0000b79e       0x24 c:/program files (x86)/atmel/studio/7.0/toolchain/arm/arm-gnu-toolchain/bin/../lib/gcc/arm-none-eabi/6.3.1/../../../../arm-none-eabi/lib/thumb/v7e-m\libc_nano.a(lib_a-stdio.o)
                0x0000b79e                __sseek
 .text.__sclose
                0x0000b7c2        0x8 c:/program files (x86)/atmel/studio/7.0/toolchain/arm/arm-gnu-toolchain/bin/../lib/gcc/arm-none-eabi/6.3.1/../../../../arm-none-eabi/lib/thumb/v7e-m\libc_nano.a(lib_a-stdio.o)
                0x0000b7c2                __sclose
 *fill*         0x0000b7ca        0x2 
 .text._write_r
                0x0000b7cc       0x24 c:/program files (x86)/atmel/studio/7.0/toolchain/arm/arm-gnu-toolchain/bin/../lib/gcc/arm-none-eabi/6.3.1/../../../../arm-none-eabi/lib/thumb/v7e-m\libc_nano.a(lib_a-writer.o)
                0x0000b7cc                _write_r
 .text._close_r
                0x0000b7f0       0x20 c:/program files (x86)/atmel/studio/7.0/toolchain/arm/arm-gnu-toolchain/bin/../lib/gcc/arm-none-eabi/6.3.1/../../../../arm-none-eabi/lib/thumb/v7e-m\libc_nano.a(lib_a-closer.o)
                0x0000b7f0                _close_r
 .text._fstat_r
                0x0000b810       0x24 c:/program files (x86)/atmel/studio/7.0/toolchain/arm/arm-gnu-toolchain/bin/../lib/gcc/arm-none-eabi/6.3.1/../../../../arm-none-eabi/lib/thumb/v7e-m\libc_nano.a(lib_a-fstatr.o)
                0x0000b810                _fstat_r
 .text._isatty_r
                0x0000b834       0x20 c:/program files (x86)/atmel/studio/7.0/toolchain/arm/arm-gnu-toolchain/bin/../lib/gcc/arm-none-eabi/6.3.1/../../../../arm-none-eabi/lib/thumb/v7e-m\libc_nano.a(lib_a-isattyr.o)
                0x0000b834                _isatty_r
 .text._lseek_r
                0x0000b854       0x24 c:/program files (x86)/atmel/studio/7.0/toolchain/arm/arm-gnu-toolchain/bin/../lib/gcc/arm-none-eabi/6.3.1/../../../../arm-none-eabi/lib/thumb/v7e-m\libc_nano.a(lib_a-lseekr.o)
                0x0000b854                _lseek_r
 *fill*         0x0000b878        0x8 
 .text          0x0000b880       0xa0 c:/program files (x86)/atmel/studio/7.0/toolchain/arm/arm-gnu-toolchain/bin/../lib/gcc/arm-none-eabi/6.3.1/../../../../arm-none-eabi/lib/thumb/v7e-m\libc_nano.a(lib_a-memchr.o)
                0x0000b880                memchr
 .text._read_r  0x0000b920       0x24 c:/program files (x86)/atmel/studio/7.0/toolchain/arm/arm-gnu-toolchain/bin/../lib/gcc/arm-none-eabi/6.3.1/../../../../arm-none-eabi/lib/thumb/v7e-m\libc_nano.a(lib_a-readr.o)
                0x0000b920                _read_r
 *(.glue_7t)
 .glue_7t       0x0000b944        0x0 linker stubs
 *(.glue_7)
 .glue_7        0x0000b944        0x0 linker stubs
 *(.rodata .rodata* .gnu.linkonce.r.*)
 .rodata.str1.1
                0x0000b944        0x4 DriveByWireIO.o
 .rodata.str1.1
                0x0000b948       0x28 eth_ipstack_main.o
 .rodata        0x0000b970       0x10 hpl/eic/hpl_eic.o
 .rodata        0x0000b980       0x20 hpl/tc/hpl_tc.o
 .rodata        0x0000b9a0       0x40 lwip/lwip-1.4.0/src/api/sockets.o
 .rodata.str1.1
                0x0000b9e0        0xd lwip/lwip-1.4.0/src/api/tcpip.o
 *fill*         0x0000b9ed        0x1 
 .rodata        0x0000b9ee       0x34 lwip/lwip-1.4.0/src/core/memp.o
 *fill*         0x0000ba22        0x2 
 .rodata        0x0000ba24       0x50 lwip/lwip-1.4.0/src/core/tcp.o
                0x0000ba24                tcp_pcb_lists
                0x0000ba34                tcp_persist_backoff
                0x0000ba3b                tcp_backoff
                0x0000ba48                tcp_state_str
 .rodata.str1.1
                0x0000ba74       0x68 lwip/lwip-1.4.0/src/core/tcp.o
 .rodata        0x0000badc        0xc lwip/lwip-1.4.0/src/netif/etharp.o
                0x0000badc                ethzero
                0x0000bae2                ethbroadcast
 .rodata.str1.1
                0x0000bae8       0xb9 main.o
 .rodata.str1.1
                0x0000bba1       0x14 thirdparty/RTOS/freertos/FreeRTOSV8.2.3/Source/tasks.o
 .rodata.str1.1
                0x0000bbb5        0x8 thirdparty/RTOS/freertos/FreeRTOSV8.2.3/Source/timers.o
 .rodata        0x0000bbbd        0x6 webserver_tasks.o
 .rodata.str1.1
                0x0000bbc3       0x1f webserver_tasks.o
 *fill*         0x0000bbe2        0x2 
 .rodata._global_impure_ptr
                0x0000bbe4        0x4 c:/program files (x86)/atmel/studio/7.0/toolchain/arm/arm-gnu-toolchain/bin/../lib/gcc/arm-none-eabi/6.3.1/../../../../arm-none-eabi/lib/thumb/v7e-m\libc_nano.a(lib_a-impure.o)
                0x0000bbe4                _global_impure_ptr
 .rodata.__sf_fake_stderr
                0x0000bbe8       0x20 c:/program files (x86)/atmel/studio/7.0/toolchain/arm/arm-gnu-toolchain/bin/../lib/gcc/arm-none-eabi/6.3.1/../../../../arm-none-eabi/lib/thumb/v7e-m\libc_nano.a(lib_a-findfp.o)
                0x0000bbe8                __sf_fake_stderr
 .rodata.__sf_fake_stdin
                0x0000bc08       0x20 c:/program files (x86)/atmel/studio/7.0/toolchain/arm/arm-gnu-toolchain/bin/../lib/gcc/arm-none-eabi/6.3.1/../../../../arm-none-eabi/lib/thumb/v7e-m\libc_nano.a(lib_a-findfp.o)
                0x0000bc08                __sf_fake_stdin
 .rodata.__sf_fake_stdout
                0x0000bc28       0x20 c:/program files (x86)/atmel/studio/7.0/toolchain/arm/arm-gnu-toolchain/bin/../lib/gcc/arm-none-eabi/6.3.1/../../../../arm-none-eabi/lib/thumb/v7e-m\libc_nano.a(lib_a-findfp.o)
                0x0000bc28                __sf_fake_stdout
 .rodata._vfprintf_r.str1.1
                0x0000bc48       0x11 c:/program files (x86)/atmel/studio/7.0/toolchain/arm/arm-gnu-toolchain/bin/../lib/gcc/arm-none-eabi/6.3.1/../../../../arm-none-eabi/lib/thumb/v7e-m\libc_nano.a(lib_a-nano-vfprintf.o)
 .rodata._printf_i.str1.1
                0x0000bc59       0x22 c:/program files (x86)/atmel/studio/7.0/toolchain/arm/arm-gnu-toolchain/bin/../lib/gcc/arm-none-eabi/6.3.1/../../../../arm-none-eabi/lib/thumb/v7e-m\libc_nano.a(lib_a-nano-vfprintf_i.o)
 *(.ARM.extab* .gnu.linkonce.armextab.*)
                0x0000bc7c                . = ALIGN (0x4)
 *fill*         0x0000bc7b        0x1 
 *(.init)
 .init          0x0000bc7c        0x4 c:/program files (x86)/atmel/studio/7.0/toolchain/arm/arm-gnu-toolchain/bin/../lib/gcc/arm-none-eabi/6.3.1/thumb/v7e-m/crti.o
                0x0000bc7c                _init
 .init          0x0000bc80        0x8 c:/program files (x86)/atmel/studio/7.0/toolchain/arm/arm-gnu-toolchain/bin/../lib/gcc/arm-none-eabi/6.3.1/thumb/v7e-m/crtn.o
                0x0000bc88                . = ALIGN (0x4)
                0x0000bc88                __preinit_array_start = .
 *(.preinit_array)
                0x0000bc88                __preinit_array_end = .
                0x0000bc88                . = ALIGN (0x4)
                0x0000bc88                __init_array_start = .
 *(SORT(.init_array.*))
 *(.init_array)
 .init_array    0x0000bc88        0x4 c:/program files (x86)/atmel/studio/7.0/toolchain/arm/arm-gnu-toolchain/bin/../lib/gcc/arm-none-eabi/6.3.1/thumb/v7e-m/crtbegin.o
                0x0000bc8c                __init_array_end = .
                0x0000bc8c                . = ALIGN (0x4)
 *crtbegin.o(.ctors)
 *(EXCLUDE_FILE(*crtend.o) .ctors)
 *(SORT(.ctors.*))
 *crtend.o(.ctors)
                0x0000bc8c                . = ALIGN (0x4)
 *(.fini)
 .fini          0x0000bc8c        0x4 c:/program files (x86)/atmel/studio/7.0/toolchain/arm/arm-gnu-toolchain/bin/../lib/gcc/arm-none-eabi/6.3.1/thumb/v7e-m/crti.o
                0x0000bc8c                _fini
 .fini          0x0000bc90        0x8 c:/program files (x86)/atmel/studio/7.0/toolchain/arm/arm-gnu-toolchain/bin/../lib/gcc/arm-none-eabi/6.3.1/thumb/v7e-m/crtn.o
                0x0000bc98                . = ALIGN (0x4)
                0x0000bc98                __fini_array_start = .
 *(.fini_array)
 .fini_array    0x0000bc98        0x4 c:/program files (x86)/atmel/studio/7.0/toolchain/arm/arm-gnu-toolchain/bin/../lib/gcc/arm-none-eabi/6.3.1/thumb/v7e-m/crtbegin.o
 *(SORT(.fini_array.*))
                0x0000bc9c                __fini_array_end = .
 *crtbegin.o(.dtors)
 *(EXCLUDE_FILE(*crtend.o) .dtors)
 *(SORT(.dtors.*))
 *crtend.o(.dtors)
                0x0000bc9c                . = ALIGN (0x4)
                0x0000bc9c                _efixed = .
                [!provide]                PROVIDE (__exidx_start, .)

.vfp11_veneer   0x0000bc9c        0x0
 .vfp11_veneer  0x0000bc9c        0x0 linker stubs

.v4_bx          0x0000bc9c        0x0
 .v4_bx         0x0000bc9c        0x0 linker stubs

.iplt           0x0000bc9c        0x0
 .iplt          0x0000bc9c        0x0 c:/program files (x86)/atmel/studio/7.0/toolchain/arm/arm-gnu-toolchain/bin/../lib/gcc/arm-none-eabi/6.3.1/thumb/v7e-m/crtbegin.o

.eh_frame       0x0000bc9c        0x0
 .eh_frame      0x0000bc9c        0x0 c:/program files (x86)/atmel/studio/7.0/toolchain/arm/arm-gnu-toolchain/bin/../lib/gcc/arm-none-eabi/6.3.1/thumb/v7e-m/crtbegin.o

.rel.dyn        0x0000bc9c        0x0
 .rel.iplt      0x0000bc9c        0x0 c:/program files (x86)/atmel/studio/7.0/toolchain/arm/arm-gnu-toolchain/bin/../lib/gcc/arm-none-eabi/6.3.1/thumb/v7e-m/crtbegin.o

.jcr            0x0000bc9c        0x0
 .jcr           0x0000bc9c        0x0 c:/program files (x86)/atmel/studio/7.0/toolchain/arm/arm-gnu-toolchain/bin/../lib/gcc/arm-none-eabi/6.3.1/thumb/v7e-m/crtbegin.o

.igot.plt       0x0000bc9c        0x0
 .igot.plt      0x0000bc9c        0x0 c:/program files (x86)/atmel/studio/7.0/toolchain/arm/arm-gnu-toolchain/bin/../lib/gcc/arm-none-eabi/6.3.1/thumb/v7e-m/crtbegin.o

.ARM.exidx
 *(.ARM.exidx* .gnu.linkonce.armexidx.*)
                [!provide]                PROVIDE (__exidx_end, .)
                0x0000bc9c                . = ALIGN (0x4)
                0x0000bc9c                _etext = .

.relocate       0x20000000       0xb4 load address 0x0000bc9c
                0x20000000                . = ALIGN (0x4)
                0x20000000                _srelocate = .
 *(.ramfunc .ramfunc.*)
 *(.data .data.*)
 .data          0x20000000       0x3c hpl/tc/hpl_tc.o
 .data          0x2000003c        0x8 lwip/lwip-1.4.0/src/core/tcp.o
 .data          0x20000044        0x2 lwip/lwip-1.4.0/src/core/udp.o
 *fill*         0x20000046        0x2 
 .data          0x20000048        0x4 thirdparty/RTOS/freertos/FreeRTOSV8.2.3/Source/portable/GCC/ARM_CM4F/port.o
 .data          0x2000004c        0x4 thirdparty/RTOS/freertos/FreeRTOSV8.2.3/Source/portable/MemMang/heap_2.o
 .data._impure_ptr
                0x20000050        0x4 c:/program files (x86)/atmel/studio/7.0/toolchain/arm/arm-gnu-toolchain/bin/../lib/gcc/arm-none-eabi/6.3.1/../../../../arm-none-eabi/lib/thumb/v7e-m\libc_nano.a(lib_a-impure.o)
                0x20000050                _impure_ptr
 .data.impure_data
                0x20000054       0x60 c:/program files (x86)/atmel/studio/7.0/toolchain/arm/arm-gnu-toolchain/bin/../lib/gcc/arm-none-eabi/6.3.1/../../../../arm-none-eabi/lib/thumb/v7e-m\libc_nano.a(lib_a-impure.o)
                0x200000b4                . = ALIGN (0x4)
                0x200000b4                _erelocate = .

.bkupram        0x47000000        0x0
                0x47000000                . = ALIGN (0x8)
                0x47000000                _sbkupram = .
 *(.bkupram .bkupram.*)
                0x47000000                . = ALIGN (0x8)
                0x47000000                _ebkupram = .

.qspi           0x04000000        0x0
                0x04000000                . = ALIGN (0x8)
                0x04000000                _sqspi = .
 *(.qspi .qspi.*)
                0x04000000                . = ALIGN (0x8)
                0x04000000                _eqspi = .

.bss            0x200000c0    0x16140 load address 0x0000bd60
                0x200000c0                . = ALIGN (0x4)
                0x200000c0                _sbss = .
                0x200000c0                _szero = .
 *(.bss .bss.*)
 .bss           0x200000c0       0x1c c:/program files (x86)/atmel/studio/7.0/toolchain/arm/arm-gnu-toolchain/bin/../lib/gcc/arm-none-eabi/6.3.1/thumb/v7e-m/crtbegin.o
 .bss           0x200000dc        0x4 EthernetIO.o
 .bss           0x200000e0        0x6 eth_ipstack_main.o
 *fill*         0x200000e6        0x2 